Component: ARM Compiler 5.06 update 5 (build 528) Tool: armlink [4d35e2]

==============================================================================

Section Cross References

    system_stm32f10x.o(i.SetSysClock) refers to system_stm32f10x.o(i.SetSysClockTo72) for SetSysClockTo72
    system_stm32f10x.o(i.SystemCoreClockUpdate) refers to system_stm32f10x.o(.data) for SystemCoreClock
    system_stm32f10x.o(i.SystemInit) refers to system_stm32f10x.o(i.SetSysClock) for SetSysClock
    main.o(i.Display_Update) refers to ds1302.o(i.DS1302_read_realTime) for DS1302_read_realTime
    main.o(i.Display_Update) refers to ds18b20.o(i.DS18B20_Get_Temp) for DS18B20_Get_Temp
    main.o(i.Display_Update) refers to lcd.o(i.LCD_ShowChinese) for LCD_ShowChinese
    main.o(i.Display_Update) refers to printfa.o(i.__0sprintf) for __2sprintf
    main.o(i.Display_Update) refers to lcd.o(i.LCD_ShowString) for LCD_ShowString
    main.o(i.Display_Update) refers to main.o(.data) for temperature
    main.o(i.Display_Update) refers to ds1302.o(.data) for TimeData
    main.o(i.Display_Update) refers to main.o(.bss) for st
    main.o(i.Display_Update) refers to ds1302.o(i.DS1302_RAM) for DS1302_RAM
    main.o(i.Display_Update) refers to fflti.o(.text) for __aeabi_i2f
    main.o(i.Display_Update) refers to fdiv.o(.text) for __aeabi_fdiv
    main.o(i.Display_Update) refers to f2d.o(.text) for __aeabi_f2d
    main.o(i.Hardware_Init) refers to system_stm32f10x.o(i.SystemInit) for SystemInit
    main.o(i.Hardware_Init) refers to delay.o(i.delay_init) for delay_init
    main.o(i.Hardware_Init) refers to misc.o(i.NVIC_PriorityGroupConfig) for NVIC_PriorityGroupConfig
    main.o(i.Hardware_Init) refers to led.o(i.LED_Init) for LED_Init
    main.o(i.Hardware_Init) refers to lcd.o(i.LCD_Init) for LCD_Init
    main.o(i.Hardware_Init) refers to servo.o(i.Servo_Init) for Servo_Init
    main.o(i.Hardware_Init) refers to max30102.o(i.MAX30102_Init) for MAX30102_Init
    main.o(i.Hardware_Init) refers to usart.o(i.Usart3_Init) for Usart3_Init
    main.o(i.Hardware_Init) refers to ds1302.o(i.DS1302_GPIO_Init) for DS1302_GPIO_Init
    main.o(i.Hardware_Init) refers to key.o(i.Key_Init) for Key_Init
    main.o(i.Hardware_Init) refers to ds18b20.o(i.DS18B20_Init) for DS18B20_Init
    main.o(i.Hardware_Init) refers to printfa.o(i.__0printf) for __2printf
    main.o(i.Hardware_Init) refers to lcd.o(i.LCD_Fill) for LCD_Fill
    main.o(i.Hardware_Init) refers to system_stm32f10x.o(.data) for SystemCoreClock
    main.o(i.Hardware_Init) refers to main.o(.data) for un_min
    main.o(i.main) refers to main.o(i.Hardware_Init) for Hardware_Init
    main.o(i.main) refers to max30102.o(i.Max_Date) for Max_Date
    main.o(i.main) refers to main.o(i.Display_Update) for Display_Update
    main.o(i.main) refers to max30102.o(i.Max_Update) for Max_Update
    main.o(i.main) refers to key.o(i.Key_GetNum) for Key_GetNum
    main.o(i.main) refers to ds1302.o(i.DS1302_wirte_rig) for DS1302_wirte_rig
    main.o(i.main) refers to led.o(i.LED_On) for LED_On
    main.o(i.main) refers to lcd.o(i.LCD_ShowChinese) for LCD_ShowChinese
    main.o(i.main) refers to servo.o(i.Servo_SetAngle) for Servo_SetAngle
    main.o(i.main) refers to printfa.o(i.__0printf) for __2printf
    main.o(i.main) refers to led.o(i.LED_Off) for LED_Off
    main.o(i.main) refers to key.o(i.Key_Num) for Key_Num
    main.o(i.main) refers to main.o(.data) for KeyNum
    main.o(i.main) refers to ds1302.o(.data) for TimeRAM
    led.o(i.LED_Init) refers to stm32f10x_rcc.o(i.RCC_APB2PeriphClockCmd) for RCC_APB2PeriphClockCmd
    led.o(i.LED_Init) refers to stm32f10x_gpio.o(i.GPIO_Init) for GPIO_Init
    led.o(i.LED_Init) refers to stm32f10x_gpio.o(i.GPIO_SetBits) for GPIO_SetBits
    led.o(i.LED_Off) refers to stm32f10x_gpio.o(i.GPIO_SetBits) for GPIO_SetBits
    led.o(i.LED_On) refers to stm32f10x_gpio.o(i.GPIO_ResetBits) for GPIO_ResetBits
    led.o(i.LED_Toggle) refers to stm32f10x_gpio.o(i.GPIO_ReadOutputDataBit) for GPIO_ReadOutputDataBit
    led.o(i.LED_Toggle) refers to stm32f10x_gpio.o(i.GPIO_WriteBit) for GPIO_WriteBit
    led.o(i.LED_Twinkle) refers to led.o(i.LED_On) for LED_On
    led.o(i.LED_Twinkle) refers to delay.o(i.delay_ms) for delay_ms
    led.o(i.LED_Twinkle) refers to led.o(i.LED_Off) for LED_Off
    lcd.o(i.Draw_Circle) refers to lcd.o(i.LCD_DrawPoint) for LCD_DrawPoint
    lcd.o(i.LCD_Address_Set) refers to lcd.o(i.LCD_WR_REG) for LCD_WR_REG
    lcd.o(i.LCD_Address_Set) refers to lcd.o(i.LCD_WR_DATA) for LCD_WR_DATA
    lcd.o(i.LCD_DrawLine) refers to lcd.o(i.LCD_DrawPoint) for LCD_DrawPoint
    lcd.o(i.LCD_DrawPoint) refers to lcd.o(i.LCD_Address_Set) for LCD_Address_Set
    lcd.o(i.LCD_DrawPoint) refers to lcd.o(i.LCD_WR_DATA) for LCD_WR_DATA
    lcd.o(i.LCD_DrawRectangle) refers to lcd.o(i.LCD_DrawLine) for LCD_DrawLine
    lcd.o(i.LCD_Fill) refers to lcd.o(i.LCD_Address_Set) for LCD_Address_Set
    lcd.o(i.LCD_Fill) refers to lcd.o(i.LCD_WR_DATA) for LCD_WR_DATA
[...]
    Removing lcd.o(i.LCD_ShowFloatNum1), (164 bytes).
    Removing lcd.o(i.LCD_ShowIntNum), (150 bytes).
    Removing lcd.o(i.LCD_ShowPicture), (102 bytes).
    Removing lcd.o(i.mypow), (22 bytes).
    Removing ds1302.o(i.DS1302_Init), (76 bytes).
    Removing key.o(.data), (4 bytes).
    Removing max30102.o(i.MAX30102_IIC_ReadBytes), (94 bytes).
    Removing max30102.o(i.MAX30102_IIC_Read_One_Byte), (62 bytes).
    Removing max30102.o(i.MAX30102_IIC_WriteBytes), (60 bytes).
    Removing max30102.o(i.MAX30102_IIC_Write_One_Byte), (54 bytes).
    Removing max30102.o(i.max30102_FIFO_ReadWords), (168 bytes).
    Removing max30102.o(i.maxim_max30102_read_fifo), (124 bytes).
    Removing max30102.o(i.maxim_max30102_read_reg), (18 bytes).
    Removing max30102.o(i.maxim_max30102_write_reg), (18 bytes).
    Removing usart.o(i.UART3SendByte), (32 bytes).
    Removing usart.o(i.Usart1_Init), (176 bytes).
    Removing usart.o(i.UsartPrintf), (72 bytes).
    Removing usart.o(i.Usart_SendString), (50 bytes).
    Removing sys.o(.emb_text), (6 bytes).
    Removing sys.o(i.INTX_DISABLE), (4 bytes).
    Removing sys.o(i.INTX_ENABLE), (4 bytes).
    Removing sys.o(i.WFI_SET), (4 bytes).
    Removing core_cm3.o(.emb_text), (32 bytes).
    Removing startup_stm32f10x_md.o(HEAP), (0 bytes).
    Removing misc.o(i.NVIC_Init), (112 bytes).
    Removing misc.o(i.NVIC_SetVectorTable), (20 bytes).
    Removing misc.o(i.NVIC_SystemLPConfig), (32 bytes).
    Removing stm32f10x_usart.o(i.USART_ClearITPendingBit), (30 bytes).
    Removing stm32f10x_usart.o(i.USART_ClockInit), (34 bytes).
    Removing stm32f10x_usart.o(i.USART_ClockStructInit), (12 bytes).
    Removing stm32f10x_usart.o(i.USART_DMACmd), (18 bytes).
    Removing stm32f10x_usart.o(i.USART_DeInit), (156 bytes).
    Removing stm32f10x_usart.o(i.USART_GetFlagStatus), (26 bytes).
    Removing stm32f10x_usart.o(i.USART_HalfDuplexCmd), (24 bytes).
    Removing stm32f10x_usart.o(i.USART_ITConfig), (74 bytes).
    Removing stm32f10x_usart.o(i.USART_IrDACmd), (24 bytes).
    Removing stm32f10x_usart.o(i.USART_IrDAConfig), (18 bytes).
    Removing stm32f10x_usart.o(i.USART_LINBreakDetectLengthConfig), (18 bytes).
    Removing stm32f10x_usart.o(i.USART_LINCmd), (24 bytes).
    Removing stm32f10x_usart.o(i.USART_OneBitMethodCmd), (24 bytes).
    Removing stm32f10x_usart.o(i.USART_OverSampling8Cmd), (22 bytes).
    Removing stm32f10x_usart.o(i.USART_ReceiveData), (10 bytes).
    Removing stm32f10x_usart.o(i.USART_ReceiverWakeUpCmd), (24 bytes).
    Removing stm32f10x_usart.o(i.USART_SendBreak), (10 bytes).
    Removing stm32f10x_usart.o(i.USART_SetAddress), (18 bytes).
    Removing stm32f10x_usart.o(i.USART_SetGuardTime), (16 bytes).
    Removing stm32f10x_usart.o(i.USART_SetPrescaler), (16 bytes).
    Removing stm32f10x_usart.o(i.USART_SmartCardCmd), (24 bytes).
    Removing stm32f10x_usart.o(i.USART_SmartCardNACKCmd), (24 bytes).
    Removing stm32f10x_usart.o(i.USART_StructInit), (24 bytes).
    Removing stm32f10x_usart.o(i.USART_WakeUpConfig), (18 bytes).
    Removing stm32f10x_gpio.o(i.GPIO_AFIODeInit), (20 bytes).
    Removing stm32f10x_gpio.o(i.GPIO_DeInit), (200 bytes).
    Removing stm32f10x_gpio.o(i.GPIO_ETH_MediaInterfaceConfig), (12 bytes).
    Removing stm32f10x_gpio.o(i.GPIO_EXTILineConfig), (64 bytes).
    Removing stm32f10x_gpio.o(i.GPIO_EventOutputCmd), (12 bytes).
    Removing stm32f10x_gpio.o(i.GPIO_EventOutputConfig), (32 bytes).
    Removing stm32f10x_gpio.o(i.GPIO_PinLockConfig), (18 bytes).
    Removing stm32f10x_gpio.o(i.GPIO_PinRemapConfig), (144 bytes).
    Removing stm32f10x_gpio.o(i.GPIO_ReadInputData), (8 bytes).
    Removing stm32f10x_gpio.o(i.GPIO_ReadOutputData), (8 bytes).
    Removing stm32f10x_gpio.o(i.GPIO_ReadOutputDataBit), (18 bytes).
    Removing stm32f10x_gpio.o(i.GPIO_StructInit), (16 bytes).
    Removing stm32f10x_gpio.o(i.GPIO_Write), (4 bytes).
    Removing stm32f10x_gpio.o(i.GPIO_WriteBit), (10 bytes).
    Removing stm32f10x_rcc.o(i.RCC_ADCCLKConfig), (24 bytes).
    Removing stm32f10x_rcc.o(i.RCC_AHBPeriphClockCmd), (32 bytes).
    Removing stm32f10x_rcc.o(i.RCC_APB1PeriphResetCmd), (32 bytes).
    Removing stm32f10x_rcc.o(i.RCC_APB2PeriphResetCmd), (32 bytes).
    Removing stm32f10x_rcc.o(i.RCC_AdjustHSICalibrationValue), (24 bytes).
    Removing stm32f10x_rcc.o(i.RCC_BackupResetCmd), (12 bytes).
    Removing stm32f10x_rcc.o(i.RCC_ClearFlag), (20 bytes).
    Removing stm32f10x_rcc.o(i.RCC_ClearITPendingBit), (12 bytes).
    Removing stm32f10x_rcc.o(i.RCC_ClockSecuritySystemCmd), (12 bytes).
    Removing stm32f10x_rcc.o(i.RCC_DeInit), (76 bytes).
    Removing stm32f10x_rcc.o(i.RCC_GetFlagStatus), (60 bytes).
    Removing stm32f10x_rcc.o(i.RCC_GetITStatus), (24 bytes).
    Removing stm32f10x_rcc.o(i.RCC_GetSYSCLKSource), (16 bytes).
    Removing stm32f10x_rcc.o(i.RCC_HCLKConfig), (24 bytes).
    Removing stm32f10x_rcc.o(i.RCC_HSEConfig), (76 bytes).
    Removing stm32f10x_rcc.o(i.RCC_HSICmd), (12 bytes).
    Removing stm32f10x_rcc.o(i.RCC_ITConfig), (32 bytes).
    Removing stm32f10x_rcc.o(i.RCC_LSEConfig), (52 bytes).
    Removing stm32f10x_rcc.o(i.RCC_LSICmd), (12 bytes).
    Removing stm32f10x_rcc.o(i.RCC_MCOConfig), (12 bytes).
    Removing stm32f10x_rcc.o(i.RCC_PCLK1Config), (24 bytes).
    Removing stm32f10x_rcc.o(i.RCC_PCLK2Config), (24 bytes).
    Removing stm32f10x_rcc.o(i.RCC_PLLCmd), (12 bytes).
    Removing stm32f10x_rcc.o(i.RCC_PLLConfig), (28 bytes).
    Removing stm32f10x_rcc.o(i.RCC_RTCCLKCmd), (12 bytes).
    Removing stm32f10x_rcc.o(i.RCC_RTCCLKConfig), (16 bytes).
    Removing stm32f10x_rcc.o(i.RCC_SYSCLKConfig), (24 bytes).
    Removing stm32f10x_rcc.o(i.RCC_USBCLKConfig), (12 bytes).
    Removing stm32f10x_rcc.o(i.RCC_WaitForHSEStartUp), (56 bytes).
    Removing stm32f10x_adc.o(i.ADC_AnalogWatchdogCmd), (20 bytes).
    Removing stm32f10x_adc.o(i.ADC_AnalogWatchdogSingleChannelConfig), (16 bytes).
    Removing stm32f10x_adc.o(i.ADC_AnalogWatchdogThresholdsConfig), (6 bytes).
    Removing stm32f10x_adc.o(i.ADC_AutoInjectedConvCmd), (22 bytes).
    Removing stm32f10x_adc.o(i.ADC_ClearFlag), (6 bytes).
    Removing stm32f10x_adc.o(i.ADC_ClearITPendingBit), (10 bytes).
    Removing stm32f10x_adc.o(i.ADC_Cmd), (22 bytes).
    Removing stm32f10x_adc.o(i.ADC_DMACmd), (22 bytes).
    Removing stm32f10x_adc.o(i.ADC_DeInit), (92 bytes).
    Removing stm32f10x_adc.o(i.ADC_DiscModeChannelCountConfig), (24 bytes).
    Removing stm32f10x_adc.o(i.ADC_DiscModeCmd), (22 bytes).
    Removing stm32f10x_adc.o(i.ADC_ExternalTrigConvCmd), (22 bytes).
    Removing stm32f10x_adc.o(i.ADC_ExternalTrigInjectedConvCmd), (22 bytes).
    Removing stm32f10x_adc.o(i.ADC_ExternalTrigInjectedConvConfig), (16 bytes).
    Removing stm32f10x_adc.o(i.ADC_GetCalibrationStatus), (20 bytes).
    Removing stm32f10x_adc.o(i.ADC_GetConversionValue), (8 bytes).
    Removing stm32f10x_adc.o(i.ADC_GetDualModeConversionValue), (12 bytes).
    Removing stm32f10x_adc.o(i.ADC_GetFlagStatus), (18 bytes).
    Removing stm32f10x_adc.o(i.ADC_GetITStatus), (36 bytes).
    Removing stm32f10x_adc.o(i.ADC_GetInjectedConversionValue), (28 bytes).
    Removing stm32f10x_adc.o(i.ADC_GetResetCalibrationStatus), (20 bytes).
    Removing stm32f10x_adc.o(i.ADC_GetSoftwareStartConvStatus), (20 bytes).
    Removing stm32f10x_adc.o(i.ADC_GetSoftwareStartInjectedConvCmdStatus), (20 bytes).
    Removing stm32f10x_adc.o(i.ADC_ITConfig), (24 bytes).
    Removing stm32f10x_adc.o(i.ADC_Init), (80 bytes).
    Removing stm32f10x_adc.o(i.ADC_InjectedChannelConfig), (130 bytes).
    Removing stm32f10x_adc.o(i.ADC_InjectedDiscModeCmd), (22 bytes).
    Removing stm32f10x_adc.o(i.ADC_InjectedSequencerLengthConfig), (24 bytes).
    Removing stm32f10x_adc.o(i.ADC_RegularChannelConfig), (184 bytes).
    Removing stm32f10x_adc.o(i.ADC_ResetCalibration), (10 bytes).
    Removing stm32f10x_adc.o(i.ADC_SetInjectedOffset), (20 bytes).
    Removing stm32f10x_adc.o(i.ADC_SoftwareStartConvCmd), (22 bytes).
    Removing stm32f10x_adc.o(i.ADC_SoftwareStartInjectedConvCmd), (22 bytes).
    Removing stm32f10x_adc.o(i.ADC_StartCalibration), (10 bytes).
    Removing stm32f10x_adc.o(i.ADC_StructInit), (18 bytes).
    Removing stm32f10x_adc.o(i.ADC_TempSensorVrefintCmd), (36 bytes).
    Removing stm32f10x_tim.o(i.TI1_Config), (128 bytes).
    Removing stm32f10x_tim.o(i.TI2_Config), (152 bytes).
    Removing stm32f10x_tim.o(i.TI3_Config), (144 bytes).
    Removing stm32f10x_tim.o(i.TI4_Config), (152 bytes).
    Removing stm32f10x_tim.o(i.TIM_ARRPreloadConfig), (24 bytes).
    Removing stm32f10x_tim.o(i.TIM_BDTRConfig), (32 bytes).
    Removing stm32f10x_tim.o(i.TIM_BDTRStructInit), (18 bytes).
    Removing stm32f10x_tim.o(i.TIM_CCPreloadControl), (24 bytes).
    Removing stm32f10x_tim.o(i.TIM_CCxCmd), (30 bytes).
    Removing stm32f10x_tim.o(i.TIM_CCxNCmd), (30 bytes).
    Removing stm32f10x_tim.o(i.TIM_ClearFlag), (6 bytes).
    Removing stm32f10x_tim.o(i.TIM_ClearITPendingBit), (6 bytes).
    Removing stm32f10x_tim.o(i.TIM_ClearOC1Ref), (18 bytes).
    Removing stm32f10x_tim.o(i.TIM_ClearOC2Ref), (24 bytes).
    Removing stm32f10x_tim.o(i.TIM_ClearOC3Ref), (18 bytes).
    Removing stm32f10x_tim.o(i.TIM_ClearOC4Ref), (24 bytes).
    Removing stm32f10x_tim.o(i.TIM_CounterModeConfig), (18 bytes).
    Removing stm32f10x_tim.o(i.TIM_CtrlPWMOutputs), (30 bytes).
    Removing stm32f10x_tim.o(i.TIM_DMACmd), (18 bytes).
    Removing stm32f10x_tim.o(i.TIM_DMAConfig), (10 bytes).
    Removing stm32f10x_tim.o(i.TIM_DeInit), (488 bytes).
    Removing stm32f10x_tim.o(i.TIM_ETRClockMode1Config), (54 bytes).
    Removing stm32f10x_tim.o(i.TIM_ETRClockMode2Config), (32 bytes).
    Removing stm32f10x_tim.o(i.TIM_ETRConfig), (28 bytes).
    Removing stm32f10x_tim.o(i.TIM_EncoderInterfaceConfig), (66 bytes).
    Removing stm32f10x_tim.o(i.TIM_ForcedOC1Config), (18 bytes).
    Removing stm32f10x_tim.o(i.TIM_ForcedOC2Config), (26 bytes).
    Removing stm32f10x_tim.o(i.TIM_ForcedOC3Config), (18 bytes).
    Removing stm32f10x_tim.o(i.TIM_ForcedOC4Config), (26 bytes).
    Removing stm32f10x_tim.o(i.TIM_GenerateEvent), (4 bytes).
    Removing stm32f10x_tim.o(i.TIM_GetCapture1), (6 bytes).
    Removing stm32f10x_tim.o(i.TIM_GetCapture2), (6 bytes).
    Removing stm32f10x_tim.o(i.TIM_GetCapture3), (6 bytes).
    Removing stm32f10x_tim.o(i.TIM_GetCapture4), (8 bytes).
    Removing stm32f10x_tim.o(i.TIM_GetCounter), (6 bytes).
    Removing stm32f10x_tim.o(i.TIM_GetFlagStatus), (18 bytes).
    Removing stm32f10x_tim.o(i.TIM_GetITStatus), (34 bytes).
    Removing stm32f10x_tim.o(i.TIM_GetPrescaler), (6 bytes).
    Removing stm32f10x_tim.o(i.TIM_ICInit), (172 bytes).
    Removing stm32f10x_tim.o(i.TIM_ICStructInit), (18 bytes).
    Removing stm32f10x_tim.o(i.TIM_ITConfig), (18 bytes).
    Removing stm32f10x_tim.o(i.TIM_ITRxExternalClockConfig), (24 bytes).
    Removing stm32f10x_tim.o(i.TIM_OC1FastConfig), (18 bytes).
    Removing stm32f10x_tim.o(i.TIM_OC1NPolarityConfig), (18 bytes).
    Removing stm32f10x_tim.o(i.TIM_OC1PolarityConfig), (18 bytes).
    Removing stm32f10x_tim.o(i.TIM_OC1PreloadConfig), (18 bytes).
    Removing stm32f10x_tim.o(i.TIM_OC2FastConfig), (26 bytes).
    Removing stm32f10x_tim.o(i.TIM_OC2NPolarityConfig), (26 bytes).
    Removing stm32f10x_tim.o(i.TIM_OC2PolarityConfig), (26 bytes).
    Removing stm32f10x_tim.o(i.TIM_OC2PreloadConfig), (26 bytes).
    Removing stm32f10x_tim.o(i.TIM_OC3FastConfig), (18 bytes).
    Removing stm32f10x_tim.o(i.TIM_OC3NPolarityConfig), (26 bytes).
    Removing stm32f10x_tim.o(i.TIM_OC3PolarityConfig), (26 bytes).
    Removing stm32f10x_tim.o(i.TIM_OC3PreloadConfig), (18 bytes).
    Removing stm32f10x_tim.o(i.TIM_OC4FastConfig), (26 bytes).
    Removing stm32f10x_tim.o(i.TIM_OC4Init), (124 bytes).
    Removing stm32f10x_tim.o(i.TIM_OC4PolarityConfig), (26 bytes).
    Removing stm32f10x_tim.o(i.TIM_OC4PreloadConfig), (26 bytes).
    Removing stm32f10x_tim.o(i.TIM_PWMIConfig), (124 bytes).
    Removing stm32f10x_tim.o(i.TIM_PrescalerConfig), (6 bytes).
    Removing stm32f10x_tim.o(i.TIM_SelectCCDMA), (24 bytes).
    Removing stm32f10x_tim.o(i.TIM_SelectCOM), (24 bytes).
    Removing stm32f10x_tim.o(i.TIM_SelectHallSensor), (24 bytes).
    Removing stm32f10x_tim.o(i.TIM_SelectInputTrigger), (18 bytes).
    Removing stm32f10x_tim.o(i.TIM_SelectMasterSlaveMode), (18 bytes).
    Removing stm32f10x_tim.o(i.TIM_SelectOCxM), (82 bytes).
    Removing stm32f10x_tim.o(i.TIM_SelectOnePulseMode), (18 bytes).
    Removing stm32f10x_tim.o(i.TIM_SelectOutputTrigger), (18 bytes).
    Removing stm32f10x_tim.o(i.TIM_SelectSlaveMode), (18 bytes).
    Removing stm32f10x_tim.o(i.TIM_SetAutoreload), (4 bytes).
    Removing stm32f10x_tim.o(i.TIM_SetClockDivision), (18 bytes).
    Removing stm32f10x_tim.o(i.TIM_SetCompare4), (6 bytes).
    Removing stm32f10x_tim.o(i.TIM_SetCounter), (4 bytes).
    Removing stm32f10x_tim.o(i.TIM_SetIC1Prescaler), (18 bytes).
    Removing stm32f10x_tim.o(i.TIM_SetIC2Prescaler), (26 bytes).
    Removing stm32f10x_tim.o(i.TIM_SetIC3Prescaler), (18 bytes).
    Removing stm32f10x_tim.o(i.TIM_SetIC4Prescaler), (26 bytes).
    Removing stm32f10x_tim.o(i.TIM_TIxExternalClockConfig), (62 bytes).
    Removing stm32f10x_tim.o(i.TIM_TimeBaseStructInit), (18 bytes).
    Removing stm32f10x_tim.o(i.TIM_UpdateDisableConfig), (24 bytes).
    Removing stm32f10x_tim.o(i.TIM_UpdateRequestConfig), (24 bytes).
    Removing ffixui.o(.text), (40 bytes).

220 unused section(s) (total 31766 bytes) removed from the image.

==============================================================================

Image Symbol Table

    Local Symbols

    Symbol Name                              Value     Ov Type        Size  Object(Section)

    ../clib/microlib/division.c              0x00000000   Number         0  uidiv.o ABSOLUTE
    ../clib/microlib/division.c              0x00000000   Number         0  uldiv.o ABSOLUTE
    ../clib/microlib/init/entry.s            0x00000000   Number         0  entry7a.o ABSOLUTE
    ../clib/microlib/init/entry.s            0x00000000   Number         0  entry10b.o ABSOLUTE
    ../clib/microlib/init/entry.s            0x00000000   Number         0  entry11a.o ABSOLUTE
    ../clib/microlib/init/entry.s            0x00000000   Number         0  entry5.o ABSOLUTE
    ../clib/microlib/init/entry.s            0x00000000   Number         0  entry11b.o ABSOLUTE
    ../clib/microlib/init/entry.s            0x00000000   Number         0  entry7b.o ABSOLUTE
    ../clib/microlib/init/entry.s            0x00000000   Number         0  entry.o ABSOLUTE
    ../clib/microlib/init/entry.s            0x00000000   Number         0  entry8a.o ABSOLUTE
    ../clib/microlib/init/entry.s            0x00000000   Number         0  entry10a.o ABSOLUTE
    ../clib/microlib/init/entry.s            0x00000000   Number         0  entry9b.o ABSOLUTE
    ../clib/microlib/init/entry.s            0x00000000   Number         0  entry8b.o ABSOLUTE
    ../clib/microlib/init/entry.s            0x00000000   Number         0  entry9a.o ABSOLUTE
    ../clib/microlib/init/entry.s            0x00000000   Number         0  entry2.o ABSOLUTE
    ../clib/microlib/longlong.c              0x00000000   Number         0  llsshr.o ABSOLUTE
    ../clib/microlib/longlong.c              0x00000000   Number         0  llushr.o ABSOLUTE
    ../clib/microlib/longlong.c              0x00000000   Number         0  llshl.o ABSOLUTE
    ../clib/microlib/printf/printf.c         0x00000000   Number         0  printf1.o ABSOLUTE
    ../clib/microlib/printf/printf.c         0x00000000   Number         0  printfa.o ABSOLUTE
    ../clib/microlib/printf/printf.c         0x00000000   Number         0  printf8.o ABSOLUTE
    ../clib/microlib/printf/printf.c         0x00000000   Number         0  printfb.o ABSOLUTE
    ../clib/microlib/printf/printf.c         0x00000000   Number         0  printf0.o ABSOLUTE
    ../clib/microlib/printf/printf.c         0x00000000   Number         0  printf7.o ABSOLUTE
    ../clib/microlib/printf/printf.c         0x00000000   Number         0  printf6.o ABSOLUTE
    ../clib/microlib/printf/printf.c         0x00000000   Number         0  printf5.o ABSOLUTE
    ../clib/microlib/printf/printf.c         0x00000000   Number         0  printf2.o ABSOLUTE
    ../clib/microlib/printf/printf.c         0x00000000   Number         0  printf4.o ABSOLUTE
    ../clib/microlib/printf/printf.c         0x00000000   Number         0  printf3.o ABSOLUTE
    ../clib/microlib/printf/stubs.s          0x00000000   Number         0  stubs.o ABSOLUTE
    ../clib/microlib/stdio/streams.c         0x00000000   Number         0  stdout.o ABSOLUTE
    ../clib/microlib/stubs.s                 0x00000000   Number         0  iusefp.o ABSOLUTE
    ../fplib/microlib/f2d.c                  0x00000000   Number         0  f2d.o ABSOLUTE
    ../fplib/microlib/fpadd.c                0x00000000   Number         0  dadd.o ABSOLUTE
    ../fplib/microlib/fpdiv.c                0x00000000   Number         0  ddiv.o ABSOLUTE
    ../fplib/microlib/fpdiv.c                0x00000000   Number         0  fdiv.o ABSOLUTE
    ../fplib/microlib/fpepilogue.c           0x00000000   Number         0  depilogue.o ABSOLUTE
    ../fplib/microlib/fpepilogue.c           0x00000000   Number         0  fepilogue.o ABSOLUTE
    ../fplib/microlib/fpfix.c                0x00000000   Number         0  ffixi.o ABSOLUTE
    ../fplib/microlib/fpfix.c                0x00000000   Number         0  ffixui.o ABSOLUTE
    ../fplib/microlib/fpfix.c                0x00000000   Number         0  dfixi.o ABSOLUTE
    ../fplib/microlib/fpfix.c                0x00000000   Number         0  dfixui.o ABSOLUTE
    ../fplib/microlib/fpfix.c                0x00000000   Number         0  dfixul.o ABSOLUTE
    ../fplib/microlib/fpflt.c                0x00000000   Number         0  fflti.o ABSOLUTE
    ../fplib/microlib/fpflt.c                0x00000000   Number         0  ffltui.o ABSOLUTE
    ../fplib/microlib/fpmul.c                0x00000000   Number         0  fmul.o ABSOLUTE
    ../fplib/microlib/fpmul.c                0x00000000   Number         0  dmul.o ABSOLUTE
    ..\CORE\core_cm3.c                       0x00000000   Number         0  core_cm3.o ABSOLUTE
    ..\CORE\startup_stm32f10x_md.s           0x00000000   Number         0  startup_stm32f10x_md.o ABSOLUTE
    ..\HARDWARE\DS1302\ds1302.c              0x00000000   Number         0  ds1302.o ABSOLUTE
    ..\HARDWARE\DS18B20\ds18b20.c            0x00000000   Number         0  ds18b20.o ABSOLUTE
    ..\HARDWARE\KEY\key.c                    0x00000000   Number         0  key.o ABSOLUTE
    ..\HARDWARE\LCD\lcd.c                    0x00000000   Number         0  lcd.o ABSOLUTE
    ..\HARDWARE\LED\led.c                    0x00000000   Number         0  led.o ABSOLUTE
    ..\HARDWARE\MAX30102\max30102.c          0x00000000   Number         0  max30102.o ABSOLUTE
    ..\HARDWARE\SERVO\servo.c                0x00000000   Number         0  servo.o ABSOLUTE
    ..\STM32F10x_FWLib\src\misc.c            0x00000000   Number         0  misc.o ABSOLUTE
    ..\STM32F10x_FWLib\src\stm32f10x_adc.c   0x00000000   Number         0  stm32f10x_adc.o ABSOLUTE
    ..\STM32F10x_FWLib\src\stm32f10x_gpio.c  0x00000000   Number         0  stm32f10x_gpio.o ABSOLUTE
    ..\STM32F10x_FWLib\src\stm32f10x_rcc.c   0x00000000   Number         0  stm32f10x_rcc.o ABSOLUTE
    ..\STM32F10x_FWLib\src\stm32f10x_tim.c   0x00000000   Number         0  stm32f10x_tim.o ABSOLUTE
    ..\STM32F10x_FWLib\src\stm32f10x_usart.c 0x00000000   Number         0  stm32f10x_usart.o ABSOLUTE
    ..\SYSTEM\delay\delay.c                  0x00000000   Number         0  delay.o ABSOLUTE
    ..\SYSTEM\sys\sys.c                      0x00000000   Number         0  sys.o ABSOLUTE
    ..\SYSTEM\usart\usart.c                  0x00000000   Number         0  usart.o ABSOLUTE
    ..\\CORE\\core_cm3.c                     0x00000000   Number         0  core_cm3.o ABSOLUTE
    ..\\SYSTEM\\sys\\sys.c                   0x00000000   Number         0  sys.o ABSOLUTE
    cdrcmple.s                               0x00000000   Number         0  cdrcmple.o ABSOLUTE
    dc.s                                     0x00000000   Number         0  dc.o ABSOLUTE
    handlers.s                               0x00000000   Number         0  handlers.o ABSOLUTE
    init.s                                   0x00000000   Number         0  init.o ABSOLUTE
    main.c                                   0x00000000   Number         0  main.o ABSOLUTE
    stm32f10x_it.c                           0x00000000   Number         0  stm32f10x_it.o ABSOLUTE
    system_stm32f10x.c                       0x00000000   Number         0  system_stm32f10x.o ABSOLUTE
    RESET                                    0x08000000   Section      236  startup_stm32f10x_md.o(RESET)
    .ARM.Collect$$$$00000000                 0x080000ec   Section        0  entry.o(.ARM.Collect$$$$00000000)
    .ARM.Collect$$$$00000001                 0x080000ec   Section        4  entry2.o(.ARM.Collect$$$$00000001)
    .ARM.Collect$$$$00000004                 0x080000f0   Section        4  entry5.o(.ARM.Collect$$$$00000004)
    .ARM.Collect$$$$00000008                 0x080000f4   Section        0  entry7b.o(.ARM.Collect$$$$00000008)
    .ARM.Collect$$$$0000000A                 0x080000f4   Section        0  entry8b.o(.ARM.Collect$$$$0000000A)
    .ARM.Collect$$$$0000000B                 0x080000f4   Section        8  entry9a.o(.ARM.Collect$$$$0000000B)
    .ARM.Collect$$$$0000000D                 0x080000fc   Section        0  entry10a.o(.ARM.Collect$$$$0000000D)
    .ARM.Collect$$$$0000000F                 0x080000fc   Section        0  entry11a.o(.ARM.Collect$$$$0000000F)
    .ARM.Collect$$$$00002712                 0x080000fc   Section        4  entry2.o(.ARM.Collect$$$$00002712)
    __lit__00000000                          0x080000fc   Data           4  entry2.o(.ARM.Collect$$$$00002712)
    .text                                    0x08000100   Section       28  startup_stm32f10x_md.o(.text)
    .text                                    0x0800011c   Section        0  fmul.o(.text)
    .text                                    0x08000180   Section        0  fdiv.o(.text)
    .text                                    0x080001fc   Section        0  dadd.o(.text)
    .text                                    0x0800034a   Section        0  dmul.o(.text)
    .text                                    0x0800042e   Section        0  fflti.o(.text)
    .text                                    0x08000440   Section        0  ffltui.o(.text)
    .text                                    0x0800044a   Section        0  ffixi.o(.text)
    .text                                    0x0800047c   Section        0  dfixi.o(.text)
    .text                                    0x080004ba   Section        0  dfixui.o(.text)
    .text                                    0x080004ec   Section        0  f2d.o(.text)
    .text                                    0x08000512   Section        0  uidiv.o(.text)
    .text                                    0x0800053e   Section        0  uldiv.o(.text)
    .text                                    0x080005a0   Section        0  llshl.o(.text)
    .text                                    0x080005be   Section        0  llushr.o(.text)
    .text                                    0x080005de   Section        0  llsshr.o(.text)
    .text                                    0x08000602   Section        0  fepilogue.o(.text)
    .text                                    0x08000602   Section        0  iusefp.o(.text)
    .text                                    0x08000670   Section        0  depilogue.o(.text)
    .text                                    0x0800072a   Section        0  ddiv.o(.text)
    .text                                    0x08000808   Section        0  dfixul.o(.text)
    .text                                    0x08000838   Section       48  cdrcmple.o(.text)
    .text                                    0x08000868   Section       36  init.o(.text)
    i.BusFault_Handler                       0x0800088c   Section        0  stm32f10x_it.o(i.BusFault_Handler)
    i.DS1302_DATAINPUT_init                  0x08000890   Section        0  ds1302.o(i.DS1302_DATAINPUT_init)
    i.DS1302_DATAOUT_init                    0x080008b8   Section        0  ds1302.o(i.DS1302_DATAOUT_init)
    i.DS1302_GPIO_Init                       0x080008f0   Section        0  ds1302.o(i.DS1302_GPIO_Init)
    i.DS1302_RAM                             0x0800094c   Section        0  ds1302.o(i.DS1302_RAM)
    i.DS1302_read_realTime                   0x08000988   Section        0  ds1302.o(i.DS1302_read_realTime)
    i.DS1302_read_rig                        0x08000a40   Section        0  ds1302.o(i.DS1302_read_rig)
    i.DS1302_read_time                       0x08000af4   Section        0  ds1302.o(i.DS1302_read_time)
    i.DS1302_wirte_rig                       0x08000b44   Section        0  ds1302.o(i.DS1302_wirte_rig)
    i.DS1302_write_onebyte                   0x08000ba8   Section        0  ds1302.o(i.DS1302_write_onebyte)
    i.DS18B20_Check                          0x08000c00   Section        0  ds18b20.o(i.DS18B20_Check)
    i.DS18B20_Get_Temp                       0x08000c58   Section        0  ds18b20.o(i.DS18B20_Get_Temp)
    i.DS18B20_Init                           0x08000ce4   Section        0  ds18b20.o(i.DS18B20_Init)
    i.DS18B20_Mode                           0x08000d20   Section        0  ds18b20.o(i.DS18B20_Mode)
    i.DS18B20_Read_Bit                       0x08000d5c   Section        0  ds18b20.o(i.DS18B20_Read_Bit)
    i.DS18B20_Read_Byte                      0x08000da4   Section        0  ds18b20.o(i.DS18B20_Read_Byte)
    i.DS18B20_Rst                            0x08000dc8   Section        0  ds18b20.o(i.DS18B20_Rst)
    i.DS18B20_Start                          0x08000df4   Section        0  ds18b20.o(i.DS18B20_Start)
    i.DS18B20_Write_Byte                     0x08000e0c   Section        0  ds18b20.o(i.DS18B20_Write_Byte)
    i.DebugMon_Handler                       0x08000e6c   Section        0  stm32f10x_it.o(i.DebugMon_Handler)
    i.Display_Update                         0x08000e70   Section        0  main.o(i.Display_Update)
    i.GPIO_Init                              0x080017a4   Section        0  stm32f10x_gpio.o(i.GPIO_Init)
    i.GPIO_ReadInputDataBit                  0x080018ba   Section        0  stm32f10x_gpio.o(i.GPIO_ReadInputDataBit)
    i.GPIO_ResetBits                         0x080018cc   Section        0  stm32f10x_gpio.o(i.GPIO_ResetBits)
    i.GPIO_SetBits                           0x080018d0   Section        0  stm32f10x_gpio.o(i.GPIO_SetBits)
    i.HardFault_Handler                      0x080018d4   Section        0  stm32f10x_it.o(i.HardFault_Handler)
    i.Hardware_Init                          0x080018d8   Section        0  main.o(i.Hardware_Init)
    i.Key_GetNum                             0x080019a8   Section        0  key.o(i.Key_GetNum)
    i.Key_Init                               0x08001a34   Section        0  key.o(i.Key_Init)
    i.Key_Num                                0x08001a60   Section        0  key.o(i.Key_Num)
    i.LCD_Address_Set                        0x08001a8c   Section        0  lcd.o(i.LCD_Address_Set)
    i.LCD_DrawPoint                          0x08001ace   Section        0  lcd.o(i.LCD_DrawPoint)
    i.LCD_Fill                               0x08001aea   Section        0  lcd.o(i.LCD_Fill)
    i.LCD_GPIO_Init                          0x08001b34   Section        0  lcd.o(i.LCD_GPIO_Init)
    i.LCD_Init                               0x08001b68   Section        0  lcd.o(i.LCD_Init)
    i.LCD_ShowChar                           0x08001d60   Section        0  lcd.o(i.LCD_ShowChar)
    i.LCD_ShowChinese                        0x08001eb8   Section        0  lcd.o(i.LCD_ShowChinese)
    i.LCD_ShowChinese12x12                   0x08001f44   Section        0  lcd.o(i.LCD_ShowChinese12x12)
    i.LCD_ShowChinese16x16                   0x0800208c   Section        0  lcd.o(i.LCD_ShowChinese16x16)
    i.LCD_ShowChinese24x24                   0x080021c4   Section        0  lcd.o(i.LCD_ShowChinese24x24)
    i.LCD_ShowChinese32x32                   0x0800230c   Section        0  lcd.o(i.LCD_ShowChinese32x32)
    i.LCD_ShowString                         0x08002444   Section        0  lcd.o(i.LCD_ShowString)
    i.LCD_WR_DATA                            0x08002486   Section        0  lcd.o(i.LCD_WR_DATA)
    i.LCD_WR_DATA8                           0x08002498   Section        0  lcd.o(i.LCD_WR_DATA8)
    i.LCD_WR_REG                             0x080024a4   Section        0  lcd.o(i.LCD_WR_REG)
    i.LCD_Writ_Bus                           0x080024c4   Section        0  lcd.o(i.LCD_Writ_Bus)
    i.LED_Init                               0x08002518   Section        0  led.o(i.LED_Init)
    i.LED_Off                                0x0800254c   Section        0  led.o(i.LED_Off)
    i.LED_On                                 0x08002560   Section        0  led.o(i.LED_On)
    i.MAX30102_IIC_Ack                       0x08002574   Section        0  max30102.o(i.MAX30102_IIC_Ack)
    i.MAX30102_IIC_Init                      0x080025ac   Section        0  max30102.o(i.MAX30102_IIC_Init)
    i.MAX30102_IIC_NAck                      0x080025ec   Section        0  max30102.o(i.MAX30102_IIC_NAck)
    i.MAX30102_IIC_Read_Byte                 0x08002624   Section        0  max30102.o(i.MAX30102_IIC_Read_Byte)
    i.MAX30102_IIC_SDA_IN                    0x0800267c   Section        0  max30102.o(i.MAX30102_IIC_SDA_IN)
    i.MAX30102_IIC_SDA_OUT                   0x080026a0   Section        0  max30102.o(i.MAX30102_IIC_SDA_OUT)
    i.MAX30102_IIC_Send_Byte                 0x080026c4   Section        0  max30102.o(i.MAX30102_IIC_Send_Byte)
    i.MAX30102_IIC_Start                     0x08002714   Section        0  max30102.o(i.MAX30102_IIC_Start)
    i.MAX30102_IIC_Stop                      0x0800274c   Section        0  max30102.o(i.MAX30102_IIC_Stop)
    i.MAX30102_IIC_Wait_Ack                  0x08002780   Section        0  max30102.o(i.MAX30102_IIC_Wait_Ack)
    i.MAX30102_Init                          0x080027cc   Section        0  max30102.o(i.MAX30102_Init)
    i.MAX30102_Reset                         0x08002854   Section        0  max30102.o(i.MAX30102_Reset)
    i.Max_Date                               0x08002868   Section        0  max30102.o(i.Max_Date)
    i.Max_Update                             0x08002980   Section        0  max30102.o(i.Max_Update)
    i.MemManage_Handler                      0x08002c04   Section        0  stm32f10x_it.o(i.MemManage_Handler)
    i.NMI_Handler                            0x08002c08   Section        0  stm32f10x_it.o(i.NMI_Handler)
    i.NVIC_PriorityGroupConfig               0x08002c0c   Section        0  misc.o(i.NVIC_PriorityGroupConfig)
    i.PWM_SetCompare                         0x08002c20   Section        0  servo.o(i.PWM_SetCompare)
    i.PendSV_Handler                         0x08002c5c   Section        0  stm32f10x_it.o(i.PendSV_Handler)
    i.RCC_APB1PeriphClockCmd                 0x08002c60   Section        0  stm32f10x_rcc.o(i.RCC_APB1PeriphClockCmd)
    i.RCC_APB2PeriphClockCmd                 0x08002c80   Section        0  stm32f10x_rcc.o(i.RCC_APB2PeriphClockCmd)
    i.RCC_GetClocksFreq                      0x08002ca0   Section        0  stm32f10x_rcc.o(i.RCC_GetClocksFreq)
    i.SVC_Handler                            0x08002d74   Section        0  stm32f10x_it.o(i.SVC_Handler)
    i.Servo_Init                             0x08002d78   Section        0  servo.o(i.Servo_Init)
    i.Servo_SetAngle                         0x08002e30   Section        0  servo.o(i.Servo_SetAngle)
    i.SetSysClock                            0x08002e74   Section        0  system_stm32f10x.o(i.SetSysClock)
    SetSysClock                              0x08002e75   Thumb Code     8  system_stm32f10x.o(i.SetSysClock)
    i.SetSysClockTo72                        0x08002e7c   Section        0  system_stm32f10x.o(i.SetSysClockTo72)
    SetSysClockTo72                          0x08002e7d   Thumb Code   214  system_stm32f10x.o(i.SetSysClockTo72)
    i.SysTick_CLKSourceConfig                0x08002f5c   Section        0  misc.o(i.SysTick_CLKSourceConfig)
    i.SysTick_Handler                        0x08002f84   Section        0  stm32f10x_it.o(i.SysTick_Handler)
    i.SystemInit                             0x08002f88   Section        0  system_stm32f10x.o(i.SystemInit)
    i.TIM_Cmd                                0x08002fe8   Section        0  stm32f10x_tim.o(i.TIM_Cmd)
    i.TIM_InternalClockConfig                0x08003000   Section        0  stm32f10x_tim.o(i.TIM_InternalClockConfig)
    i.TIM_OC1Init                            0x0800300c   Section        0  stm32f10x_tim.o(i.TIM_OC1Init)
    i.TIM_OC2Init                            0x080030a4   Section        0  stm32f10x_tim.o(i.TIM_OC2Init)
    i.TIM_OC3Init                            0x08003148   Section        0  stm32f10x_tim.o(i.TIM_OC3Init)
    i.TIM_OCStructInit                       0x080031e8   Section        0  stm32f10x_tim.o(i.TIM_OCStructInit)
    i.TIM_SetCompare1                        0x080031fc   Section        0  stm32f10x_tim.o(i.TIM_SetCompare1)
    i.TIM_SetCompare2                        0x08003200   Section        0  stm32f10x_tim.o(i.TIM_SetCompare2)
    i.TIM_SetCompare3                        0x08003204   Section        0  stm32f10x_tim.o(i.TIM_SetCompare3)
    i.TIM_TimeBaseInit                       0x08003208   Section        0  stm32f10x_tim.o(i.TIM_TimeBaseInit)
    i.USART1_IRQHandler                      0x080032ac   Section        0  usart.o(i.USART1_IRQHandler)
    i.USART_ClearFlag                        0x080032c8   Section        0  stm32f10x_usart.o(i.USART_ClearFlag)
    i.USART_Cmd                              0x080032da   Section        0  stm32f10x_usart.o(i.USART_Cmd)
    i.USART_GetITStatus                      0x080032f2   Section        0  stm32f10x_usart.o(i.USART_GetITStatus)
    i.USART_Init                             0x08003348   Section        0  stm32f10x_usart.o(i.USART_Init)
    i.USART_SendData                         0x08003420   Section        0  stm32f10x_usart.o(i.USART_SendData)
    i.UsageFault_Handler                     0x08003428   Section        0  stm32f10x_it.o(i.UsageFault_Handler)
    i.Usart3_Init                            0x0800342c   Section        0  usart.o(i.Usart3_Init)
    i.__0printf                              0x080034b0   Section        0  printfa.o(i.__0printf)
    i.__0sprintf                             0x080034d0   Section        0  printfa.o(i.__0sprintf)
    i.__scatterload_copy                     0x080034f8   Section       14  handlers.o(i.__scatterload_copy)
    i.__scatterload_null                     0x08003506   Section        2  handlers.o(i.__scatterload_null)
    i.__scatterload_zeroinit                 0x08003508   Section       14  handlers.o(i.__scatterload_zeroinit)
    i._fp_digits                             0x08003518   Section        0  printfa.o(i._fp_digits)
    _fp_digits                               0x08003519   Thumb Code   366  printfa.o(i._fp_digits)
    i._printf_core                           0x0800369c   Section        0  printfa.o(i._printf_core)
    _printf_core                             0x0800369d   Thumb Code  1744  printfa.o(i._printf_core)
    i._printf_post_padding                   0x08003d78   Section        0  printfa.o(i._printf_post_padding)
    _printf_post_padding                     0x08003d79   Thumb Code    36  printfa.o(i._printf_post_padding)
    i._printf_pre_padding                    0x08003d9c   Section        0  printfa.o(i._printf_pre_padding)
    _printf_pre_padding                      0x08003d9d   Thumb Code    46  printfa.o(i._printf_pre_padding)
    i._sputc                                 0x08003dca   Section        0  printfa.o(i._sputc)
    _sputc                                   0x08003dcb   Thumb Code    10  printfa.o(i._sputc)
    i.delay_init                             0x08003dd4   Section        0  delay.o(i.delay_init)
    i.delay_ms                               0x08003e10   Section        0  delay.o(i.delay_ms)
    i.delay_us                               0x08003e4c   Section        0  delay.o(i.delay_us)
    i.fputc                                  0x08003e88   Section        0  usart.o(i.fputc)
    i.main                                   0x08003eac   Section        0  main.o(i.main)
    i.max30102_Bus_Read                      0x080042b0   Section        0  max30102.o(i.max30102_Bus_Read)
    i.max30102_Bus_Write                     0x08004302   Section        0  max30102.o(i.max30102_Bus_Write)
    i.max30102_FIFO_ReadBytes                0x08004346   Section        0  max30102.o(i.max30102_FIFO_ReadBytes)
    i.maxim_find_peaks                       0x080043c6   Section        0  max30102.o(i.maxim_find_peaks)
    i.maxim_heart_rate_and_oxygen_saturation 0x08004408   Section        0  max30102.o(i.maxim_heart_rate_and_oxygen_saturation)
    i.maxim_peaks_above_min_height           0x08004928   Section        0  max30102.o(i.maxim_peaks_above_min_height)
    i.maxim_remove_close_peaks               0x080049a2   Section        0  max30102.o(i.maxim_remove_close_peaks)
    i.maxim_sort_ascend                      0x08004a14   Section        0  max30102.o(i.maxim_sort_ascend)
    i.maxim_sort_indices_descend             0x08004a4a   Section        0  max30102.o(i.maxim_sort_indices_descend)
    .constdata                               0x08004a8a   Section    15346  lcd.o(.constdata)
    .constdata                               0x0800867c   Section      246  max30102.o(.constdata)
    .data                                    0x20000000   Section       20  system_stm32f10x.o(.data)
    .data                                    0x20000014   Section      122  main.o(.data)
    .data                                    0x2000008e   Section       17  ds1302.o(.data)
    .data                                    0x200000a0   Section        4  delay.o(.data)
    fac_us                                   0x200000a0   Data           1  delay.o(.data)
    fac_ms                                   0x200000a2   Data           2  delay.o(.data)
    .data                                    0x200000a4   Section       20  stm32f10x_rcc.o(.data)
    APBAHBPrescTable                         0x200000a4   Data          16  stm32f10x_rcc.o(.data)
    ADCPrescTable                            0x200000b4   Data           4  stm32f10x_rcc.o(.data)
    .data                                    0x200000b8   Section        4  stdout.o(.data)
    .bss                                     0x200000bc   Section     4152  main.o(.bss)
    .bss                                     0x200010f4   Section     5984  max30102.o(.bss)
    an_dx                                    0x200010f4   Data        1984  max30102.o(.bss)
    an_x                                     0x200018b4   Data        2000  max30102.o(.bss)
    an_y                                     0x20002084   Data        2000  max30102.o(.bss)
    STACK                                    0x20002858   Section      512  startup_stm32f10x_md.o(STACK)

    Global Symbols

    Symbol Name                              Value     Ov Type        Size  Object(Section)

    BuildAttributes$$THM_ISAv4$P$D$K$B$S$PE$A:L22UL41UL21$X:L11$S22US41US21$IEEE1$IW$USESV6$~STKCKD$USESV7$~SHL$OTIME$ROPI$EBA8$MICROLIB$REQ8$PRES8$EABIv2 0x00000000   Number         0  anon$$obj.o ABSOLUTE
    __ARM_use_no_argv                        0x00000000   Number         0  main.o ABSOLUTE
    _printf_a                                0x00000000   Number         0  stubs.o ABSOLUTE
    _printf_c                                0x00000000   Number         0  stubs.o ABSOLUTE
    _printf_charcount                        0x00000000   Number         0  stubs.o ABSOLUTE
    _printf_d                                0x00000000   Number         0  stubs.o ABSOLUTE
    _printf_e                                0x00000000   Number         0  stubs.o ABSOLUTE
    _printf_f                                0x00000000   Number         0  stubs.o ABSOLUTE
    _printf_flags                            0x00000000   Number         0  stubs.o ABSOLUTE
    _printf_fp_dec                           0x00000000   Number         0  stubs.o ABSOLUTE
    _printf_fp_hex                           0x00000000   Number         0  stubs.o ABSOLUTE
    _printf_g                                0x00000000   Number         0  stubs.o ABSOLUTE
    _printf_i                                0x00000000   Number         0  stubs.o ABSOLUTE
    _printf_int_dec                          0x00000000   Number         0  stubs.o ABSOLUTE
    _printf_l                                0x00000000   Number         0  stubs.o ABSOLUTE
    _printf_lc                               0x00000000   Number         0  stubs.o ABSOLUTE
    _printf_ll                               0x00000000   Number         0  stubs.o ABSOLUTE
    _printf_lld                              0x00000000   Number         0  stubs.o ABSOLUTE
    _printf_lli                              0x00000000   Number         0  stubs.o ABSOLUTE
    _printf_llo                              0x00000000   Number         0  stubs.o ABSOLUTE
    _printf_llu                              0x00000000   Number         0  stubs.o ABSOLUTE
    _printf_llx                              0x00000000   Number         0  stubs.o ABSOLUTE
    _printf_longlong_dec                     0x00000000   Number         0  stubs.o ABSOLUTE
    _printf_longlong_hex                     0x00000000   Number         0  stubs.o ABSOLUTE
    _printf_longlong_oct                     0x00000000   Number         0  stubs.o ABSOLUTE
    _printf_ls                               0x00000000   Number         0  stubs.o ABSOLUTE
    _printf_mbtowc                           0x00000000   Number         0  stubs.o ABSOLUTE
    _printf_n                                0x00000000   Number         0  stubs.o ABSOLUTE
    _printf_o                                0x00000000   Number         0  stubs.o ABSOLUTE
    _printf_p                                0x00000000   Number         0  stubs.o ABSOLUTE
    _printf_percent                          0x00000000   Number         0  stubs.o ABSOLUTE
    _printf_pre_padding                      0x00000000   Number         0  stubs.o ABSOLUTE
    _printf_return_value                     0x00000000   Number         0  stubs.o ABSOLUTE
    _printf_s                                0x00000000   Number         0  stubs.o ABSOLUTE
    _printf_sizespec                         0x00000000   Number         0  stubs.o ABSOLUTE
    _printf_str                              0x00000000   Number         0  stubs.o ABSOLUTE
    _printf_truncate_signed                  0x00000000   Number         0  stubs.o ABSOLUTE
    _printf_truncate_unsigned                0x00000000   Number         0  stubs.o ABSOLUTE
    _printf_u                                0x00000000   Number         0  stubs.o ABSOLUTE
    _printf_wc                               0x00000000   Number         0  stubs.o ABSOLUTE
    _printf_wctomb                           0x00000000   Number         0  stubs.o ABSOLUTE
    _printf_widthprec                        0x00000000   Number         0  stubs.o ABSOLUTE
    _printf_x                                0x00000000   Number         0  stubs.o ABSOLUTE
    __cpp_initialize__aeabi_                  - Undefined Weak Reference
    __cxa_finalize                            - Undefined Weak Reference
    __decompress                              - Undefined Weak Reference
    _clock_init                               - Undefined Weak Reference
    _microlib_exit                            - Undefined Weak Reference
    __Vectors_Size                           0x000000ec   Number         0  startup_stm32f10x_md.o ABSOLUTE
    __Vectors                                0x08000000   Data           4  startup_stm32f10x_md.o(RESET)
    __Vectors_End                            0x080000ec   Data           0  startup_stm32f10x_md.o(RESET)
    __main                                   0x080000ed   Thumb Code     0  entry.o(.ARM.Collect$$$$00000000)
    _main_stk                                0x080000ed   Thumb Code     0  entry2.o(.ARM.Collect$$$$00000001)
    _main_scatterload                        0x080000f1   Thumb Code     0  entry5.o(.ARM.Collect$$$$00000004)
    __main_after_scatterload                 0x080000f5   Thumb Code     0  entry5.o(.ARM.Collect$$$$00000004)
    _main_clock                              0x080000f5   Thumb Code     0  entry7b.o(.ARM.Collect$$$$00000008)
    _main_cpp_init                           0x080000f5   Thumb Code     0  entry8b.o(.ARM.Collect$$$$0000000A)
    _main_init                               0x080000f5   Thumb Code     0  entry9a.o(.ARM.Collect$$$$0000000B)
    __rt_final_cpp                           0x080000fd   Thumb Code     0  entry10a.o(.ARM.Collect$$$$0000000D)
    __rt_final_exit                          0x080000fd   Thumb Code     0  entry11a.o(.ARM.Collect$$$$0000000F)
    Reset_Handler                            0x08000101   Thumb Code     4  startup_stm32f10x_md.o(.text)
    ADC1_2_IRQHandler                        0x08000117   Thumb Code     0  startup_stm32f10x_md.o(.text)
    CAN1_RX1_IRQHandler                      0x08000117   Thumb Code     0  startup_stm32f10x_md.o(.text)
    CAN1_SCE_IRQHandler                      0x08000117   Thumb Code     0  startup_stm32f10x_md.o(.text)
    DMA1_Channel1_IRQHandler                 0x08000117   Thumb Code     0  startup_stm32f10x_md.o(.text)
    DMA1_Channel2_IRQHandler                 0x08000117   Thumb Code     0  startup_stm32f10x_md.o(.text)
    DMA1_Channel3_IRQHandler                 0x08000117   Thumb Code     0  startup_stm32f10x_md.o(.text)
    DMA1_Channel4_IRQHandler                 0x08000117   Thumb Code     0  startup_stm32f10x_md.o(.text)
    DMA1_Channel5_IRQHandler                 0x08000117   Thumb Code     0  startup_stm32f10x_md.o(.text)
    DMA1_Channel6_IRQHandler                 0x08000117   Thumb Code     0  startup_stm32f10x_md.o(.text)
    DMA1_Channel7_IRQHandler                 0x08000117   Thumb Code     0  startup_stm32f10x_md.o(.text)
    EXTI0_IRQHandler                         0x08000117   Thumb Code     0  startup_stm32f10x_md.o(.text)
    EXTI15_10_IRQHandler                     0x08000117   Thumb Code     0  startup_stm32f10x_md.o(.text)
    EXTI1_IRQHandler                         0x08000117   Thumb Code     0  startup_stm32f10x_md.o(.text)
    EXTI2_IRQHandler                         0x08000117   Thumb Code     0  startup_stm32f10x_md.o(.text)
    EXTI3_IRQHandler                         0x08000117   Thumb Code     0  startup_stm32f10x_md.o(.text)
    EXTI4_IRQHandler                         0x08000117   Thumb Code     0  startup_stm32f10x_md.o(.text)
    EXTI9_5_IRQHandler                       0x08000117   Thumb Code     0  startup_stm32f10x_md.o(.text)
    FLASH_IRQHandler                         0x08000117   Thumb Code     0  startup_stm32f10x_md.o(.text)
    I2C1_ER_IRQHandler                       0x08000117   Thumb Code     0  startup_stm32f10x_md.o(.text)
    I2C1_EV_IRQHandler                       0x08000117   Thumb Code     0  startup_stm32f10x_md.o(.text)
    I2C2_ER_IRQHandler                       0x08000117   Thumb Code     0  startup_stm32f10x_md.o(.text)
    I2C2_EV_IRQHandler                       0x08000117   Thumb Code     0  startup_stm32f10x_md.o(.text)
    PVD_IRQHandler                           0x08000117   Thumb Code     0  startup_stm32f10x_md.o(.text)
    RCC_IRQHandler                           0x08000117   Thumb Code     0  startup_stm32f10x_md.o(.text)
    RTCAlarm_IRQHandler                      0x08000117   Thumb Code     0  startup_stm32f10x_md.o(.text)
    RTC_IRQHandler                           0x08000117   Thumb Code     0  startup_stm32f10x_md.o(.text)
    SPI1_IRQHandler                          0x08000117   Thumb Code     0  startup_stm32f10x_md.o(.text)
    SPI2_IRQHandler                          0x08000117   Thumb Code     0  startup_stm32f10x_md.o(.text)
    TAMPER_IRQHandler                        0x08000117   Thumb Code     0  startup_stm32f10x_md.o(.text)
    TIM1_BRK_IRQHandler                      0x08000117   Thumb Code     0  startup_stm32f10x_md.o(.text)
    TIM1_CC_IRQHandler                       0x08000117   Thumb Code     0  startup_stm32f10x_md.o(.text)
    TIM1_TRG_COM_IRQHandler                  0x08000117   Thumb Code     0  startup_stm32f10x_md.o(.text)
    TIM1_UP_IRQHandler                       0x08000117   Thumb Code     0  startup_stm32f10x_md.o(.text)
    TIM2_IRQHandler                          0x08000117   Thumb Code     0  startup_stm32f10x_md.o(.text)
    TIM3_IRQHandler                          0x08000117   Thumb Code     0  startup_stm32f10x_md.o(.text)
    TIM4_IRQHandler                          0x08000117   Thumb Code     0  startup_stm32f10x_md.o(.text)
    USART2_IRQHandler                        0x08000117   Thumb Code     0  startup_stm32f10x_md.o(.text)
    USART3_IRQHandler                        0x08000117   Thumb Code     0  startup_stm32f10x_md.o(.text)
    USBWakeUp_IRQHandler                     0x08000117   Thumb Code     0  startup_stm32f10x_md.o(.text)
    USB_HP_CAN1_TX_IRQHandler                0x08000117   Thumb Code     0  startup_stm32f10x_md.o(.text)
    USB_LP_CAN1_RX0_IRQHandler               0x08000117   Thumb Code     0  startup_stm32f10x_md.o(.text)
    WWDG_IRQHandler                          0x08000117   Thumb Code     0  startup_stm32f10x_md.o(.text)
    __aeabi_fmul                             0x0800011d   Thumb Code   100  fmul.o(.text)
    __aeabi_fdiv                             0x08000181   Thumb Code   124  fdiv.o(.text)
    __aeabi_dadd                             0x080001fd   Thumb Code   322  dadd.o(.text)
    __aeabi_dsub                             0x0800033f   Thumb Code     6  dadd.o(.text)
    __aeabi_drsub                            0x08000345   Thumb Code     6  dadd.o(.text)
    __aeabi_dmul                             0x0800034b   Thumb Code   228  dmul.o(.text)
    __aeabi_i2f                              0x0800042f   Thumb Code    18  fflti.o(.text)
    __aeabi_ui2f                             0x08000441   Thumb Code    10  ffltui.o(.text)
    __aeabi_f2iz                             0x0800044b   Thumb Code    50  ffixi.o(.text)
    __aeabi_d2iz                             0x0800047d   Thumb Code    62  dfixi.o(.text)
    __aeabi_d2uiz                            0x080004bb   Thumb Code    50  dfixui.o(.text)
    __aeabi_f2d                              0x080004ed   Thumb Code    38  f2d.o(.text)
    __aeabi_uidiv                            0x08000513   Thumb Code     0  uidiv.o(.text)
    __aeabi_uidivmod                         0x08000513   Thumb Code    44  uidiv.o(.text)
    __aeabi_uldivmod                         0x0800053f   Thumb Code    98  uldiv.o(.text)
    __aeabi_llsl                             0x080005a1   Thumb Code    30  llshl.o(.text)
    _ll_shift_l                              0x080005a1   Thumb Code     0  llshl.o(.text)
    __aeabi_llsr                             0x080005bf   Thumb Code    32  llushr.o(.text)
    _ll_ushift_r                             0x080005bf   Thumb Code     0  llushr.o(.text)
    __aeabi_lasr                             0x080005df   Thumb Code    36  llsshr.o(.text)
    _ll_sshift_r                             0x080005df   Thumb Code     0  llsshr.o(.text)
    __I$use$fp                               0x08000603   Thumb Code     0  iusefp.o(.text)
    _float_round                             0x08000603   Thumb Code    18  fepilogue.o(.text)
    _float_epilogue                          0x08000615   Thumb Code    92  fepilogue.o(.text)
    _double_round                            0x08000671   Thumb Code    30  depilogue.o(.text)
    _double_epilogue                         0x0800068f   Thumb Code   156  depilogue.o(.text)
    __aeabi_ddiv                             0x0800072b   Thumb Code   222  ddiv.o(.text)
    __aeabi_d2ulz                            0x08000809   Thumb Code    48  dfixul.o(.text)
    __aeabi_cdrcmple                         0x08000839   Thumb Code    48  cdrcmple.o(.text)
    __scatterload                            0x08000869   Thumb Code    28  init.o(.text)
    __scatterload_rt2                        0x08000869   Thumb Code     0  init.o(.text)
    BusFault_Handler                         0x0800088d   Thumb Code     4  stm32f10x_it.o(i.BusFault_Handler)
    DS1302_DATAINPUT_init                    0x08000891   Thumb Code    34  ds1302.o(i.DS1302_DATAINPUT_init)
    DS1302_DATAOUT_init                      0x080008b9   Thumb Code    50  ds1302.o(i.DS1302_DATAOUT_init)
    DS1302_GPIO_Init                         0x080008f1   Thumb Code    88  ds1302.o(i.DS1302_GPIO_Init)
    DS1302_RAM                               0x0800094d   Thumb Code    56  ds1302.o(i.DS1302_RAM)
    DS1302_read_realTime                     0x08000989   Thumb Code   174  ds1302.o(i.DS1302_read_realTime)
    DS1302_read_rig                          0x08000a41   Thumb Code   174  ds1302.o(i.DS1302_read_rig)
    DS1302_read_time                         0x08000af5   Thumb Code    74  ds1302.o(i.DS1302_read_time)
    DS1302_wirte_rig                         0x08000b45   Thumb Code    96  ds1302.o(i.DS1302_wirte_rig)
    DS1302_write_onebyte                     0x08000ba9   Thumb Code    84  ds1302.o(i.DS1302_write_onebyte)
    DS18B20_Check                            0x08000c01   Thumb Code    84  ds18b20.o(i.DS18B20_Check)
    DS18B20_Get_Temp                         0x08000c59   Thumb Code   136  ds18b20.o(i.DS18B20_Get_Temp)
    DS18B20_Init                             0x08000ce5   Thumb Code    54  ds18b20.o(i.DS18B20_Init)
    DS18B20_Mode                             0x08000d21   Thumb Code    56  ds18b20.o(i.DS18B20_Mode)
    DS18B20_Read_Bit                         0x08000d5d   Thumb Code    68  ds18b20.o(i.DS18B20_Read_Bit)
    DS18B20_Read_Byte                        0x08000da5   Thumb Code    34  ds18b20.o(i.DS18B20_Read_Byte)
    DS18B20_Rst                              0x08000dc9   Thumb Code    40  ds18b20.o(i.DS18B20_Rst)
    DS18B20_Start                            0x08000df5   Thumb Code    24  ds18b20.o(i.DS18B20_Start)
    DS18B20_Write_Byte                       0x08000e0d   Thumb Code    90  ds18b20.o(i.DS18B20_Write_Byte)
    DebugMon_Handler                         0x08000e6d   Thumb Code     2  stm32f10x_it.o(i.DebugMon_Handler)
    Display_Update                           0x08000e71   Thumb Code  2188  main.o(i.Display_Update)
    GPIO_Init                                0x080017a5   Thumb Code   278  stm32f10x_gpio.o(i.GPIO_Init)
    GPIO_ReadInputDataBit                    0x080018bb   Thumb Code    18  stm32f10x_gpio.o(i.GPIO_ReadInputDataBit)
    GPIO_ResetBits                           0x080018cd   Thumb Code     4  stm32f10x_gpio.o(i.GPIO_ResetBits)
    GPIO_SetBits                             0x080018d1   Thumb Code     4  stm32f10x_gpio.o(i.GPIO_SetBits)
    HardFault_Handler                        0x080018d5   Thumb Code     4  stm32f10x_it.o(i.HardFault_Handler)
    Hardware_Init                            0x080018d9   Thumb Code   174  main.o(i.Hardware_Init)
    Key_GetNum                               0x080019a9   Thumb Code   134  key.o(i.Key_GetNum)
    Key_Init                                 0x08001a35   Thumb Code    40  key.o(i.Key_Init)
    Key_Num                                  0x08001a61   Thumb Code    38  key.o(i.Key_Num)
    LCD_Address_Set                          0x08001a8d   Thumb Code    66  lcd.o(i.LCD_Address_Set)
    LCD_DrawPoint                            0x08001acf   Thumb Code    28  lcd.o(i.LCD_DrawPoint)
    LCD_Fill                                 0x08001aeb   Thumb Code    74  lcd.o(i.LCD_Fill)
    LCD_GPIO_Init                            0x08001b35   Thumb Code    46  lcd.o(i.LCD_GPIO_Init)
    LCD_Init                                 0x08001b69   Thumb Code   500  lcd.o(i.LCD_Init)
    LCD_ShowChar                             0x08001d61   Thumb Code   328  lcd.o(i.LCD_ShowChar)
    LCD_ShowChinese                          0x08001eb9   Thumb Code   140  lcd.o(i.LCD_ShowChinese)
    LCD_ShowChinese12x12                     0x08001f45   Thumb Code   322  lcd.o(i.LCD_ShowChinese12x12)
    LCD_ShowChinese16x16                     0x0800208d   Thumb Code   306  lcd.o(i.LCD_ShowChinese16x16)
    LCD_ShowChinese24x24                     0x080021c5   Thumb Code   322  lcd.o(i.LCD_ShowChinese24x24)
    LCD_ShowChinese32x32                     0x0800230d   Thumb Code   306  lcd.o(i.LCD_ShowChinese32x32)
    LCD_ShowString                           0x08002445   Thumb Code    66  lcd.o(i.LCD_ShowString)
    LCD_WR_DATA                              0x08002487   Thumb Code    18  lcd.o(i.LCD_WR_DATA)
    LCD_WR_DATA8                             0x08002499   Thumb Code    12  lcd.o(i.LCD_WR_DATA8)
    LCD_WR_REG                               0x080024a5   Thumb Code    28  lcd.o(i.LCD_WR_REG)
    LCD_Writ_Bus                             0x080024c5   Thumb Code    78  lcd.o(i.LCD_Writ_Bus)
    LED_Init                                 0x08002519   Thumb Code    48  led.o(i.LED_Init)
    LED_Off                                  0x0800254d   Thumb Code    14  led.o(i.LED_Off)
    LED_On                                   0x08002561   Thumb Code    14  led.o(i.LED_On)
    MAX30102_IIC_Ack                         0x08002575   Thumb Code    48  max30102.o(i.MAX30102_IIC_Ack)
    MAX30102_IIC_Init                        0x080025ad   Thumb Code    52  max30102.o(i.MAX30102_IIC_Init)
    MAX30102_IIC_NAck                        0x080025ed   Thumb Code    48  max30102.o(i.MAX30102_IIC_NAck)
    MAX30102_IIC_Read_Byte                   0x08002625   Thumb Code    80  max30102.o(i.MAX30102_IIC_Read_Byte)
    MAX30102_IIC_SDA_IN                      0x0800267d   Thumb Code    32  max30102.o(i.MAX30102_IIC_SDA_IN)
    MAX30102_IIC_SDA_OUT                     0x080026a1   Thumb Code    32  max30102.o(i.MAX30102_IIC_SDA_OUT)
    MAX30102_IIC_Send_Byte                   0x080026c5   Thumb Code    72  max30102.o(i.MAX30102_IIC_Send_Byte)
    MAX30102_IIC_Start                       0x08002715   Thumb Code    46  max30102.o(i.MAX30102_IIC_Start)
    MAX30102_IIC_Stop                        0x0800274d   Thumb Code    44  max30102.o(i.MAX30102_IIC_Stop)
    MAX30102_IIC_Wait_Ack                    0x08002781   Thumb Code    68  max30102.o(i.MAX30102_IIC_Wait_Ack)
    MAX30102_Init                            0x080027cd   Thumb Code   130  max30102.o(i.MAX30102_Init)
    MAX30102_Reset                           0x08002855   Thumb Code    20  max30102.o(i.MAX30102_Reset)
    Max_Date                                 0x08002869   Thumb Code   228  max30102.o(i.Max_Date)
    Max_Update                               0x08002981   Thumb Code   570  max30102.o(i.Max_Update)
    MemManage_Handler                        0x08002c05   Thumb Code     4  stm32f10x_it.o(i.MemManage_Handler)
    NMI_Handler                              0x08002c09   Thumb Code     2  stm32f10x_it.o(i.NMI_Handler)
    NVIC_PriorityGroupConfig                 0x08002c0d   Thumb Code    10  misc.o(i.NVIC_PriorityGroupConfig)
    PWM_SetCompare                           0x08002c21   Thumb Code    54  servo.o(i.PWM_SetCompare)
    PendSV_Handler                           0x08002c5d   Thumb Code     2  stm32f10x_it.o(i.PendSV_Handler)
    RCC_APB1PeriphClockCmd                   0x08002c61   Thumb Code    26  stm32f10x_rcc.o(i.RCC_APB1PeriphClockCmd)
    RCC_APB2PeriphClockCmd                   0x08002c81   Thumb Code    26  stm32f10x_rcc.o(i.RCC_APB2PeriphClockCmd)
    RCC_GetClocksFreq                        0x08002ca1   Thumb Code   192  stm32f10x_rcc.o(i.RCC_GetClocksFreq)
    SVC_Handler                              0x08002d75   Thumb Code     2  stm32f10x_it.o(i.SVC_Handler)
    Servo_Init                               0x08002d79   Thumb Code   170  servo.o(i.Servo_Init)
    Servo_SetAngle                           0x08002e31   Thumb Code    56  servo.o(i.Servo_SetAngle)
    SysTick_CLKSourceConfig                  0x08002f5d   Thumb Code    40  misc.o(i.SysTick_CLKSourceConfig)
    SysTick_Handler                          0x08002f85   Thumb Code     2  stm32f10x_it.o(i.SysTick_Handler)
    SystemInit                               0x08002f89   Thumb Code    78  system_stm32f10x.o(i.SystemInit)
    TIM_Cmd                                  0x08002fe9   Thumb Code    24  stm32f10x_tim.o(i.TIM_Cmd)
    TIM_InternalClockConfig                  0x08003001   Thumb Code    12  stm32f10x_tim.o(i.TIM_InternalClockConfig)
    TIM_OC1Init                              0x0800300d   Thumb Code   132  stm32f10x_tim.o(i.TIM_OC1Init)
    TIM_OC2Init                              0x080030a5   Thumb Code   154  stm32f10x_tim.o(i.TIM_OC2Init)
    TIM_OC3Init                              0x08003149   Thumb Code   150  stm32f10x_tim.o(i.TIM_OC3Init)
    TIM_OCStructInit                         0x080031e9   Thumb Code    20  stm32f10x_tim.o(i.TIM_OCStructInit)
    TIM_SetCompare1                          0x080031fd   Thumb Code     4  stm32f10x_tim.o(i.TIM_SetCompare1)
    TIM_SetCompare2                          0x08003201   Thumb Code     4  stm32f10x_tim.o(i.TIM_SetCompare2)
    TIM_SetCompare3                          0x08003205   Thumb Code     4  stm32f10x_tim.o(i.TIM_SetCompare3)
    TIM_TimeBaseInit                         0x08003209   Thumb Code   122  stm32f10x_tim.o(i.TIM_TimeBaseInit)
    USART1_IRQHandler                        0x080032ad   Thumb Code    24  usart.o(i.USART1_IRQHandler)
    USART_ClearFlag                          0x080032c9   Thumb Code    18  stm32f10x_usart.o(i.USART_ClearFlag)
    USART_Cmd                                0x080032db   Thumb Code    24  stm32f10x_usart.o(i.USART_Cmd)
    USART_GetITStatus                        0x080032f3   Thumb Code    84  stm32f10x_usart.o(i.USART_GetITStatus)
    USART_Init                               0x08003349   Thumb Code   210  stm32f10x_usart.o(i.USART_Init)
    USART_SendData                           0x08003421   Thumb Code     8  stm32f10x_usart.o(i.USART_SendData)
    UsageFault_Handler                       0x08003429   Thumb Code     4  stm32f10x_it.o(i.UsageFault_Handler)
    Usart3_Init                              0x0800342d   Thumb Code   124  usart.o(i.Usart3_Init)
    __0printf                                0x080034b1   Thumb Code    22  printfa.o(i.__0printf)
    __1printf                                0x080034b1   Thumb Code     0  printfa.o(i.__0printf)
    __2printf                                0x080034b1   Thumb Code     0  printfa.o(i.__0printf)
    __c89printf                              0x080034b1   Thumb Code     0  printfa.o(i.__0printf)
    printf                                   0x080034b1   Thumb Code     0  printfa.o(i.__0printf)
    __0sprintf                               0x080034d1   Thumb Code    34  printfa.o(i.__0sprintf)
    __1sprintf                               0x080034d1   Thumb Code     0  printfa.o(i.__0sprintf)
    __2sprintf                               0x080034d1   Thumb Code     0  printfa.o(i.__0sprintf)
    __c89sprintf                             0x080034d1   Thumb Code     0  printfa.o(i.__0sprintf)
    sprintf                                  0x080034d1   Thumb Code     0  printfa.o(i.__0sprintf)
    __scatterload_copy                       0x080034f9   Thumb Code    14  handlers.o(i.__scatterload_copy)
    __scatterload_null                       0x08003507   Thumb Code     2  handlers.o(i.__scatterload_null)
    __scatterload_zeroinit                   0x08003509   Thumb Code    14  handlers.o(i.__scatterload_zeroinit)
    delay_init                               0x08003dd5   Thumb Code    52  delay.o(i.delay_init)
    delay_ms                                 0x08003e11   Thumb Code    56  delay.o(i.delay_ms)
    delay_us                                 0x08003e4d   Thumb Code    56  delay.o(i.delay_us)
    fputc                                    0x08003e89   Thumb Code    32  usart.o(i.fputc)
    main                                     0x08003ead   Thumb Code   948  main.o(i.main)
    max30102_Bus_Read                        0x080042b1   Thumb Code    82  max30102.o(i.max30102_Bus_Read)
    max30102_Bus_Write                       0x08004303   Thumb Code    68  max30102.o(i.max30102_Bus_Write)
    max30102_FIFO_ReadBytes                  0x08004347   Thumb Code   128  max30102.o(i.max30102_FIFO_ReadBytes)
    maxim_find_peaks                         0x080043c7   Thumb Code    66  max30102.o(i.maxim_find_peaks)
    maxim_heart_rate_and_oxygen_saturation   0x08004409   Thumb Code  1304  max30102.o(i.maxim_heart_rate_and_oxygen_saturation)
    maxim_peaks_above_min_height             0x08004929   Thumb Code   122  max30102.o(i.maxim_peaks_above_min_height)
    maxim_remove_close_peaks                 0x080049a3   Thumb Code   114  max30102.o(i.maxim_remove_close_peaks)
    maxim_sort_ascend                        0x08004a15   Thumb Code    54  max30102.o(i.maxim_sort_ascend)
    maxim_sort_indices_descend               0x08004a4b   Thumb Code    64  max30102.o(i.maxim_sort_indices_descend)
    ascii_1206                               0x08004a8a   Data        1140  lcd.o(.constdata)
    ascii_1608                               0x08004efe   Data        1520  lcd.o(.constdata)
    ascii_2412                               0x080054ee   Data        4560  lcd.o(.constdata)
    ascii_3216                               0x080066be   Data        6080  lcd.o(.constdata)
    tfont12                                  0x08007e7e   Data        1196  lcd.o(.constdata)
    tfont16                                  0x0800832a   Data         442  lcd.o(.constdata)
    tfont24                                  0x080084e4   Data         148  lcd.o(.constdata)
    tfont32                                  0x08008578   Data         260  lcd.o(.constdata)
    auw_hamm                                 0x0800867c   Data          62  max30102.o(.constdata)
    uch_spo2_table                           0x080086ba   Data         184  max30102.o(.constdata)
    Region$$Table$$Base                      0x08008774   Number         0  anon$$obj.o(Region$$Table)
    Region$$Table$$Limit                     0x08008794   Number         0  anon$$obj.o(Region$$Table)
    SystemCoreClock                          0x20000000   Data           4  system_stm32f10x.o(.data)
    AHBPrescTable                            0x20000004   Data          16  system_stm32f10x.o(.data)
    count                                    0x20000014   Data           3  main.o(.data)
    KeyNum                                   0x20000017   Data           1  main.o(.data)
    Num                                      0x20000018   Data           1  main.o(.data)
    p                                        0x20000019   Data          16  main.o(.data)
    hr_str                                   0x20000029   Data          16  main.o(.data)
    spo2_str                                 0x20000039   Data          16  main.o(.data)
    temperature                              0x2000004a   Data           2  main.o(.data)
    n_ir_buffer_length                       0x2000004c   Data           4  main.o(.data)
    n_sp02                                   0x20000050   Data           4  main.o(.data)
    ch_spo2_valid                            0x20000054   Data           1  main.o(.data)
    n_heart_rate                             0x20000058   Data           4  main.o(.data)
    ch_hr_valid                              0x2000005c   Data           1  main.o(.data)
    Temp                                     0x2000005d   Data           1  main.o(.data)
    un_min                                   0x20000060   Data           4  main.o(.data)
    un_max                                   0x20000064   Data           4  main.o(.data)
    un_prev_data                             0x20000068   Data           4  main.o(.data)
    i                                        0x2000006c   Data           4  main.o(.data)
    n_brightness                             0x20000070   Data           4  main.o(.data)
    f_temp                                   0x20000074   Data           4  main.o(.data)
    temp                                     0x20000078   Data           6  main.o(.data)
    dis_hr                                   0x2000007e   Data           1  main.o(.data)
    dis_spo2                                 0x2000007f   Data           1  main.o(.data)
    medicineTaken                            0x20000080   Data           1  main.o(.data)
    lastPlayTime                             0x20000084   Data           4  main.o(.data)
    voiceTriggered                           0x20000088   Data           1  main.o(.data)
    medicine1_count                          0x20000089   Data           1  main.o(.data)
    medicine2_count                          0x2000008a   Data           1  main.o(.data)
    medicine3_count                          0x2000008b   Data           1  main.o(.data)
    set_mode                                 0x2000008c   Data           1  main.o(.data)
    set_pos                                  0x2000008d   Data           1  main.o(.data)
    TimeData                                 0x2000008e   Data           8  ds1302.o(.data)
    TimeRAM                                  0x20000096   Data           2  ds1302.o(.data)
    read_time                                0x20000098   Data           7  ds1302.o(.data)
    __stdout                                 0x200000b8   Data           4  stdout.o(.data)
    st                                       0x200000bc   Data          50  main.o(.bss)
    aun_ir_buffer                            0x200000f0   Data        2000  main.o(.bss)
    aun_red_buffer                           0x200008c0   Data        2000  main.o(.bss)
    str                                      0x20001090   Data         100  main.o(.bss)
    __initial_sp                             0x20002a58   Data           0  startup_stm32f10x_md.o(STACK)



==============================================================================

Memory Map of the image

  Image Entry point : 0x080000ed

  Load Region LR_IROM1 (Base: 0x08000000, Size: 0x00008850, Max: 0x00010000, ABSOLUTE)

    Execution Region ER_IROM1 (Exec base: 0x08000000, Load base: 0x08000000, Size: 0x00008794, Max: 0x00010000, ABSOLUTE)

    Exec Addr    Load Addr    Size         Type   Attr      Idx    E Section Name        Object

    0x08000000   0x08000000   0x000000ec   Data   RO          992    RESET               startup_stm32f10x_md.o
    0x080000ec   0x080000ec   0x00000000   Code   RO         2297  * .ARM.Collect$$$$00000000  mc_w.l(entry.o)
    0x080000ec   0x080000ec   0x00000004   Code   RO         2583    .ARM.Collect$$$$00000001  mc_w.l(entry2.o)
    0x080000f0   0x080000f0   0x00000004   Code   RO         2586    .ARM.Collect$$$$00000004  mc_w.l(entry5.o)
    0x080000f4   0x080000f4   0x00000000   Code   RO         2588    .ARM.Collect$$$$00000008  mc_w.l(entry7b.o)
    0x080000f4   0x080000f4   0x00000000   Code   RO         2590    .ARM.Collect$$$$0000000A  mc_w.l(entry8b.o)
    0x080000f4   0x080000f4   0x00000008   Code   RO         2591    .ARM.Collect$$$$0000000B  mc_w.l(entry9a.o)
    0x080000fc   0x080000fc   0x00000000   Code   RO         2593    .ARM.Collect$$$$0000000D  mc_w.l(entry10a.o)
    0x080000fc   0x080000fc   0x00000000   Code   RO         2595    .ARM.Collect$$$$0000000F  mc_w.l(entry11a.o)
    0x080000fc   0x080000fc   0x00000004   Code   RO         2584    .ARM.Collect$$$$00002712  mc_w.l(entry2.o)
    0x08000100   0x08000100   0x0000001c   Code   RO          993    .text               startup_stm32f10x_md.o
    0x0800011c   0x0800011c   0x00000064   Code   RO         2561    .text               mf_w.l(fmul.o)
    0x08000180   0x08000180   0x0000007c   Code   RO         2563    .text               mf_w.l(fdiv.o)
    0x080001fc   0x080001fc   0x0000014e   Code   RO         2565    .text               mf_w.l(dadd.o)
    0x0800034a   0x0800034a   0x000000e4   Code   RO         2567    .text               mf_w.l(dmul.o)
    0x0800042e   0x0800042e   0x00000012   Code   RO         2569    .text               mf_w.l(fflti.o)
    0x08000440   0x08000440   0x0000000a   Code   RO         2571    .text               mf_w.l(ffltui.o)
    0x0800044a   0x0800044a   0x00000032   Code   RO         2573    .text               mf_w.l(ffixi.o)
    0x0800047c   0x0800047c   0x0000003e   Code   RO         2577    .text               mf_w.l(dfixi.o)
    0x080004ba   0x080004ba   0x00000032   Code   RO         2579    .text               mf_w.l(dfixui.o)
    0x080004ec   0x080004ec   0x00000026   Code   RO         2581    .text               mf_w.l(f2d.o)
    0x08000512   0x08000512   0x0000002c   Code   RO         2598    .text               mc_w.l(uidiv.o)
    0x0800053e   0x0800053e   0x00000062   Code   RO         2600    .text               mc_w.l(uldiv.o)
    0x080005a0   0x080005a0   0x0000001e   Code   RO         2602    .text               mc_w.l(llshl.o)
    0x080005be   0x080005be   0x00000020   Code   RO         2604    .text               mc_w.l(llushr.o)
    0x080005de   0x080005de   0x00000024   Code   RO         2606    .text               mc_w.l(llsshr.o)
    0x08000602   0x08000602   0x00000000   Code   RO         2608    .text               mc_w.l(iusefp.o)
    0x08000602   0x08000602   0x0000006e   Code   RO         2609    .text               mf_w.l(fepilogue.o)
    0x08000670   0x08000670   0x000000ba   Code   RO         2611    .text               mf_w.l(depilogue.o)
    0x0800072a   0x0800072a   0x000000de   Code   RO         2613    .text               mf_w.l(ddiv.o)
    0x08000808   0x08000808   0x00000030   Code   RO         2615    .text               mf_w.l(dfixul.o)
    0x08000838   0x08000838   0x00000030   Code   RO         2617    .text               mf_w.l(cdrcmple.o)
    0x08000868   0x08000868   0x00000024   Code   RO         2619    .text               mc_w.l(init.o)
    0x0800088c   0x0800088c   0x00000004   Code   RO            1    i.BusFault_Handler  stm32f10x_it.o
    0x08000890   0x08000890   0x00000028   Code   RO          485    i.DS1302_DATAINPUT_init  ds1302.o
    0x080008b8   0x080008b8   0x00000038   Code   RO          486    i.DS1302_DATAOUT_init  ds1302.o
    0x080008f0   0x080008f0   0x0000005c   Code   RO          487    i.DS1302_GPIO_Init  ds1302.o
    0x0800094c   0x0800094c   0x0000003c   Code   RO          489    i.DS1302_RAM        ds1302.o
    0x08000988   0x08000988   0x000000b8   Code   RO          490    i.DS1302_read_realTime  ds1302.o
    0x08000a40   0x08000a40   0x000000b4   Code   RO          491    i.DS1302_read_rig   ds1302.o
    0x08000af4   0x08000af4   0x00000050   Code   RO          492    i.DS1302_read_time  ds1302.o
    0x08000b44   0x08000b44   0x00000064   Code   RO          493    i.DS1302_wirte_rig  ds1302.o
    0x08000ba8   0x08000ba8   0x00000058   Code   RO          494    i.DS1302_write_onebyte  ds1302.o
    0x08000c00   0x08000c00   0x00000058   Code   RO          611    i.DS18B20_Check     ds18b20.o
    0x08000c58   0x08000c58   0x0000008c   Code   RO          612    i.DS18B20_Get_Temp  ds18b20.o
    0x08000ce4   0x08000ce4   0x0000003c   Code   RO          613    i.DS18B20_Init      ds18b20.o
    0x08000d20   0x08000d20   0x0000003c   Code   RO          614    i.DS18B20_Mode      ds18b20.o
    0x08000d5c   0x08000d5c   0x00000048   Code   RO          615    i.DS18B20_Read_Bit  ds18b20.o
    0x08000da4   0x08000da4   0x00000022   Code   RO          616    i.DS18B20_Read_Byte  ds18b20.o
    0x08000dc6   0x08000dc6   0x00000002   PAD
    0x08000dc8   0x08000dc8   0x0000002c   Code   RO          617    i.DS18B20_Rst       ds18b20.o
    0x08000df4   0x08000df4   0x00000018   Code   RO          618    i.DS18B20_Start     ds18b20.o
    0x08000e0c   0x08000e0c   0x00000060   Code   RO          619    i.DS18B20_Write_Byte  ds18b20.o
    0x08000e6c   0x08000e6c   0x00000002   Code   RO            2    i.DebugMon_Handler  stm32f10x_it.o
    0x08000e6e   0x08000e6e   0x00000002   PAD
    0x08000e70   0x08000e70   0x00000934   Code   RO          189    i.Display_Update    main.o
    0x080017a4   0x080017a4   0x00000116   Code   RO         1219    i.GPIO_Init         stm32f10x_gpio.o
    0x080018ba   0x080018ba   0x00000012   Code   RO         1223    i.GPIO_ReadInputDataBit  stm32f10x_gpio.o
    0x080018cc   0x080018cc   0x00000004   Code   RO         1226    i.GPIO_ResetBits    stm32f10x_gpio.o
    0x080018d0   0x080018d0   0x00000004   Code   RO         1227    i.GPIO_SetBits      stm32f10x_gpio.o
    0x080018d4   0x080018d4   0x00000004   Code   RO            3    i.HardFault_Handler  stm32f10x_it.o
    0x080018d8   0x080018d8   0x000000d0   Code   RO          190    i.Hardware_Init     main.o
    0x080019a8   0x080019a8   0x0000008c   Code   RO          581    i.Key_GetNum        key.o
    0x08001a34   0x08001a34   0x0000002c   Code   RO          582    i.Key_Init          key.o
    0x08001a60   0x08001a60   0x0000002c   Code   RO          583    i.Key_Num           key.o
    0x08001a8c   0x08001a8c   0x00000042   Code   RO          333    i.LCD_Address_Set   lcd.o
    0x08001ace   0x08001ace   0x0000001c   Code   RO          335    i.LCD_DrawPoint     lcd.o
    0x08001aea   0x08001aea   0x0000004a   Code   RO          337    i.LCD_Fill          lcd.o
    0x08001b34   0x08001b34   0x00000034   Code   RO          338    i.LCD_GPIO_Init     lcd.o
    0x08001b68   0x08001b68   0x000001f8   Code   RO          339    i.LCD_Init          lcd.o
    0x08001d60   0x08001d60   0x00000158   Code   RO          340    i.LCD_ShowChar      lcd.o
    0x08001eb8   0x08001eb8   0x0000008c   Code   RO          341    i.LCD_ShowChinese   lcd.o
    0x08001f44   0x08001f44   0x00000148   Code   RO          342    i.LCD_ShowChinese12x12  lcd.o
    0x0800208c   0x0800208c   0x00000138   Code   RO          343    i.LCD_ShowChinese16x16  lcd.o
    0x080021c4   0x080021c4   0x00000148   Code   RO          344    i.LCD_ShowChinese24x24  lcd.o
    0x0800230c   0x0800230c   0x00000138   Code   RO          345    i.LCD_ShowChinese32x32  lcd.o
    0x08002444   0x08002444   0x00000042   Code   RO          349    i.LCD_ShowString    lcd.o
    0x08002486   0x08002486   0x00000012   Code   RO          350    i.LCD_WR_DATA       lcd.o
    0x08002498   0x08002498   0x0000000c   Code   RO          351    i.LCD_WR_DATA8      lcd.o
    0x080024a4   0x080024a4   0x00000020   Code   RO          352    i.LCD_WR_REG        lcd.o
    0x080024c4   0x080024c4   0x00000054   Code   RO          353    i.LCD_Writ_Bus      lcd.o
    0x08002518   0x08002518   0x00000034   Code   RO          292    i.LED_Init          led.o
    0x0800254c   0x0800254c   0x00000014   Code   RO          293    i.LED_Off           led.o
    0x08002560   0x08002560   0x00000014   Code   RO          294    i.LED_On            led.o
    0x08002574   0x08002574   0x00000038   Code   RO          671    i.MAX30102_IIC_Ack  max30102.o
    0x080025ac   0x080025ac   0x00000040   Code   RO          672    i.MAX30102_IIC_Init  max30102.o
    0x080025ec   0x080025ec   0x00000038   Code   RO          673    i.MAX30102_IIC_NAck  max30102.o
    0x08002624   0x08002624   0x00000058   Code   RO          675    i.MAX30102_IIC_Read_Byte  max30102.o
    0x0800267c   0x0800267c   0x00000024   Code   RO          677    i.MAX30102_IIC_SDA_IN  max30102.o
    0x080026a0   0x080026a0   0x00000024   Code   RO          678    i.MAX30102_IIC_SDA_OUT  max30102.o
    0x080026c4   0x080026c4   0x00000050   Code   RO          679    i.MAX30102_IIC_Send_Byte  max30102.o
    0x08002714   0x08002714   0x00000038   Code   RO          680    i.MAX30102_IIC_Start  max30102.o
    0x0800274c   0x0800274c   0x00000034   Code   RO          681    i.MAX30102_IIC_Stop  max30102.o
    0x08002780   0x08002780   0x0000004c   Code   RO          682    i.MAX30102_IIC_Wait_Ack  max30102.o
    0x080027cc   0x080027cc   0x00000088   Code   RO          685    i.MAX30102_Init     max30102.o
    0x08002854   0x08002854   0x00000014   Code   RO          686    i.MAX30102_Reset    max30102.o
    0x08002868   0x08002868   0x00000118   Code   RO          687    i.Max_Date          max30102.o
    0x08002980   0x08002980   0x00000284   Code   RO          688    i.Max_Update        max30102.o
    0x08002c04   0x08002c04   0x00000004   Code   RO            4    i.MemManage_Handler  stm32f10x_it.o
    0x08002c08   0x08002c08   0x00000002   Code   RO            5    i.NMI_Handler       stm32f10x_it.o
    0x08002c0a   0x08002c0a   0x00000002   PAD
    0x08002c0c   0x08002c0c   0x00000014   Code   RO          998    i.NVIC_PriorityGroupConfig  misc.o
    0x08002c20   0x08002c20   0x0000003c   Code   RO          557    i.PWM_SetCompare    servo.o
    0x08002c5c   0x08002c5c   0x00000002   Code   RO            6    i.PendSV_Handler    stm32f10x_it.o
    0x08002c5e   0x08002c5e   0x00000002   PAD
    0x08002c60   0x08002c60   0x00000020   Code   RO         1329    i.RCC_APB1PeriphClockCmd  stm32f10x_rcc.o
    0x08002c80   0x08002c80   0x00000020   Code   RO         1331    i.RCC_APB2PeriphClockCmd  stm32f10x_rcc.o
    0x08002ca0   0x08002ca0   0x000000d4   Code   RO         1339    i.RCC_GetClocksFreq  stm32f10x_rcc.o
    0x08002d74   0x08002d74   0x00000002   Code   RO            7    i.SVC_Handler       stm32f10x_it.o
    0x08002d76   0x08002d76   0x00000002   PAD
    0x08002d78   0x08002d78   0x000000b8   Code   RO          558    i.Servo_Init        servo.o
    0x08002e30   0x08002e30   0x00000044   Code   RO          559    i.Servo_SetAngle    servo.o
    0x08002e74   0x08002e74   0x00000008   Code   RO          155    i.SetSysClock       system_stm32f10x.o
    0x08002e7c   0x08002e7c   0x000000e0   Code   RO          156    i.SetSysClockTo72   system_stm32f10x.o
    0x08002f5c   0x08002f5c   0x00000028   Code   RO         1001    i.SysTick_CLKSourceConfig  misc.o
    0x08002f84   0x08002f84   0x00000002   Code   RO            8    i.SysTick_Handler   stm32f10x_it.o
    0x08002f86   0x08002f86   0x00000002   PAD
    0x08002f88   0x08002f88   0x00000060   Code   RO          158    i.SystemInit        system_stm32f10x.o
    0x08002fe8   0x08002fe8   0x00000018   Code   RO         1765    i.TIM_Cmd           stm32f10x_tim.o
    0x08003000   0x08003000   0x0000000c   Code   RO         1792    i.TIM_InternalClockConfig  stm32f10x_tim.o
    0x0800300c   0x0800300c   0x00000098   Code   RO         1794    i.TIM_OC1Init       stm32f10x_tim.o
    0x080030a4   0x080030a4   0x000000a4   Code   RO         1799    i.TIM_OC2Init       stm32f10x_tim.o
    0x08003148   0x08003148   0x000000a0   Code   RO         1804    i.TIM_OC3Init       stm32f10x_tim.o
    0x080031e8   0x080031e8   0x00000014   Code   RO         1812    i.TIM_OCStructInit  stm32f10x_tim.o
    0x080031fc   0x080031fc   0x00000004   Code   RO         1826    i.TIM_SetCompare1   stm32f10x_tim.o
    0x08003200   0x08003200   0x00000004   Code   RO         1827    i.TIM_SetCompare2   stm32f10x_tim.o
    0x08003204   0x08003204   0x00000004   Code   RO         1828    i.TIM_SetCompare3   stm32f10x_tim.o
    0x08003208   0x08003208   0x000000a4   Code   RO         1836    i.TIM_TimeBaseInit  stm32f10x_tim.o
    0x080032ac   0x080032ac   0x0000001c   Code   RO          894    i.USART1_IRQHandler  usart.o
    0x080032c8   0x080032c8   0x00000012   Code   RO         1033    i.USART_ClearFlag   stm32f10x_usart.o
    0x080032da   0x080032da   0x00000018   Code   RO         1037    i.USART_Cmd         stm32f10x_usart.o
    0x080032f2   0x080032f2   0x00000054   Code   RO         1041    i.USART_GetITStatus  stm32f10x_usart.o
    0x08003346   0x08003346   0x00000002   PAD
    0x08003348   0x08003348   0x000000d8   Code   RO         1044    i.USART_Init        stm32f10x_usart.o
    0x08003420   0x08003420   0x00000008   Code   RO         1054    i.USART_SendData    stm32f10x_usart.o
    0x08003428   0x08003428   0x00000004   Code   RO            9    i.UsageFault_Handler  stm32f10x_it.o
    0x0800342c   0x0800342c   0x00000084   Code   RO          896    i.Usart3_Init       usart.o
    0x080034b0   0x080034b0   0x00000020   Code   RO         2533    i.__0printf         mc_w.l(printfa.o)
    0x080034d0   0x080034d0   0x00000028   Code   RO         2535    i.__0sprintf        mc_w.l(printfa.o)
    0x080034f8   0x080034f8   0x0000000e   Code   RO         2623    i.__scatterload_copy  mc_w.l(handlers.o)
    0x08003506   0x08003506   0x00000002   Code   RO         2624    i.__scatterload_null  mc_w.l(handlers.o)
    0x08003508   0x08003508   0x0000000e   Code   RO         2625    i.__scatterload_zeroinit  mc_w.l(handlers.o)
    0x08003516   0x08003516   0x00000002   PAD
    0x08003518   0x08003518   0x00000184   Code   RO         2540    i._fp_digits        mc_w.l(printfa.o)
    0x0800369c   0x0800369c   0x000006dc   Code   RO         2541    i._printf_core      mc_w.l(printfa.o)
    0x08003d78   0x08003d78   0x00000024   Code   RO         2542    i._printf_post_padding  mc_w.l(printfa.o)
    0x08003d9c   0x08003d9c   0x0000002e   Code   RO         2543    i._printf_pre_padding  mc_w.l(printfa.o)
    0x08003dca   0x08003dca   0x0000000a   Code   RO         2545    i._sputc            mc_w.l(printfa.o)
    0x08003dd4   0x08003dd4   0x0000003c   Code   RO          867    i.delay_init        delay.o
    0x08003e10   0x08003e10   0x0000003c   Code   RO          868    i.delay_ms          delay.o
    0x08003e4c   0x08003e4c   0x0000003c   Code   RO          869    i.delay_us          delay.o
    0x08003e88   0x08003e88   0x00000024   Code   RO          899    i.fputc             usart.o
    0x08003eac   0x08003eac   0x00000404   Code   RO          191    i.main              main.o
    0x080042b0   0x080042b0   0x00000052   Code   RO          689    i.max30102_Bus_Read  max30102.o
    0x08004302   0x08004302   0x00000044   Code   RO          690    i.max30102_Bus_Write  max30102.o
    0x08004346   0x08004346   0x00000080   Code   RO          691    i.max30102_FIFO_ReadBytes  max30102.o
    0x080043c6   0x080043c6   0x00000042   Code   RO          693    i.maxim_find_peaks  max30102.o
    0x08004408   0x08004408   0x00000520   Code   RO          694    i.maxim_heart_rate_and_oxygen_saturation  max30102.o
    0x08004928   0x08004928   0x0000007a   Code   RO          698    i.maxim_peaks_above_min_height  max30102.o
    0x080049a2   0x080049a2   0x00000072   Code   RO          699    i.maxim_remove_close_peaks  max30102.o
    0x08004a14   0x08004a14   0x00000036   Code   RO          700    i.maxim_sort_ascend  max30102.o
    0x08004a4a   0x08004a4a   0x00000040   Code   RO          701    i.maxim_sort_indices_descend  max30102.o
    0x08004a8a   0x08004a8a   0x00003bf2   Data   RO          355    .constdata          lcd.o
    0x0800867c   0x0800867c   0x000000f6   Data   RO          703    .constdata          max30102.o
    0x08008772   0x08008772   0x00000002   PAD
    0x08008774   0x08008774   0x00000020   Data   RO         2621    Region$$Table       anon$$obj.o


    Execution Region RW_IRAM1 (Exec base: 0x20000000, Load base: 0x08008794, Size: 0x00002a58, Max: 0x00005000, ABSOLUTE)

    Exec Addr    Load Addr    Size         Type   Attr      Idx    E Section Name        Object

    0x20000000   0x08008794   0x00000014   Data   RW          159    .data               system_stm32f10x.o
    0x20000014   0x080087a8   0x0000007a   Data   RW          194    .data               main.o
    0x2000008e   0x08008822   0x00000011   Data   RW          495    .data               ds1302.o
    0x2000009f   0x08008833   0x00000001   PAD
    0x200000a0   0x08008834   0x00000004   Data   RW          870    .data               delay.o
    0x200000a4   0x08008838   0x00000014   Data   RW         1359    .data               stm32f10x_rcc.o
    0x200000b8   0x0800884c   0x00000004   Data   RW         2597    .data               mc_w.l(stdout.o)
    0x200000bc        -       0x00001038   Zero   RW          192    .bss                main.o
    0x200010f4        -       0x00001760   Zero   RW          702    .bss                max30102.o
    0x20002854   0x08008850   0x00000004   PAD
    0x20002858        -       0x00000200   Zero   RW          990    STACK               startup_stm32f10x_md.o


==============================================================================

Image component sizes


      Code (inc. data)   RO Data    RW Data    ZI Data      Debug   Object Name

       180         16          0          4          0       1763   delay.o
       880         50          0         17          0       6793   ds1302.o
       618         32          0          0          0       5223   ds18b20.o
       228         16          0          0          0       1554   key.o
      2700         60      15346          0          0      13929   lcd.o
        92         16          0          0          0       1362   led.o
      3592        434          0        122       4152     223991   main.o
      3690        240        246          0       5984      17600   max30102.o
        60         10          0          0          0       1041   misc.o
       312         32          0          0          0       1867   servo.o
        28          4        236          0        512        776   startup_stm32f10x_md.o
       304          0          0          0          0       3664   stm32f10x_gpio.o
        26          0          0          0          0      51766   stm32f10x_it.o
       276         32          0         20          0       4446   stm32f10x_rcc.o
       708         82          0          0          0       6546   stm32f10x_tim.o
       350          6          0          0          0       4712   stm32f10x_usart.o
         0          0          0          0          0         32   sys.o
       328         28          0         20          0       2097   system_stm32f10x.o
       196         16          0          0          0       3542   usart.o

    ----------------------------------------------------------------------
     14582       1074      15862        184      10652     352704   Object Totals
         0          0         32          0          0          0   (incl. Generated)
        14          0          2          1          4          0   (incl. Padding)

    ----------------------------------------------------------------------

      Code (inc. data)   RO Data    RW Data    ZI Data      Debug   Library Member Name

         0          0          0          0          0          0   entry.o
         0          0          0          0          0          0   entry10a.o
         0          0          0          0          0          0   entry11a.o
         8          4          0          0          0          0   entry2.o
         4          0          0          0          0          0   entry5.o
         0          0          0          0          0          0   entry7b.o
         0          0          0          0          0          0   entry8b.o
         8          4          0          0          0          0   entry9a.o
        30          0          0          0          0          0   handlers.o
        36          8          0          0          0         68   init.o
         0          0          0          0          0          0   iusefp.o
        30          0          0          0          0         68   llshl.o
        36          0          0          0          0         68   llsshr.o
        32          0          0          0          0         68   llushr.o
      2308         96          0          0          0        604   printfa.o
         0          0          0          4          0          0   stdout.o
        44          0          0          0          0         80   uidiv.o
        98          0          0          0          0         92   uldiv.o
        48          0          0          0          0         68   cdrcmple.o
       334          0          0          0          0        148   dadd.o
       222          0          0          0          0        100   ddiv.o
       186          0          0          0          0        176   depilogue.o
        62          0          0          0          0         80   dfixi.o
        50          0          0          0          0         76   dfixui.o
        48          0          0          0          0         68   dfixul.o
       228          0          0          0          0         96   dmul.o
        38          0          0          0          0         68   f2d.o
       124          0          0          0          0         88   fdiv.o
       110          0          0          0          0        168   fepilogue.o
        50          0          0          0          0         68   ffixi.o
        18          0          0          0          0         68   fflti.o
        10          0          0          0          0         68   ffltui.o
       100          0          0          0          0         76   fmul.o

    ----------------------------------------------------------------------
      4264        112          0          4          0       2464   Library Totals
         2          0          0          0          0          0   (incl. Padding)

    ----------------------------------------------------------------------

      Code (inc. data)   RO Data    RW Data    ZI Data      Debug   Library Name

      2634        112          0          4          0       1048   mc_w.l
      1628          0          0          0          0       1416   mf_w.l

    ----------------------------------------------------------------------
      4264        112          0          4          0       2464   Library Totals

    ----------------------------------------------------------------------

==============================================================================


      Code (inc. data)   RO Data    RW Data    ZI Data      Debug   

     18846       1186      15862        188      10652     348404   Grand Totals
     18846       1186      15862        188      10652     348404   ELF Image Totals
     18846       1186      15862        188          0          0   ROM Totals

==============================================================================

    Total RO  Size (Code + RO Data)                34708 (  33.89kB)
    Total RW  Size (RW Data + ZI Data)             10840 (  10.59kB)
    Total ROM Size (Code + RO Data + RW Data)      34896 (  34.08kB)

==============================================================================

