Component: ARM Compiler 5.06 update 5 (build 528) Tool: armlink [4d35e2]

==============================================================================

Section Cross References

    startup_stm32f10x_md.o(STACK) refers (Special) to heapauxi.o(.text) for __use_two_region_memory
    startup_stm32f10x_md.o(HEAP) refers (Special) to heapauxi.o(.text) for __use_two_region_memory
    startup_stm32f10x_md.o(RESET) refers (Special) to heapauxi.o(.text) for __use_two_region_memory
    startup_stm32f10x_md.o(RESET) refers to startup_stm32f10x_md.o(STACK) for __initial_sp
    startup_stm32f10x_md.o(RESET) refers to startup_stm32f10x_md.o(.text) for Reset_Handler
    startup_stm32f10x_md.o(RESET) refers to stm32f10x_it.o(i.NMI_Handler) for NMI_Handler
    startup_stm32f10x_md.o(RESET) refers to stm32f10x_it.o(i.HardFault_Handler) for HardFault_Handler
    startup_stm32f10x_md.o(RESET) refers to stm32f10x_it.o(i.MemManage_Handler) for MemManage_Handler
    startup_stm32f10x_md.o(RESET) refers to stm32f10x_it.o(i.BusFault_Handler) for BusFault_Handler
    startup_stm32f10x_md.o(RESET) refers to stm32f10x_it.o(i.UsageFault_Handler) for UsageFault_Handler
    startup_stm32f10x_md.o(RESET) refers to stm32f10x_it.o(i.SVC_Handler) for SVC_Handler
    startup_stm32f10x_md.o(RESET) refers to stm32f10x_it.o(i.DebugMon_Handler) for DebugMon_Handler
    startup_stm32f10x_md.o(RESET) refers to stm32f10x_it.o(i.SysTick_Handler) for SysTick_Handler
    startup_stm32f10x_md.o(RESET) refers to stm32f10x_it.o(i.RTC_IRQHandler) for RTC_IRQHandler
    startup_stm32f10x_md.o(RESET) refers to stm32f10x_it.o(i.EXTI0_IRQHandler) for EXTI0_IRQHandler
    startup_stm32f10x_md.o(RESET) refers to ws2812b.o(i.DMA1_Channel1_IRQHandler) for DMA1_Channel1_IRQHandler
    startup_stm32f10x_md.o(RESET) refers to ws2812b.o(i.DMA1_Channel2_IRQHandler) for DMA1_Channel2_IRQHandler
    startup_stm32f10x_md.o(RESET) refers to ws2812b.o(i.DMA1_Channel3_IRQHandler) for DMA1_Channel3_IRQHandler
    startup_stm32f10x_md.o(RESET) refers to ws2812b.o(i.DMA1_Channel5_IRQHandler) for DMA1_Channel5_IRQHandler
    startup_stm32f10x_md.o(RESET) refers to ws2812b.o(i.DMA1_Channel7_IRQHandler) for DMA1_Channel7_IRQHandler
    startup_stm32f10x_md.o(RESET) refers to pwm.o(i.TIM1_UP_IRQHandler) for TIM1_UP_IRQHandler
    startup_stm32f10x_md.o(RESET) refers to usart.o(i.USART1_IRQHandler) for USART1_IRQHandler
    startup_stm32f10x_md.o(RESET) refers to esp8266.o(i.USART3_IRQHandler) for USART3_IRQHandler
    startup_stm32f10x_md.o(.text) refers (Special) to heapauxi.o(.text) for __use_two_region_memory
    startup_stm32f10x_md.o(.text) refers to system_stm32f10x.o(i.SystemInit) for SystemInit
    startup_stm32f10x_md.o(.text) refers to __main.o(!!!main) for __main
    startup_stm32f10x_md.o(.text) refers to startup_stm32f10x_md.o(HEAP) for Heap_Mem
    startup_stm32f10x_md.o(.text) refers to startup_stm32f10x_md.o(STACK) for Stack_Mem
    system_stm32f10x.o(i.SetSysClock) refers to system_stm32f10x.o(i.SetSysClockTo72) for SetSysClockTo72
    system_stm32f10x.o(i.SystemCoreClockUpdate) refers to system_stm32f10x.o(.data) for SystemCoreClock
    system_stm32f10x.o(i.SystemInit) refers to system_stm32f10x.o(i.SetSysClock) for SetSysClock
    stm32f10x_adc.o(i.ADC_DeInit) refers to stm32f10x_rcc.o(i.RCC_APB2PeriphResetCmd) for RCC_APB2PeriphResetCmd
    stm32f10x_bkp.o(i.BKP_DeInit) refers to stm32f10x_rcc.o(i.RCC_BackupResetCmd) for RCC_BackupResetCmd
    stm32f10x_can.o(i.CAN_DeInit) refers to stm32f10x_rcc.o(i.RCC_APB1PeriphResetCmd) for RCC_APB1PeriphResetCmd
    stm32f10x_can.o(i.CAN_GetITStatus) refers to stm32f10x_can.o(i.CheckITStatus) for CheckITStatus
    stm32f10x_cec.o(i.CEC_DeInit) refers to stm32f10x_rcc.o(i.RCC_APB1PeriphResetCmd) for RCC_APB1PeriphResetCmd
    stm32f10x_dac.o(i.DAC_DeInit) refers to stm32f10x_rcc.o(i.RCC_APB1PeriphResetCmd) for RCC_APB1PeriphResetCmd
    stm32f10x_flash.o(i.FLASH_EnableWriteProtection) refers to stm32f10x_flash.o(i.FLASH_WaitForLastOperation) for FLASH_WaitForLastOperation
    stm32f10x_flash.o(i.FLASH_EraseAllBank1Pages) refers to stm32f10x_flash.o(i.FLASH_WaitForLastBank1Operation) for FLASH_WaitForLastBank1Operation
    stm32f10x_flash.o(i.FLASH_EraseAllPages) refers to stm32f10x_flash.o(i.FLASH_WaitForLastOperation) for FLASH_WaitForLastOperation
    stm32f10x_flash.o(i.FLASH_EraseOptionBytes) refers to stm32f10x_flash.o(i.FLASH_GetReadOutProtectionStatus) for FLASH_GetReadOutProtectionStatus
    stm32f10x_flash.o(i.FLASH_EraseOptionBytes) refers to stm32f10x_flash.o(i.FLASH_WaitForLastOperation) for FLASH_WaitForLastOperation
    stm32f10x_flash.o(i.FLASH_ErasePage) refers to stm32f10x_flash.o(i.FLASH_WaitForLastOperation) for FLASH_WaitForLastOperation
    stm32f10x_flash.o(i.FLASH_ProgramHalfWord) refers to stm32f10x_flash.o(i.FLASH_WaitForLastOperation) for FLASH_WaitForLastOperation
[...]
    OLED_Clear                               0x08005011   Thumb Code    42  oled.o(i.OLED_Clear)
    OLED_DrawPoint                           0x08005041   Thumb Code   114  oled.o(i.OLED_DrawPoint)
    OLED_I2C_Start                           0x080050b9   Thumb Code    56  oled.o(i.OLED_I2C_Start)
    OLED_I2C_Stop                            0x080050f5   Thumb Code    38  oled.o(i.OLED_I2C_Stop)
    OLED_I2C_WaitAck                         0x08005121   Thumb Code    46  oled.o(i.OLED_I2C_WaitAck)
    OLED_Init                                0x08005155   Thumb Code   294  oled.o(i.OLED_Init)
    OLED_Pow                                 0x08005281   Thumb Code    22  oled.o(i.OLED_Pow)
    OLED_Refresh                             0x08005299   Thumb Code   100  oled.o(i.OLED_Refresh)
    OLED_Send_Byte                           0x08005301   Thumb Code    78  oled.o(i.OLED_Send_Byte)
    OLED_ShowChar                            0x08005355   Thumb Code   304  oled.o(i.OLED_ShowChar)
    OLED_ShowChinese                         0x08005495   Thumb Code   248  oled.o(i.OLED_ShowChinese)
    OLED_ShowNum                             0x0800559d   Thumb Code   148  oled.o(i.OLED_ShowNum)
    OLED_WR_Byte                             0x08005631   Thumb Code    56  oled.o(i.OLED_WR_Byte)
    OneNET_Publish                           0x0800591d   Thumb Code   114  onenet.o(i.OneNET_Publish)
    OneNet_DevLink                           0x080059d9   Thumb Code   242  onenet.o(i.OneNet_DevLink)
    OneNet_RevPro                            0x08005c39   Thumb Code   614  onenet.o(i.OneNet_RevPro)
    OneNet_Subscribe                         0x080060b1   Thumb Code   124  onenet.o(i.OneNet_Subscribe)
    RCC_ADCCLKConfig                         0x08006195   Thumb Code    18  stm32f10x_rcc.o(i.RCC_ADCCLKConfig)
    RCC_AHBPeriphClockCmd                    0x080061ad   Thumb Code    26  stm32f10x_rcc.o(i.RCC_AHBPeriphClockCmd)
    RCC_APB1PeriphClockCmd                   0x080061cd   Thumb Code    26  stm32f10x_rcc.o(i.RCC_APB1PeriphClockCmd)
    RCC_APB2PeriphClockCmd                   0x080061ed   Thumb Code    26  stm32f10x_rcc.o(i.RCC_APB2PeriphClockCmd)
    RCC_GetClocksFreq                        0x0800620d   Thumb Code   192  stm32f10x_rcc.o(i.RCC_GetClocksFreq)
    RTC_IRQHandler                           0x08006351   Thumb Code     2  stm32f10x_it.o(i.RTC_IRQHandler)
    SVC_Handler                              0x08006353   Thumb Code     2  stm32f10x_it.o(i.SVC_Handler)
    SysTick_Handler                          0x080064a5   Thumb Code     2  stm32f10x_it.o(i.SysTick_Handler)
    SystemInit                               0x080064a9   Thumb Code    78  system_stm32f10x.o(i.SystemInit)
    TIM1_UP_IRQHandler                       0x08006509   Thumb Code    54  pwm.o(i.TIM1_UP_IRQHandler)
    TIM_ClearFlag                            0x0800654d   Thumb Code     6  stm32f10x_tim.o(i.TIM_ClearFlag)
    TIM_ClearITPendingBit                    0x08006553   Thumb Code     6  stm32f10x_tim.o(i.TIM_ClearITPendingBit)
    TIM_Cmd                                  0x08006559   Thumb Code    24  stm32f10x_tim.o(i.TIM_Cmd)
    TIM_DMACmd                               0x08006571   Thumb Code    18  stm32f10x_tim.o(i.TIM_DMACmd)
    TIM_GetITStatus                          0x08006583   Thumb Code    34  stm32f10x_tim.o(i.TIM_GetITStatus)
    TIM_ITConfig                             0x080065a5   Thumb Code    18  stm32f10x_tim.o(i.TIM_ITConfig)
    TIM_InternalClockConfig                  0x080065b7   Thumb Code    12  stm32f10x_tim.o(i.TIM_InternalClockConfig)
    TIM_OC1Init                              0x080065c5   Thumb Code   132  stm32f10x_tim.o(i.TIM_OC1Init)
    TIM_OC1PreloadConfig                     0x0800665d   Thumb Code    18  stm32f10x_tim.o(i.TIM_OC1PreloadConfig)
    TIM_OC2Init                              0x08006671   Thumb Code   154  stm32f10x_tim.o(i.TIM_OC2Init)
    TIM_OC2PreloadConfig                     0x08006715   Thumb Code    26  stm32f10x_tim.o(i.TIM_OC2PreloadConfig)
    TIM_OC3Init                              0x08006731   Thumb Code   150  stm32f10x_tim.o(i.TIM_OC3Init)
    TIM_OC3PreloadConfig                     0x080067d1   Thumb Code    18  stm32f10x_tim.o(i.TIM_OC3PreloadConfig)
    TIM_OC4Init                              0x080067e5   Thumb Code   114  stm32f10x_tim.o(i.TIM_OC4Init)
    TIM_OC4PreloadConfig                     0x08006861   Thumb Code    26  stm32f10x_tim.o(i.TIM_OC4PreloadConfig)
    TIM_OCStructInit                         0x0800687b   Thumb Code    20  stm32f10x_tim.o(i.TIM_OCStructInit)
    TIM_SetCompare1                          0x0800688f   Thumb Code     4  stm32f10x_tim.o(i.TIM_SetCompare1)
    TIM_TimeBaseInit                         0x08006895   Thumb Code   122  stm32f10x_tim.o(i.TIM_TimeBaseInit)
    Timer_Init                               0x08006939   Thumb Code   122  pwm.o(i.Timer_Init)
    Topic_Init                               0x080069b9   Thumb Code    82  main.o(i.Topic_Init)
    USART1_IRQHandler                        0x08006a85   Thumb Code    24  usart.o(i.USART1_IRQHandler)
    USART3_IRQHandler                        0x08006aa1   Thumb Code    64  esp8266.o(i.USART3_IRQHandler)
    USART_ClearFlag                          0x08006aed   Thumb Code    18  stm32f10x_usart.o(i.USART_ClearFlag)
    USART_Cmd                                0x08006aff   Thumb Code    24  stm32f10x_usart.o(i.USART_Cmd)
    USART_GetFlagStatus                      0x08006b17   Thumb Code    26  stm32f10x_usart.o(i.USART_GetFlagStatus)
    USART_GetITStatus                        0x08006b31   Thumb Code    84  stm32f10x_usart.o(i.USART_GetITStatus)
    USART_ITConfig                           0x08006b85   Thumb Code    74  stm32f10x_usart.o(i.USART_ITConfig)
    USART_Init                               0x08006bd1   Thumb Code   210  stm32f10x_usart.o(i.USART_Init)
    USART_SendData                           0x08006ca9   Thumb Code     8  stm32f10x_usart.o(i.USART_SendData)
    UsageFault_Handler                       0x08006cb1   Thumb Code    12  stm32f10x_it.o(i.UsageFault_Handler)
    Usart1_Init                              0x08006d01   Thumb Code   166  usart.o(i.Usart1_Init)
    Usart3_Init                              0x08006db1   Thumb Code   164  usart.o(i.Usart3_Init)
    UsartPrintf                              0x08006e5d   Thumb Code    72  usart.o(i.UsartPrintf)
    Usart_SendString                         0x08006ea5   Thumb Code    50  usart.o(i.Usart_SendString)
    WS2812B_SetBrightness_bat                0x08006ed9   Thumb Code    26  ws2812b.o(i.WS2812B_SetBrightness_bat)
    WS2812B_SetBrightness_bed                0x08006ef9   Thumb Code    26  ws2812b.o(i.WS2812B_SetBrightness_bed)
    WS2812B_SetBrightness_kit                0x08006f19   Thumb Code    26  ws2812b.o(i.WS2812B_SetBrightness_kit)
    WS2812B_SetBrightness_liv                0x08006f39   Thumb Code    26  ws2812b.o(i.WS2812B_SetBrightness_liv)
    WS2812B_SetBrightness_stu                0x08006f59   Thumb Code    26  ws2812b.o(i.WS2812B_SetBrightness_stu)
    WS2812B_SetTemperature_bat               0x08006f79   Thumb Code    48  ws2812b.o(i.WS2812B_SetTemperature_bat)
    WS2812B_SetTemperature_bed               0x08006fad   Thumb Code    48  ws2812b.o(i.WS2812B_SetTemperature_bed)
    WS2812B_SetTemperature_kit               0x08006fe1   Thumb Code    48  ws2812b.o(i.WS2812B_SetTemperature_kit)
    WS2812B_SetTemperature_liv               0x08007015   Thumb Code    48  ws2812b.o(i.WS2812B_SetTemperature_liv)
    WS2812B_SetTemperature_stu               0x08007049   Thumb Code    48  ws2812b.o(i.WS2812B_SetTemperature_stu)
    __ARM_fpclassify                         0x080073d9   Thumb Code    40  fpclassify.o(i.__ARM_fpclassify)
    __kernel_poly                            0x08007401   Thumb Code   170  poly.o(i.__kernel_poly)
    __mathlib_dbl_divzero                    0x080074ad   Thumb Code    12  dunder.o(i.__mathlib_dbl_divzero)
    __mathlib_dbl_infnan2                    0x080074bd   Thumb Code     4  dunder.o(i.__mathlib_dbl_infnan2)
    __mathlib_dbl_invalid                    0x080074c1   Thumb Code    12  dunder.o(i.__mathlib_dbl_invalid)
    __mathlib_dbl_overflow                   0x080074cd   Thumb Code    14  dunder.o(i.__mathlib_dbl_overflow)
    __mathlib_dbl_underflow                  0x080074dd   Thumb Code    10  dunder.o(i.__mathlib_dbl_underflow)
    _is_digit                                0x080074ed   Thumb Code    14  __printf_wp.o(i._is_digit)
    cJSON_Delete                             0x080074fd   Thumb Code    82  cjson.o(i.cJSON_Delete)
    cJSON_GetObjectItem                      0x08007555   Thumb Code    30  cjson.o(i.cJSON_GetObjectItem)
    cJSON_Parse                              0x08007595   Thumb Code    16  cjson.o(i.cJSON_Parse)
    cJSON_ParseWithOpts                      0x080075a5   Thumb Code    96  cjson.o(i.cJSON_ParseWithOpts)
    ft                                       0x080077b5   Thumb Code    76  hmac_sha1.o(i.ft)
    handleAC                                 0x08007801   Thumb Code   390  onenet.o(i.handleAC)
    handleBathroomLED                        0x08007a01   Thumb Code   322  onenet.o(i.handleBathroomLED)
    handleBedroomCurtainRaw                  0x08007c01   Thumb Code    82  onenet.o(i.handleBedroomCurtainRaw)
    handleBedroomLED                         0x08007c95   Thumb Code   322  onenet.o(i.handleBedroomLED)
    handleKitchenLED                         0x08007e91   Thumb Code   322  onenet.o(i.handleKitchenLED)
    handleLivingRoomLED                      0x0800808d   Thumb Code   322  onenet.o(i.handleLivingRoomLED)
    handleStudyroomLED                       0x08008291   Thumb Code   322  onenet.o(i.handleStudyroomLED)
    hmac_sha1                                0x08008495   Thumb Code   302  hmac_sha1.o(i.hmac_sha1)
    k                                        0x080085c5   Thumb Code    34  hmac_sha1.o(i.k)
    led_Init                                 0x0800867d   Thumb Code    24  led.o(i.led_Init)
    main                                     0x08008695   Thumb Code   312  main.o(i.main)
    pow                                      0x08008f65   Thumb Code  2512  pow.o(i.pow)
    rotl                                     0x0800993d   Thumb Code    46  hmac_sha1.o(i.rotl)
    sha1                                     0x0800996d   Thumb Code   632  hmac_sha1.o(i.sha1)
    sqrt                                     0x08009c03   Thumb Code    76  sqrt.o(i.sqrt)
    ws2812b_Init_bat                         0x08009c51   Thumb Code   244  ws2812b.o(i.ws2812b_Init_bat)
    ws2812b_Init_bed                         0x08009d5d   Thumb Code   244  ws2812b.o(i.ws2812b_Init_bed)
    ws2812b_Init_kit                         0x08009e69   Thumb Code   246  ws2812b.o(i.ws2812b_Init_kit)
    ws2812b_Init_liv                         0x08009f79   Thumb Code   246  ws2812b.o(i.ws2812b_Init_liv)
    ws2812b_Init_stu                         0x0800a089   Thumb Code   246  ws2812b.o(i.ws2812b_Init_stu)
    ws2812b_IsReady_bat                      0x0800a199   Thumb Code    14  ws2812b.o(i.ws2812b_IsReady_bat)
    ws2812b_IsReady_bed                      0x0800a1ad   Thumb Code    14  ws2812b.o(i.ws2812b_IsReady_bed)
    ws2812b_IsReady_kit                      0x0800a1c1   Thumb Code    14  ws2812b.o(i.ws2812b_IsReady_kit)
    ws2812b_IsReady_liv                      0x0800a1d5   Thumb Code    14  ws2812b.o(i.ws2812b_IsReady_liv)
    ws2812b_IsReady_stu                      0x0800a1e9   Thumb Code    14  ws2812b.o(i.ws2812b_IsReady_stu)
    ws2812b_SendRGB_bat                      0x0800a1fd   Thumb Code    18  ws2812b.o(i.ws2812b_SendRGB_bat)
    ws2812b_SendRGB_bed                      0x0800a215   Thumb Code    18  ws2812b.o(i.ws2812b_SendRGB_bed)
    ws2812b_SendRGB_kit                      0x0800a22d   Thumb Code    18  ws2812b.o(i.ws2812b_SendRGB_kit)
    ws2812b_SendRGB_liv                      0x0800a245   Thumb Code    18  ws2812b.o(i.ws2812b_SendRGB_liv)
    ws2812b_SendRGB_stu                      0x0800a25d   Thumb Code    18  ws2812b.o(i.ws2812b_SendRGB_stu)
    _get_lc_ctype                            0x0800a275   Thumb Code    44  lc_ctype_c.o(locale$$code)
    _get_lc_numeric                          0x0800a2a1   Thumb Code    44  lc_numeric_c.o(locale$$code)
    __aeabi_dadd                             0x0800a2cd   Thumb Code     0  daddsub_clz.o(x$fpl$dadd)
    _dadd                                    0x0800a2cd   Thumb Code   332  daddsub_clz.o(x$fpl$dadd)
    __fpl_dcheck_NaN1                        0x0800a41d   Thumb Code    10  dcheck1.o(x$fpl$dcheck1)
    __fpl_dcmp_Inf                           0x0800a42d   Thumb Code    24  dcmpi.o(x$fpl$dcmpinf)
    __aeabi_ddiv                             0x0800a445   Thumb Code     0  ddiv.o(x$fpl$ddiv)
    _ddiv                                    0x0800a445   Thumb Code   552  ddiv.o(x$fpl$ddiv)
    __aeabi_d2iz                             0x0800a6f5   Thumb Code     0  dfix.o(x$fpl$dfix)
    _dfix                                    0x0800a6f5   Thumb Code    94  dfix.o(x$fpl$dfix)
    __aeabi_d2uiz                            0x0800a755   Thumb Code     0  dfixu.o(x$fpl$dfixu)
    _dfixu                                   0x0800a755   Thumb Code    90  dfixu.o(x$fpl$dfixu)
    __aeabi_i2d                              0x0800a7af   Thumb Code     0  dflt_clz.o(x$fpl$dflt)
    _dflt                                    0x0800a7af   Thumb Code    46  dflt_clz.o(x$fpl$dflt)
    __aeabi_cdcmple                          0x0800a7dd   Thumb Code     0  dleqf.o(x$fpl$dleqf)
    _dcmple                                  0x0800a7dd   Thumb Code   120  dleqf.o(x$fpl$dleqf)
    __fpl_dcmple_InfNaN                      0x0800a83f   Thumb Code     0  dleqf.o(x$fpl$dleqf)
    __aeabi_dmul                             0x0800a855   Thumb Code     0  dmul.o(x$fpl$dmul)
    _dmul                                    0x0800a855   Thumb Code   332  dmul.o(x$fpl$dmul)
    __fpl_dnaninf                            0x0800a9a9   Thumb Code   156  dnaninf.o(x$fpl$dnaninf)
    __fpl_dretinf                            0x0800aa45   Thumb Code    12  dretinf.o(x$fpl$dretinf)
    __aeabi_cdrcmple                         0x0800aa51   Thumb Code     0  drleqf.o(x$fpl$drleqf)
    _drcmple                                 0x0800aa51   Thumb Code   108  drleqf.o(x$fpl$drleqf)
    __aeabi_drsub                            0x0800aabd   Thumb Code     0  daddsub_clz.o(x$fpl$drsb)
    _drsb                                    0x0800aabd   Thumb Code    22  daddsub_clz.o(x$fpl$drsb)
    _dsqrt                                   0x0800aad5   Thumb Code   456  dsqrt_noumaal.o(x$fpl$dsqrt)
    __aeabi_dsub                             0x0800aca1   Thumb Code     0  daddsub_clz.o(x$fpl$dsub)
    _dsub                                    0x0800aca1   Thumb Code   464  daddsub_clz.o(x$fpl$dsub)
    __aeabi_f2d                              0x0800ae75   Thumb Code     0  f2d.o(x$fpl$f2d)
    _f2d                                     0x0800ae75   Thumb Code    86  f2d.o(x$fpl$f2d)
    __aeabi_fadd                             0x0800aecd   Thumb Code     0  faddsub_clz.o(x$fpl$fadd)
    _fadd                                    0x0800aecd   Thumb Code   196  faddsub_clz.o(x$fpl$fadd)
    __aeabi_fdiv                             0x0800af91   Thumb Code     0  fdiv.o(x$fpl$fdiv)
    _fdiv                                    0x0800af91   Thumb Code   384  fdiv.o(x$fpl$fdiv)
    __aeabi_f2uiz                            0x0800b115   Thumb Code     0  ffixu.o(x$fpl$ffixu)
    _ffixu                                   0x0800b115   Thumb Code    62  ffixu.o(x$fpl$ffixu)
    __aeabi_i2f                              0x0800b155   Thumb Code     0  fflt_clz.o(x$fpl$fflt)
    _fflt                                    0x0800b155   Thumb Code    48  fflt_clz.o(x$fpl$fflt)
    __aeabi_ui2f                             0x0800b185   Thumb Code     0  fflt_clz.o(x$fpl$ffltu)
    _ffltu                                   0x0800b185   Thumb Code    38  fflt_clz.o(x$fpl$ffltu)
    __aeabi_fmul                             0x0800b1ad   Thumb Code     0  fmul.o(x$fpl$fmul)
    _fmul                                    0x0800b1ad   Thumb Code   258  fmul.o(x$fpl$fmul)
    __fpl_fnaninf                            0x0800b2af   Thumb Code   140  fnaninf.o(x$fpl$fnaninf)
    __fpl_fretinf                            0x0800b33b   Thumb Code    10  fretinf.o(x$fpl$fretinf)
    __aeabi_fsub                             0x0800b345   Thumb Code     0  faddsub_clz.o(x$fpl$fsub)
    _fsub                                    0x0800b345   Thumb Code   234  faddsub_clz.o(x$fpl$fsub)
    _printf_fp_dec                           0x0800b42f   Thumb Code     4  printf1.o(x$fpl$printf1)
    _printf_fp_hex                           0x0800b433   Thumb Code     4  printf2.o(x$fpl$printf2)
    __fpl_return_NaN                         0x0800b437   Thumb Code   100  retnan.o(x$fpl$retnan)
    __ARM_scalbn                             0x0800b49b   Thumb Code    92  scalbn.o(x$fpl$scalbn)
    __fpl_cmpreturn                          0x0800b4f7   Thumb Code    48  trapv.o(x$fpl$trapveneer)
    __I$use$fp                               0x0800b526   Number         0  usenofp.o(x$fpl$usenofp)
    sensor_configs                           0x0800b528   Data          60  body_hw.o(.constdata)
    asc2_0806                                0x0800b564   Data         552  oled.o(.constdata)
    asc2_1206                                0x0800b78c   Data        1140  oled.o(.constdata)
    asc2_1608                                0x0800bc00   Data        1520  oled.o(.constdata)
    asc2_2412                                0x0800c1f0   Data        3420  oled.o(.constdata)
    Hzk1                                     0x0800cf4c   Data        1344  oled.o(.constdata)
    Hzk2                                     0x0800d48c   Data          72  oled.o(.constdata)
    Hzk3                                     0x0800d4d4   Data         128  oled.o(.constdata)
    Hzk4                                     0x0800d554   Data         512  oled.o(.constdata)
    kGreeAuto                                0x0800d754   Data           1  irremot.o(.constdata)
    kGreeCool                                0x0800d755   Data           1  irremot.o(.constdata)
    kGreeDry                                 0x0800d756   Data           1  irremot.o(.constdata)
    kGreeFan                                 0x0800d757   Data           1  irremot.o(.constdata)
    kGreeHeat                                0x0800d758   Data           1  irremot.o(.constdata)
    kGreeEcono                               0x0800d759   Data           1  irremot.o(.constdata)
    kGreeon                                  0x0800d75a   Data           1  irremot.o(.constdata)
    kGreeoff                                 0x0800d75b   Data           1  irremot.o(.constdata)
    kGreeFanAuto                             0x0800d75c   Data           1  irremot.o(.constdata)
    kGreeFanMin                              0x0800d75d   Data           1  irremot.o(.constdata)
    kGreeFanMed                              0x0800d75e   Data           1  irremot.o(.constdata)
    kGreeFanMax                              0x0800d75f   Data           1  irremot.o(.constdata)
    kGreeMinTempC                            0x0800d760   Data           1  irremot.o(.constdata)
    kGreeMaxTempC                            0x0800d761   Data           1  irremot.o(.constdata)
    kGreeMinTempF                            0x0800d762   Data           1  irremot.o(.constdata)
    kGreeMaxTempF                            0x0800d763   Data           1  irremot.o(.constdata)
    kGreeTimerMax                            0x0800d764   Data           2  irremot.o(.constdata)
    kGreeSwingLastPos                        0x0800d766   Data           1  irremot.o(.constdata)
    kGreeSwingAuto                           0x0800d767   Data           1  irremot.o(.constdata)
    kGreeSwingUp                             0x0800d768   Data           1  irremot.o(.constdata)
    kGreeSwingMiddleUp                       0x0800d769   Data           1  irremot.o(.constdata)
    kGreeSwingMiddle                         0x0800d76a   Data           1  irremot.o(.constdata)
    kGreeSwingMiddleDown                     0x0800d76b   Data           1  irremot.o(.constdata)
    kGreeSwingDown                           0x0800d76c   Data           1  irremot.o(.constdata)
    kGreeSwingDownAuto                       0x0800d76d   Data           1  irremot.o(.constdata)
    kGreeSwingMiddleAuto                     0x0800d76e   Data           1  irremot.o(.constdata)
    kGreeSwingUpAuto                         0x0800d76f   Data           1  irremot.o(.constdata)
    kGreeSwingHOff                           0x0800d770   Data           1  irremot.o(.constdata)
    kGreeSwingHAuto                          0x0800d771   Data           1  irremot.o(.constdata)
    kGreeSwingHMaxLeft                       0x0800d772   Data           1  irremot.o(.constdata)
    kGreeSwingHLeft                          0x0800d773   Data           1  irremot.o(.constdata)
    kGreeSwingHMiddle                        0x0800d774   Data           1  irremot.o(.constdata)
    kGreeSwingHRight                         0x0800d775   Data           1  irremot.o(.constdata)
    kGreeSwingHMaxRight                      0x0800d776   Data           1  irremot.o(.constdata)
    kGreeDisplayTempOff                      0x0800d777   Data           1  irremot.o(.constdata)
    kGreeDisplayTempSet                      0x0800d778   Data           1  irremot.o(.constdata)
    kGreeDisplayTempInside                   0x0800d779   Data           1  irremot.o(.constdata)
    kGreeDisplayTempOutside                  0x0800d77a   Data           1  irremot.o(.constdata)
    GreeHdrMark                              0x0800d77c   Data           2  irremot.o(.constdata)
    GreeHdrSpace                             0x0800d77e   Data           2  irremot.o(.constdata)
    GreeBitMark                              0x0800d780   Data           2  irremot.o(.constdata)
    GreeOneSpace                             0x0800d782   Data           2  irremot.o(.constdata)
    GreeZeroSpace                            0x0800d784   Data           2  irremot.o(.constdata)
    GreeMsgSpace                             0x0800d786   Data           2  irremot.o(.constdata)
    GreeRepSpace                             0x0800d788   Data           2  irremot.o(.constdata)
    GreeBlockFooter                          0x0800d78a   Data           1  irremot.o(.constdata)
    GreeBlockFooterBits                      0x0800d78b   Data           1  irremot.o(.constdata)
    __mathlib_zero                           0x0800da40   Data           8  qnan.o(.constdata)
    Region$$Table$$Base                      0x0800dc44   Number         0  anon$$obj.o(Region$$Table)
    Region$$Table$$Limit                     0x0800dc64   Number         0  anon$$obj.o(Region$$Table)
    __ctype                                  0x0800dc71   Data           0  lc_ctype_c.o(locale$$data)
    SystemCoreClock                          0x20000000   Data           4  system_stm32f10x.o(.data)
    AHBPrescTable                            0x20000004   Data          16  system_stm32f10x.o(.data)
    upload_flag                              0x20000028   Data           1  pwm.o(.data)
    ptcl                                     0x2000002a   Data           8  irremot.o(.data)
    i                                        0x20000034   Data           1  main.o(.data)
    temp                                     0x20000035   Data           1  main.o(.data)
    humi                                     0x20000036   Data           1  main.o(.data)
    KeyNum                                   0x20000037   Data           1  main.o(.data)
    living_auto                              0x20000038   Data           4  main.o(.data)
    bed_auto                                 0x2000003c   Data           4  main.o(.data)
    study_auto                               0x20000040   Data           4  main.o(.data)
    kit_auto                                 0x20000044   Data           4  main.o(.data)
    bat_auto                                 0x20000048   Data           4  main.o(.data)
    global_light                             0x2000004c   Data           2  main.o(.data)
    living_human                             0x2000004e   Data           1  main.o(.data)
    bed_human                                0x2000004f   Data           1  main.o(.data)
    study_human                              0x20000050   Data           1  main.o(.data)
    kit_human                                0x20000051   Data           1  main.o(.data)
    bat_human                                0x20000052   Data           1  main.o(.data)
    light_state                              0x20000053   Data           1  main.o(.data)
    systemModel                              0x20000054   Data           1  main.o(.data)
    timeCount                                0x20000056   Data           2  main.o(.data)
    dataPtr                                  0x20000058   Data           4  main.o(.data)
    esp8266_cnt                              0x20000068   Data           2  esp8266.o(.data)
    esp8266_cntPre                           0x2000006a   Data           2  esp8266.o(.data)
    OLED_GRAM                                0x2000010c   Data        1152  oled.o(.bss)
    DATA_BUF                                 0x2000058c   Data         256  main.o(.bss)
    test                                     0x2000068c   Data         256  main.o(.bss)
    esp8266_buf                              0x2000078c   Data         512  esp8266.o(.bss)
    ledsRGB                                  0x2000421c   Data           9  ws2812b.o(.bss)
    __libspace_start                         0x20004228   Data          96  libspace.o(.bss)
    __temporary_stack_top$libspace           0x20004288   Data           0  libspace.o(.bss)



==============================================================================

Memory Map of the image

  Image Entry point : 0x080000ed

  Load Region LR_IROM1 (Base: 0x08000000, Size: 0x0000de9c, Max: 0x00010000, ABSOLUTE)

    Execution Region ER_IROM1 (Exec base: 0x08000000, Load base: 0x08000000, Size: 0x0000dd90, Max: 0x00010000, ABSOLUTE)

    Exec Addr    Load Addr    Size         Type   Attr      Idx    E Section Name        Object

    0x08000000   0x08000000   0x000000ec   Data   RO            3    RESET               startup_stm32f10x_md.o
    0x080000ec   0x080000ec   0x00000008   Code   RO         5669  * !!!main             c_w.l(__main.o)
    0x080000f4   0x080000f4   0x00000034   Code   RO         6115    !!!scatter          c_w.l(__scatter.o)
    0x08000128   0x08000128   0x0000001a   Code   RO         6117    !!handler_copy      c_w.l(__scatter_copy.o)
    0x08000142   0x08000142   0x00000002   PAD
    0x08000144   0x08000144   0x0000001c   Code   RO         6119    !!handler_zi        c_w.l(__scatter_zi.o)
    0x08000160   0x08000160   0x00000000   Code   RO         5634    .ARM.Collect$$_printf_percent$$00000000  c_w.l(_printf_percent.o)
    0x08000160   0x08000160   0x00000006   Code   RO         5804    .ARM.Collect$$_printf_percent$$00000001  c_w.l(_printf_n.o)
    0x08000166   0x08000166   0x00000006   Code   RO         5805    .ARM.Collect$$_printf_percent$$00000002  c_w.l(_printf_p.o)
    0x0800016c   0x0800016c   0x00000006   Code   RO         5632    .ARM.Collect$$_printf_percent$$00000003  c_w.l(_printf_f.o)
    0x08000172   0x08000172   0x00000006   Code   RO         5633    .ARM.Collect$$_printf_percent$$00000004  c_w.l(_printf_e.o)
    0x08000178   0x08000178   0x00000006   Code   RO         5809    .ARM.Collect$$_printf_percent$$00000005  c_w.l(_printf_g.o)
    0x0800017e   0x0800017e   0x00000006   Code   RO         5810    .ARM.Collect$$_printf_percent$$00000006  c_w.l(_printf_a.o)
    0x08000184   0x08000184   0x0000000a   Code   RO         5815    .ARM.Collect$$_printf_percent$$00000007  c_w.l(_printf_ll.o)
    0x0800018e   0x0800018e   0x00000006   Code   RO         5807    .ARM.Collect$$_printf_percent$$00000008  c_w.l(_printf_i.o)
    0x08000194   0x08000194   0x00000006   Code   RO         5631    .ARM.Collect$$_printf_percent$$00000009  c_w.l(_printf_d.o)
    0x0800019a   0x0800019a   0x00000006   Code   RO         5808    .ARM.Collect$$_printf_percent$$0000000A  c_w.l(_printf_u.o)
    0x080001a0   0x080001a0   0x00000006   Code   RO         5806    .ARM.Collect$$_printf_percent$$0000000B  c_w.l(_printf_o.o)
    0x080001a6   0x080001a6   0x00000006   Code   RO         5630    .ARM.Collect$$_printf_percent$$0000000C  c_w.l(_printf_x.o)
    0x080001ac   0x080001ac   0x00000006   Code   RO         5812    .ARM.Collect$$_printf_percent$$0000000D  c_w.l(_printf_lli.o)
    0x080001b2   0x080001b2   0x00000006   Code   RO         5813    .ARM.Collect$$_printf_percent$$0000000E  c_w.l(_printf_lld.o)
    0x080001b8   0x080001b8   0x00000006   Code   RO         5814    .ARM.Collect$$_printf_percent$$0000000F  c_w.l(_printf_llu.o)
    0x080001be   0x080001be   0x00000006   Code   RO         5819    .ARM.Collect$$_printf_percent$$00000010  c_w.l(_printf_llo.o)
    0x080001c4   0x080001c4   0x00000006   Code   RO         5820    .ARM.Collect$$_printf_percent$$00000011  c_w.l(_printf_llx.o)
    0x080001ca   0x080001ca   0x0000000a   Code   RO         5816    .ARM.Collect$$_printf_percent$$00000012  c_w.l(_printf_l.o)
    0x080001d4   0x080001d4   0x00000006   Code   RO         5803    .ARM.Collect$$_printf_percent$$00000013  c_w.l(_printf_c.o)
    0x080001da   0x080001da   0x00000006   Code   RO         5629    .ARM.Collect$$_printf_percent$$00000014  c_w.l(_printf_s.o)
    0x080001e0   0x080001e0   0x00000006   Code   RO         5817    .ARM.Collect$$_printf_percent$$00000015  c_w.l(_printf_lc.o)
    0x080001e6   0x080001e6   0x00000006   Code   RO         5818    .ARM.Collect$$_printf_percent$$00000016  c_w.l(_printf_ls.o)
    0x080001ec   0x080001ec   0x00000004   Code   RO         5811    .ARM.Collect$$_printf_percent$$00000017  c_w.l(_printf_percent_end.o)
    0x080001f0   0x080001f0   0x00000002   Code   RO         6050    .ARM.Collect$$libinit$$00000000  c_w.l(libinit.o)
    0x080001f2   0x080001f2   0x00000000   Code   RO         5832    .ARM.Collect$$libinit$$00000002  c_w.l(libinit2.o)
    0x080001f2   0x080001f2   0x00000000   Code   RO         5834    .ARM.Collect$$libinit$$00000004  c_w.l(libinit2.o)
    0x080001f2   0x080001f2   0x00000008   Code   RO         5835    .ARM.Collect$$libinit$$00000005  c_w.l(libinit2.o)
    0x080001fa   0x080001fa   0x00000000   Code   RO         5837    .ARM.Collect$$libinit$$0000000A  c_w.l(libinit2.o)
    0x080001fa   0x080001fa   0x00000000   Code   RO         5839    .ARM.Collect$$libinit$$0000000C  c_w.l(libinit2.o)
    0x080001fa   0x080001fa   0x00000000   Code   RO         5841    .ARM.Collect$$libinit$$0000000E  c_w.l(libinit2.o)
    0x080001fa   0x080001fa   0x00000006   Code   RO         5842    .ARM.Collect$$libinit$$0000000F  c_w.l(libinit2.o)
    0x08000200   0x08000200   0x00000000   Code   RO         5844    .ARM.Collect$$libinit$$00000011  c_w.l(libinit2.o)
    0x08000200   0x08000200   0x0000000c   Code   RO         5845    .ARM.Collect$$libinit$$00000012  c_w.l(libinit2.o)
    0x0800020c   0x0800020c   0x00000000   Code   RO         5846    .ARM.Collect$$libinit$$00000013  c_w.l(libinit2.o)
    0x0800020c   0x0800020c   0x00000000   Code   RO         5848    .ARM.Collect$$libinit$$00000015  c_w.l(libinit2.o)
    0x0800020c   0x0800020c   0x0000000a   Code   RO         5849    .ARM.Collect$$libinit$$00000016  c_w.l(libinit2.o)
    0x08000216   0x08000216   0x00000000   Code   RO         5850    .ARM.Collect$$libinit$$00000017  c_w.l(libinit2.o)
    0x08000216   0x08000216   0x00000000   Code   RO         5852    .ARM.Collect$$libinit$$00000019  c_w.l(libinit2.o)
    0x08000216   0x08000216   0x00000000   Code   RO         5854    .ARM.Collect$$libinit$$0000001B  c_w.l(libinit2.o)
    0x08000216   0x08000216   0x00000000   Code   RO         5856    .ARM.Collect$$libinit$$0000001D  c_w.l(libinit2.o)
    0x08000216   0x08000216   0x00000000   Code   RO         5858    .ARM.Collect$$libinit$$0000001F  c_w.l(libinit2.o)
    0x08000216   0x08000216   0x00000000   Code   RO         5860    .ARM.Collect$$libinit$$00000021  c_w.l(libinit2.o)
    0x08000216   0x08000216   0x00000000   Code   RO         5862    .ARM.Collect$$libinit$$00000023  c_w.l(libinit2.o)
    0x08000216   0x08000216   0x00000000   Code   RO         5864    .ARM.Collect$$libinit$$00000025  c_w.l(libinit2.o)
    0x08000216   0x08000216   0x00000000   Code   RO         5868    .ARM.Collect$$libinit$$0000002C  c_w.l(libinit2.o)
    0x08000216   0x08000216   0x00000000   Code   RO         5870    .ARM.Collect$$libinit$$0000002E  c_w.l(libinit2.o)
    0x08000216   0x08000216   0x00000000   Code   RO         5872    .ARM.Collect$$libinit$$00000030  c_w.l(libinit2.o)
    0x08000216   0x08000216   0x00000000   Code   RO         5874    .ARM.Collect$$libinit$$00000032  c_w.l(libinit2.o)
    0x08000216   0x08000216   0x00000002   Code   RO         5875    .ARM.Collect$$libinit$$00000033  c_w.l(libinit2.o)
    0x08000218   0x08000218   0x00000002   Code   RO         6112    .ARM.Collect$$libshutdown$$00000000  c_w.l(libshutdown.o)
    0x0800021a   0x0800021a   0x00000000   Code   RO         6066    .ARM.Collect$$libshutdown$$00000002  c_w.l(libshutdown2.o)
    0x0800021a   0x0800021a   0x00000000   Code   RO         6068    .ARM.Collect$$libshutdown$$00000004  c_w.l(libshutdown2.o)
    0x0800021a   0x0800021a   0x00000000   Code   RO         6071    .ARM.Collect$$libshutdown$$00000007  c_w.l(libshutdown2.o)
    0x0800021a   0x0800021a   0x00000000   Code   RO         6074    .ARM.Collect$$libshutdown$$0000000A  c_w.l(libshutdown2.o)
    0x0800021a   0x0800021a   0x00000000   Code   RO         6076    .ARM.Collect$$libshutdown$$0000000C  c_w.l(libshutdown2.o)
    0x0800021a   0x0800021a   0x00000000   Code   RO         6079    .ARM.Collect$$libshutdown$$0000000F  c_w.l(libshutdown2.o)
    0x0800021a   0x0800021a   0x00000002   Code   RO         6080    .ARM.Collect$$libshutdown$$00000010  c_w.l(libshutdown2.o)
    0x0800021c   0x0800021c   0x00000000   Code   RO         5741    .ARM.Collect$$rtentry$$00000000  c_w.l(__rtentry.o)
    0x0800021c   0x0800021c   0x00000000   Code   RO         5932    .ARM.Collect$$rtentry$$00000002  c_w.l(__rtentry2.o)
    0x0800021c   0x0800021c   0x00000006   Code   RO         5944    .ARM.Collect$$rtentry$$00000004  c_w.l(__rtentry4.o)
    0x08000222   0x08000222   0x00000000   Code   RO         5934    .ARM.Collect$$rtentry$$00000009  c_w.l(__rtentry2.o)
    0x08000222   0x08000222   0x00000004   Code   RO         5935    .ARM.Collect$$rtentry$$0000000A  c_w.l(__rtentry2.o)
    0x08000226   0x08000226   0x00000000   Code   RO         5937    .ARM.Collect$$rtentry$$0000000C  c_w.l(__rtentry2.o)
    0x08000226   0x08000226   0x00000008   Code   RO         5938    .ARM.Collect$$rtentry$$0000000D  c_w.l(__rtentry2.o)
    0x0800022e   0x0800022e   0x00000002   Code   RO         6055    .ARM.Collect$$rtexit$$00000000  c_w.l(rtexit.o)
    0x08000230   0x08000230   0x00000000   Code   RO         6086    .ARM.Collect$$rtexit$$00000002  c_w.l(rtexit2.o)
    0x08000230   0x08000230   0x00000004   Code   RO         6087    .ARM.Collect$$rtexit$$00000003  c_w.l(rtexit2.o)
    0x08000234   0x08000234   0x00000006   Code   RO         6088    .ARM.Collect$$rtexit$$00000004  c_w.l(rtexit2.o)
    0x0800023a   0x0800023a   0x00000002   PAD
    0x0800023c   0x0800023c   0x00000000   Code   RO         5953    .emb_text           c_w.l(maybetermalloc1.o)
    0x0800023c   0x0800023c   0x00000040   Code   RO            4    .text               startup_stm32f10x_md.o
    0x0800027c   0x0800027c   0x0000005e   Code   RO         5510    .text               c_w.l(h1_alloc.o)
    0x080002da   0x080002da   0x0000004e   Code   RO         5512    .text               c_w.l(h1_free.o)
    0x08000328   0x08000328   0x0000001a   Code   RO         5568    .text               c_w.l(tolower.o)
    0x08000342   0x08000342   0x00000002   PAD
    0x08000344   0x08000344   0x00000034   Code   RO         5570    .text               c_w.l(vsnprintf.o)
    0x08000378   0x08000378   0x0000002c   Code   RO         5572    .text               c_w.l(__2sprintf.o)
    0x080003a4   0x080003a4   0x00000038   Code   RO         5574    .text               c_w.l(__2snprintf.o)
    0x080003dc   0x080003dc   0x0000004e   Code   RO         5582    .text               c_w.l(_printf_pad.o)
    0x0800042a   0x0800042a   0x00000052   Code   RO         5584    .text               c_w.l(_printf_str.o)
    0x0800047c   0x0800047c   0x00000078   Code   RO         5586    .text               c_w.l(_printf_dec.o)
    0x080004f4   0x080004f4   0x00000094   Code   RO         5606    .text               c_w.l(_printf_hex_int_ll_ptr.o)
    0x08000588   0x08000588   0x00000188   Code   RO         5626    .text               c_w.l(__printf_flags_ss_wp.o)
    0x08000710   0x08000710   0x0000001a   Code   RO         5641    .text               c_w.l(atoi.o)
    0x0800072a   0x0800072a   0x00000014   Code   RO         5643    .text               c_w.l(strchr.o)
    0x0800073e   0x0800073e   0x00000024   Code   RO         5645    .text               c_w.l(strncat.o)
    0x08000762   0x08000762   0x00000024   Code   RO         5647    .text               c_w.l(strstr.o)
    0x08000786   0x08000786   0x0000003e   Code   RO         5651    .text               c_w.l(strlen.o)
    0x080007c4   0x080007c4   0x00000096   Code   RO         5653    .text               c_w.l(strncmp.o)
    0x0800085a   0x0800085a   0x00000018   Code   RO         5655    .text               c_w.l(strcat.o)
    0x08000872   0x08000872   0x0000008a   Code   RO         5657    .text               c_w.l(rt_memcpy_v6.o)
    0x080008fc   0x080008fc   0x00000064   Code   RO         5659    .text               c_w.l(rt_memcpy_w.o)
    0x08000960   0x08000960   0x00000044   Code   RO         5661    .text               c_w.l(rt_memclr.o)
    0x080009a4   0x080009a4   0x0000004e   Code   RO         5663    .text               c_w.l(rt_memclr_w.o)
    0x080009f2   0x080009f2   0x00000002   PAD
    0x080009f4   0x080009f4   0x00000080   Code   RO         5665    .text               c_w.l(strcmpv7m.o)
    0x08000a74   0x08000a74   0x00000006   Code   RO         5667    .text               c_w.l(heapauxi.o)
    0x08000a7a   0x08000a7a   0x00000002   PAD
    0x08000a7c   0x08000a7c   0x00000010   Code   RO         5742    .text               c_w.l(rt_ctype_table.o)
    0x08000a8c   0x08000a8c   0x00000008   Code   RO         5747    .text               c_w.l(rt_heap_descriptor_intlibspace.o)
    0x08000a94   0x08000a94   0x00000008   Code   RO         5752    .text               c_w.l(rt_errno_addr_intlibspace.o)
    0x08000a9c   0x08000a9c   0x00000004   Code   RO         5754    .text               c_w.l(hguard.o)
    0x08000aa0   0x08000aa0   0x0000008a   Code   RO         5756    .text               c_w.l(init_alloc.o)
    0x08000b2a   0x08000b2a   0x0000000e   Code   RO         5760    .text               c_w.l(h1_init.o)
    0x08000b38   0x08000b38   0x00000016   Code   RO         5774    .text               c_w.l(_rserrno.o)
    0x08000b4e   0x08000b4e   0x00000024   Code   RO         5776    .text               c_w.l(_printf_truncate.o)
    0x08000b72   0x08000b72   0x000000b2   Code   RO         5778    .text               c_w.l(_printf_intcommon.o)
    0x08000c24   0x08000c24   0x00000028   Code   RO         5780    .text               c_w.l(_printf_charcount.o)
    0x08000c4c   0x08000c4c   0x0000041e   Code   RO         5782    .text               c_w.l(_printf_fp_dec.o)
    0x0800106a   0x0800106a   0x00000002   PAD
    0x0800106c   0x0800106c   0x00000030   Code   RO         5784    .text               c_w.l(_printf_char_common.o)
    0x0800109c   0x0800109c   0x0000000a   Code   RO         5786    .text               c_w.l(_sputc.o)
    0x080010a6   0x080010a6   0x00000010   Code   RO         5788    .text               c_w.l(_snputc.o)
    0x080010b6   0x080010b6   0x0000002c   Code   RO         5790    .text               c_w.l(_printf_char.o)
    0x080010e2   0x080010e2   0x00000002   PAD
    0x080010e4   0x080010e4   0x000000bc   Code   RO         5792    .text               c_w.l(_printf_wctomb.o)
    0x080011a0   0x080011a0   0x0000007c   Code   RO         5795    .text               c_w.l(_printf_longlong_dec.o)
    0x0800121c   0x0800121c   0x00000070   Code   RO         5801    .text               c_w.l(_printf_oct_int_ll.o)
    0x0800128c   0x0800128c   0x0000001c   Code   RO         5821    .text               c_w.l(_chval.o)
    0x080012a8   0x080012a8   0x00000070   Code   RO         5827    .text               c_w.l(strtol.o)
    0x08001318   0x08001318   0x00000008   Code   RO         5928    .text               c_w.l(libspace.o)
    0x08001320   0x08001320   0x00000008   Code   RO         5949    .text               c_w.l(rt_locale_intlibspace.o)
    0x08001328   0x08001328   0x00000034   Code   RO         5955    .text               c_w.l(h1_extend.o)
    0x0800135c   0x0800135c   0x0000008a   Code   RO         5959    .text               c_w.l(lludiv10.o)
    0x080013e6   0x080013e6   0x00000002   PAD
    0x080013e8   0x080013e8   0x000002fc   Code   RO         5963    .text               c_w.l(_printf_fp_hex.o)
    0x080016e4   0x080016e4   0x00000080   Code   RO         5966    .text               c_w.l(_printf_fp_infnan.o)
    0x08001764   0x08001764   0x0000002c   Code   RO         5970    .text               c_w.l(_printf_wchar.o)
    0x08001790   0x08001790   0x0000009e   Code   RO         5974    .text               c_w.l(_strtoul.o)
    0x0800182e   0x0800182e   0x00000002   PAD
    0x08001830   0x08001830   0x000000e4   Code   RO         5976    .text               c_w.l(bigflt0.o)
    0x08001914   0x08001914   0x00000040   Code   RO         6001    .text               c_w.l(_wcrtomb.o)
    0x08001954   0x08001954   0x0000000e   Code   RO         6009    .text               c_w.l(defsig_rtmem_outer.o)
    0x08001962   0x08001962   0x00000002   Code   RO         6026    .text               c_w.l(use_no_semi.o)
    0x08001964   0x08001964   0x00000000   Code   RO         6028    .text               c_w.l(indicate_semi.o)
    0x08001964   0x08001964   0x0000004a   Code   RO         6029    .text               c_w.l(sys_stackheap_outer.o)
    0x080019ae   0x080019ae   0x00000012   Code   RO         6035    .text               c_w.l(exit.o)
    0x080019c0   0x080019c0   0x0000000a   Code   RO         6037    .text               c_w.l(defsig_exit.o)
    0x080019ca   0x080019ca   0x00000002   PAD
    0x080019cc   0x080019cc   0x00000050   Code   RO         6039    .text               c_w.l(defsig_rtmem_inner.o)
    0x08001a1c   0x08001a1c   0x0000000c   Code   RO         6053    .text               c_w.l(sys_exit.o)
    0x08001a28   0x08001a28   0x00000032   Code   RO         6063    .text               c_w.l(defsig_general.o)
    0x08001a5a   0x08001a5a   0x0000000e   Code   RO         6083    .text               c_w.l(sys_wrch.o)
    0x08001a68   0x08001a68   0x0000003e   Code   RO         5979    CL$$btod_d2e        c_w.l(btod.o)
    0x08001aa6   0x08001aa6   0x00000046   Code   RO         5981    CL$$btod_d2e_denorm_low  c_w.l(btod.o)
    0x08001aec   0x08001aec   0x00000060   Code   RO         5980    CL$$btod_d2e_norm_op1  c_w.l(btod.o)
    0x08001b4c   0x08001b4c   0x00000338   Code   RO         5989    CL$$btod_div_common  c_w.l(btod.o)
    0x08001e84   0x08001e84   0x000000dc   Code   RO         5986    CL$$btod_e2e        c_w.l(btod.o)
    0x08001f60   0x08001f60   0x0000002a   Code   RO         5983    CL$$btod_ediv       c_w.l(btod.o)
    0x08001f8a   0x08001f8a   0x0000002a   Code   RO         5982    CL$$btod_emul       c_w.l(btod.o)
    0x08001fb4   0x08001fb4   0x00000244   Code   RO         5988    CL$$btod_mult_common  c_w.l(btod.o)
    0x080021f8   0x080021f8   0x00000016   Code   RO          202    i.ADC_Cmd           stm32f10x_adc.o
    0x0800220e   0x0800220e   0x00000014   Code   RO          210    i.ADC_GetCalibrationStatus  stm32f10x_adc.o
    0x08002222   0x08002222   0x00000008   Code   RO          211    i.ADC_GetConversionValue  stm32f10x_adc.o
    0x0800222a   0x0800222a   0x00000012   Code   RO          213    i.ADC_GetFlagStatus  stm32f10x_adc.o
    0x0800223c   0x0800223c   0x00000014   Code   RO          216    i.ADC_GetResetCalibrationStatus  stm32f10x_adc.o
    0x08002250   0x08002250   0x00000034   Code   RO         3196    i.ADC_GetValue      adcx.o
    0x08002284   0x08002284   0x00000050   Code   RO          220    i.ADC_Init          stm32f10x_adc.o
    0x080022d4   0x080022d4   0x000000b8   Code   RO          224    i.ADC_RegularChannelConfig  stm32f10x_adc.o
    0x0800238c   0x0800238c   0x0000000a   Code   RO          225    i.ADC_ResetCalibration  stm32f10x_adc.o
    0x08002396   0x08002396   0x00000016   Code   RO          227    i.ADC_SoftwareStartConvCmd  stm32f10x_adc.o
    0x080023ac   0x080023ac   0x0000000a   Code   RO          229    i.ADC_StartCalibration  stm32f10x_adc.o
    0x080023b6   0x080023b6   0x00000002   PAD
    0x080023b8   0x080023b8   0x0000006c   Code   RO         3197    i.ADCx_Init         adcx.o
    0x08002424   0x08002424   0x0000016c   Code   RO         4692    i.BASE64_Decode     base64.o
    0x08002590   0x08002590   0x00000144   Code   RO         4693    i.BASE64_Encode     base64.o
    0x080026d4   0x080026d4   0x00000030   Code   RO         3498    i.BODY_HW_GetData   body_hw.o
    0x08002704   0x08002704   0x0000004c   Code   RO         3499    i.BODY_HW_Init      body_hw.o
    0x08002750   0x08002750   0x0000004c   Code   RO         4019    i.BusFault_Handler  stm32f10x_it.o
    0x0800279c   0x0800279c   0x00000058   Code   RO         3615    i.DHT11_Check       dht11.o
    0x080027f4   0x080027f4   0x0000003c   Code   RO         3616    i.DHT11_Init        dht11.o
    0x08002830   0x08002830   0x00000034   Code   RO         3617    i.DHT11_Mode        dht11.o
    0x08002864   0x08002864   0x00000058   Code   RO         3618    i.DHT11_Read_Bit    dht11.o
    0x080028bc   0x080028bc   0x0000001e   Code   RO         3619    i.DHT11_Read_Byte   dht11.o
    0x080028da   0x080028da   0x00000058   Code   RO         3620    i.DHT11_Read_Data   dht11.o
    0x08002932   0x08002932   0x00000002   PAD
    0x08002934   0x08002934   0x0000002c   Code   RO         3621    i.DHT11_Rst         dht11.o
    0x08002960   0x08002960   0x0000003c   Code   RO         5110    i.DMA1_Channel1_IRQHandler  ws2812b.o
    0x0800299c   0x0800299c   0x0000003c   Code   RO         5111    i.DMA1_Channel2_IRQHandler  ws2812b.o
    0x080029d8   0x080029d8   0x00000044   Code   RO         5112    i.DMA1_Channel3_IRQHandler  ws2812b.o
    0x08002a1c   0x08002a1c   0x00000044   Code   RO         5113    i.DMA1_Channel5_IRQHandler  ws2812b.o
    0x08002a60   0x08002a60   0x00000044   Code   RO         5114    i.DMA1_Channel7_IRQHandler  ws2812b.o
    0x08002aa4   0x08002aa4   0x000000a0   Code   RO         5115    i.DMASendNext_bat   ws2812b.o
    0x08002b44   0x08002b44   0x000000a0   Code   RO         5116    i.DMASendNext_bed   ws2812b.o
    0x08002be4   0x08002be4   0x000000a0   Code   RO         5117    i.DMASendNext_kit   ws2812b.o
    0x08002c84   0x08002c84   0x000000a0   Code   RO         5118    i.DMASendNext_liv   ws2812b.o
    0x08002d24   0x08002d24   0x000000a0   Code   RO         5119    i.DMASendNext_stu   ws2812b.o
    0x08002dc4   0x08002dc4   0x000000b8   Code   RO         5120    i.DMASend_bat       ws2812b.o
    0x08002e7c   0x08002e7c   0x000000b8   Code   RO         5121    i.DMASend_bed       ws2812b.o
    0x08002f34   0x08002f34   0x000000b4   Code   RO         5122    i.DMASend_kit       ws2812b.o
    0x08002fe8   0x08002fe8   0x000000b4   Code   RO         5123    i.DMASend_liv       ws2812b.o
    0x0800309c   0x0800309c   0x000000b4   Code   RO         5124    i.DMASend_stu       ws2812b.o
    0x08003150   0x08003150   0x0000001c   Code   RO          910    i.DMA_ClearITPendingBit  stm32f10x_dma.o
    0x0800316c   0x0800316c   0x00000018   Code   RO          911    i.DMA_Cmd           stm32f10x_dma.o
    0x08003184   0x08003184   0x0000002c   Code   RO          915    i.DMA_GetITStatus   stm32f10x_dma.o
    0x080031b0   0x080031b0   0x00000012   Code   RO          916    i.DMA_ITConfig      stm32f10x_dma.o
    0x080031c2   0x080031c2   0x0000003c   Code   RO          917    i.DMA_Init          stm32f10x_dma.o
    0x080031fe   0x080031fe   0x00000004   Code   RO          918    i.DMA_SetCurrDataCounter  stm32f10x_dma.o
    0x08003202   0x08003202   0x00000002   Code   RO         4020    i.DebugMon_Handler  stm32f10x_it.o
    0x08003204   0x08003204   0x00000018   Code   RO         3300    i.Delay_ms          delay.o
    0x0800321c   0x0800321c   0x0000002e   Code   RO         3302    i.Delay_us          delay.o
    0x0800324a   0x0800324a   0x000000dc   Code   RO         3908    i.Display_Init      main.o
    0x08003326   0x08003326   0x00000002   PAD
    0x08003328   0x08003328   0x0000001c   Code   RO         4450    i.ESP8266_Clear     esp8266.o
    0x08003344   0x08003344   0x00000050   Code   RO         4451    i.ESP8266_GetIPD    esp8266.o
    0x08003394   0x08003394   0x0000012c   Code   RO         4452    i.ESP8266_Init      esp8266.o
    0x080034c0   0x080034c0   0x00000054   Code   RO         4453    i.ESP8266_SendCmd   esp8266.o
    0x08003514   0x08003514   0x00000048   Code   RO         4454    i.ESP8266_SendData  esp8266.o
    0x0800355c   0x0800355c   0x00000034   Code   RO         4455    i.ESP8266_WaitRecive  esp8266.o
    0x08003590   0x08003590   0x00000002   Code   RO         4021    i.EXTI0_IRQHandler  stm32f10x_it.o
    0x08003592   0x08003592   0x00000116   Code   RO         1347    i.GPIO_Init         stm32f10x_gpio.o
    0x080036a8   0x080036a8   0x00000012   Code   RO         1351    i.GPIO_ReadInputDataBit  stm32f10x_gpio.o
    0x080036ba   0x080036ba   0x00000004   Code   RO         1354    i.GPIO_ResetBits    stm32f10x_gpio.o
    0x080036be   0x080036be   0x00000004   Code   RO         1355    i.GPIO_SetBits      stm32f10x_gpio.o
    0x080036c2   0x080036c2   0x00000002   PAD
    0x080036c4   0x080036c4   0x0000006c   Code   RO         3827    i.Gree_UpdateIRSignal  irremot.o
    0x08003730   0x08003730   0x000000b0   Code   RO         4770    i.HandleBathLEDAuto  onenet.o
    0x080037e0   0x080037e0   0x000000b0   Code   RO         4771    i.HandleBedLEDAuto  onenet.o
    0x08003890   0x08003890   0x000000b0   Code   RO         4772    i.HandleKitLEDAuto  onenet.o
    0x08003940   0x08003940   0x000000b0   Code   RO         4773    i.HandleLivingLEDAuto  onenet.o
    0x080039f0   0x080039f0   0x000000b0   Code   RO         4774    i.HandleStudyLEDAuto  onenet.o
    0x08003aa0   0x08003aa0   0x0000004c   Code   RO         4022    i.HardFault_Handler  stm32f10x_it.o
    0x08003aec   0x08003aec   0x00000088   Code   RO         3909    i.Hardware_Init     main.o
    0x08003b74   0x08003b74   0x00000010   Code   RO         3666    i.IIC_delay         oled.o
    0x08003b84   0x08003b84   0x00000030   Code   RO         3828    i.IR_Send38kHz      irremot.o
    0x08003bb4   0x08003bb4   0x000001f8   Code   RO         3829    i.IR_SendGree       irremot.o
    0x08003dac   0x08003dac   0x00000028   Code   RO         3830    i.IR_SendGreeH      irremot.o
    0x08003dd4   0x08003dd4   0x00000028   Code   RO         3831    i.IR_SendGreeL      irremot.o
    0x08003dfc   0x08003dfc   0x00000028   Code   RO         3832    i.IR_SendMsg        irremot.o
    0x08003e24   0x08003e24   0x000001fc   Code   RO         3833    i.IR_init           irremot.o
    0x08004020   0x08004020   0x0000000c   Code   RO         5125    i.LEDGamma          ws2812b.o
    0x0800402c   0x0800402c   0x0000000c   Code   RO         3462    i.LightSensor_ADC_Read  lightsensor.o
    0x08004038   0x08004038   0x00000026   Code   RO         3463    i.LightSensor_Average_Data  lightsensor.o
    0x0800405e   0x0800405e   0x00000002   PAD
    0x08004060   0x08004060   0x00000028   Code   RO         3464    i.LightSensor_Init  lightsensor.o
    0x08004088   0x08004088   0x00000094   Code   RO         3465    i.LightSensor_LuxData  lightsensor.o
    0x0800411c   0x0800411c   0x000000b6   Code   RO         3558    i.MOTOR_Direction   stepmotor.o
    0x080041d2   0x080041d2   0x0000002e   Code   RO         3559    i.MOTOR_Direction_Angle  stepmotor.o
    0x08004200   0x08004200   0x00000034   Code   RO         3560    i.MOTOR_Init        stepmotor.o
    0x08004234   0x08004234   0x000000ac   Code   RO         3561    i.MOTOR_Rhythm_4_1_4  stepmotor.o
    0x080042e0   0x080042e0   0x00000138   Code   RO         3562    i.MOTOR_Rhythm_4_1_8  stepmotor.o
    0x08004418   0x08004418   0x000000ac   Code   RO         3563    i.MOTOR_Rhythm_4_2_4  stepmotor.o
    0x080044c4   0x080044c4   0x0000001c   Code   RO         4508    i.MQTT_DeleteBuffer  mqttkit.o
    0x080044e0   0x080044e0   0x0000002e   Code   RO         4509    i.MQTT_DumpLength   mqttkit.o
    0x0800450e   0x0800450e   0x00000058   Code   RO         4510    i.MQTT_NewBuffer    mqttkit.o
    0x08004566   0x08004566   0x00000002   PAD
    0x08004568   0x08004568   0x000002a0   Code   RO         4512    i.MQTT_PacketConnect  mqttkit.o
    0x08004808   0x08004808   0x000001b8   Code   RO         4515    i.MQTT_PacketPublish  mqttkit.o
    0x080049c0   0x080049c0   0x00000048   Code   RO         4517    i.MQTT_PacketPublishComp  mqttkit.o
    0x08004a08   0x08004a08   0x00000048   Code   RO         4519    i.MQTT_PacketPublishRel  mqttkit.o
    0x08004a50   0x08004a50   0x000000fe   Code   RO         4522    i.MQTT_PacketSubscribe  mqttkit.o
    0x08004b4e   0x08004b4e   0x00000046   Code   RO         4524    i.MQTT_ReadLength   mqttkit.o
    0x08004b94   0x08004b94   0x0000008c   Code   RO         4525    i.MQTT_UnPacketCmd  mqttkit.o
    0x08004c20   0x08004c20   0x0000001e   Code   RO         4526    i.MQTT_UnPacketConnectAck  mqttkit.o
    0x08004c3e   0x08004c3e   0x00000002   PAD
    0x08004c40   0x08004c40   0x000001c0   Code   RO         4527    i.MQTT_UnPacketPublish  mqttkit.o
    0x08004e00   0x08004e00   0x0000001e   Code   RO         4528    i.MQTT_UnPacketPublishAck  mqttkit.o
    0x08004e1e   0x08004e1e   0x0000001e   Code   RO         4529    i.MQTT_UnPacketPublishComp  mqttkit.o
    0x08004e3c   0x08004e3c   0x0000001e   Code   RO         4530    i.MQTT_UnPacketPublishRec  mqttkit.o
    0x08004e5a   0x08004e5a   0x00000024   Code   RO         4531    i.MQTT_UnPacketPublishRel  mqttkit.o
    0x08004e7e   0x08004e7e   0x00000002   PAD
    0x08004e80   0x08004e80   0x00000074   Code   RO         4532    i.MQTT_UnPacketRecv  mqttkit.o
    0x08004ef4   0x08004ef4   0x00000034   Code   RO         4533    i.MQTT_UnPacketSubscribe  mqttkit.o
    0x08004f28   0x08004f28   0x00000012   Code   RO         4534    i.MQTT_UnPacketUnSubscribe  mqttkit.o
    0x08004f3a   0x08004f3a   0x00000002   PAD
    0x08004f3c   0x08004f3c   0x0000004c   Code   RO         4023    i.MemManage_Handler  stm32f10x_it.o
    0x08004f88   0x08004f88   0x00000002   Code   RO         4024    i.NMI_Handler       stm32f10x_it.o
    0x08004f8a   0x08004f8a   0x00000002   PAD
    0x08004f8c   0x08004f8c   0x00000070   Code   RO          137    i.NVIC_Init         misc.o
    0x08004ffc   0x08004ffc   0x00000014   Code   RO          138    i.NVIC_PriorityGroupConfig  misc.o
    0x08005010   0x08005010   0x00000030   Code   RO         3667    i.OLED_Clear        oled.o
    0x08005040   0x08005040   0x00000078   Code   RO         3674    i.OLED_DrawPoint    oled.o
    0x080050b8   0x080050b8   0x0000003c   Code   RO         3675    i.OLED_I2C_Start    oled.o
    0x080050f4   0x080050f4   0x0000002c   Code   RO         3676    i.OLED_I2C_Stop     oled.o
    0x08005120   0x08005120   0x00000034   Code   RO         3677    i.OLED_I2C_WaitAck  oled.o
    0x08005154   0x08005154   0x0000012c   Code   RO         3678    i.OLED_Init         oled.o
    0x08005280   0x08005280   0x00000016   Code   RO         3679    i.OLED_Pow          oled.o
    0x08005296   0x08005296   0x00000002   PAD
    0x08005298   0x08005298   0x00000068   Code   RO         3680    i.OLED_Refresh      oled.o
    0x08005300   0x08005300   0x00000054   Code   RO         3682    i.OLED_Send_Byte    oled.o
    0x08005354   0x08005354   0x00000140   Code   RO         3683    i.OLED_ShowChar     oled.o
    0x08005494   0x08005494   0x00000108   Code   RO         3684    i.OLED_ShowChinese  oled.o
    0x0800559c   0x0800559c   0x00000094   Code   RO         3685    i.OLED_ShowNum      oled.o
    0x08005630   0x08005630   0x00000038   Code   RO         3688    i.OLED_WR_Byte      oled.o
    0x08005668   0x08005668   0x00000118   Code   RO         4775    i.OTA_UrlEncode     onenet.o
    0x08005780   0x08005780   0x0000019c   Code   RO         4776    i.OneNET_Authorization  onenet.o
    0x0800591c   0x0800591c   0x000000bc   Code   RO         4777    i.OneNET_Publish    onenet.o
    0x080059d8   0x080059d8   0x00000260   Code   RO         4779    i.OneNet_DevLink    onenet.o
    0x08005c38   0x08005c38   0x00000478   Code   RO         4780    i.OneNet_RevPro     onenet.o
    0x080060b0   0x080060b0   0x000000e4   Code   RO         4781    i.OneNet_Subscribe  onenet.o
    0x08006194   0x08006194   0x00000018   Code   RO         1773    i.RCC_ADCCLKConfig  stm32f10x_rcc.o
    0x080061ac   0x080061ac   0x00000020   Code   RO         1774    i.RCC_AHBPeriphClockCmd  stm32f10x_rcc.o
    0x080061cc   0x080061cc   0x00000020   Code   RO         1775    i.RCC_APB1PeriphClockCmd  stm32f10x_rcc.o
    0x080061ec   0x080061ec   0x00000020   Code   RO         1777    i.RCC_APB2PeriphClockCmd  stm32f10x_rcc.o
    0x0800620c   0x0800620c   0x000000d4   Code   RO         1785    i.RCC_GetClocksFreq  stm32f10x_rcc.o
    0x080062e0   0x080062e0   0x00000070   Code   RO         5126    i.RGB2PWM           ws2812b.o
    0x08006350   0x08006350   0x00000002   Code   RO         4025    i.RTC_IRQHandler    stm32f10x_it.o
    0x08006352   0x08006352   0x00000002   Code   RO         4026    i.SVC_Handler       stm32f10x_it.o
    0x08006354   0x08006354   0x00000008   Code   RO           24    i.SetSysClock       system_stm32f10x.o
    0x0800635c   0x0800635c   0x000000e0   Code   RO           25    i.SetSysClockTo72   system_stm32f10x.o
    0x0800643c   0x0800643c   0x00000028   Code   RO         5127    i.SrcFilterNull     ws2812b.o
    0x08006464   0x08006464   0x00000040   Code   RO         5128    i.SrcFilterRGB      ws2812b.o
    0x080064a4   0x080064a4   0x00000002   Code   RO         4027    i.SysTick_Handler   stm32f10x_it.o
    0x080064a6   0x080064a6   0x00000002   PAD
    0x080064a8   0x080064a8   0x00000060   Code   RO           27    i.SystemInit        system_stm32f10x.o
    0x08006508   0x08006508   0x00000044   Code   RO         3435    i.TIM1_UP_IRQHandler  pwm.o
    0x0800654c   0x0800654c   0x00000006   Code   RO         2415    i.TIM_ClearFlag     stm32f10x_tim.o
    0x08006552   0x08006552   0x00000006   Code   RO         2416    i.TIM_ClearITPendingBit  stm32f10x_tim.o
    0x08006558   0x08006558   0x00000018   Code   RO         2421    i.TIM_Cmd           stm32f10x_tim.o
    0x08006570   0x08006570   0x00000012   Code   RO         2424    i.TIM_DMACmd        stm32f10x_tim.o
    0x08006582   0x08006582   0x00000022   Code   RO         2442    i.TIM_GetITStatus   stm32f10x_tim.o
    0x080065a4   0x080065a4   0x00000012   Code   RO         2446    i.TIM_ITConfig      stm32f10x_tim.o
    0x080065b6   0x080065b6   0x0000000c   Code   RO         2448    i.TIM_InternalClockConfig  stm32f10x_tim.o
    0x080065c2   0x080065c2   0x00000002   PAD
    0x080065c4   0x080065c4   0x00000098   Code   RO         2450    i.TIM_OC1Init       stm32f10x_tim.o
    0x0800665c   0x0800665c   0x00000012   Code   RO         2453    i.TIM_OC1PreloadConfig  stm32f10x_tim.o
    0x0800666e   0x0800666e   0x00000002   PAD
    0x08006670   0x08006670   0x000000a4   Code   RO         2455    i.TIM_OC2Init       stm32f10x_tim.o
    0x08006714   0x08006714   0x0000001a   Code   RO         2458    i.TIM_OC2PreloadConfig  stm32f10x_tim.o
    0x0800672e   0x0800672e   0x00000002   PAD
    0x08006730   0x08006730   0x000000a0   Code   RO         2460    i.TIM_OC3Init       stm32f10x_tim.o
    0x080067d0   0x080067d0   0x00000012   Code   RO         2463    i.TIM_OC3PreloadConfig  stm32f10x_tim.o
    0x080067e2   0x080067e2   0x00000002   PAD
    0x080067e4   0x080067e4   0x0000007c   Code   RO         2465    i.TIM_OC4Init       stm32f10x_tim.o
    0x08006860   0x08006860   0x0000001a   Code   RO         2467    i.TIM_OC4PreloadConfig  stm32f10x_tim.o
    0x0800687a   0x0800687a   0x00000014   Code   RO         2468    i.TIM_OCStructInit  stm32f10x_tim.o
    0x0800688e   0x0800688e   0x00000004   Code   RO         2482    i.TIM_SetCompare1   stm32f10x_tim.o
    0x08006892   0x08006892   0x00000002   PAD
    0x08006894   0x08006894   0x000000a4   Code   RO         2492    i.TIM_TimeBaseInit  stm32f10x_tim.o
    0x08006938   0x08006938   0x00000080   Code   RO         3436    i.Timer_Init        pwm.o
    0x080069b8   0x080069b8   0x000000cc   Code   RO         3910    i.Topic_Init        main.o
    0x08006a84   0x08006a84   0x0000001c   Code   RO         3248    i.USART1_IRQHandler  usart.o
    0x08006aa0   0x08006aa0   0x0000004c   Code   RO         4456    i.USART3_IRQHandler  esp8266.o
    0x08006aec   0x08006aec   0x00000012   Code   RO         2956    i.USART_ClearFlag   stm32f10x_usart.o
    0x08006afe   0x08006afe   0x00000018   Code   RO         2960    i.USART_Cmd         stm32f10x_usart.o
    0x08006b16   0x08006b16   0x0000001a   Code   RO         2963    i.USART_GetFlagStatus  stm32f10x_usart.o
    0x08006b30   0x08006b30   0x00000054   Code   RO         2964    i.USART_GetITStatus  stm32f10x_usart.o
    0x08006b84   0x08006b84   0x0000004a   Code   RO         2966    i.USART_ITConfig    stm32f10x_usart.o
    0x08006bce   0x08006bce   0x00000002   PAD
    0x08006bd0   0x08006bd0   0x000000d8   Code   RO         2967    i.USART_Init        stm32f10x_usart.o
    0x08006ca8   0x08006ca8   0x00000008   Code   RO         2977    i.USART_SendData    stm32f10x_usart.o
    0x08006cb0   0x08006cb0   0x00000050   Code   RO         4028    i.UsageFault_Handler  stm32f10x_it.o
    0x08006d00   0x08006d00   0x000000b0   Code   RO         3249    i.Usart1_Init       usart.o
    0x08006db0   0x08006db0   0x000000ac   Code   RO         3250    i.Usart3_Init       usart.o
    0x08006e5c   0x08006e5c   0x00000048   Code   RO         3251    i.UsartPrintf       usart.o
    0x08006ea4   0x08006ea4   0x00000032   Code   RO         3252    i.Usart_SendString  usart.o
    0x08006ed6   0x08006ed6   0x00000002   PAD
    0x08006ed8   0x08006ed8   0x00000020   Code   RO         5129    i.WS2812B_SetBrightness_bat  ws2812b.o
    0x08006ef8   0x08006ef8   0x00000020   Code   RO         5130    i.WS2812B_SetBrightness_bed  ws2812b.o
    0x08006f18   0x08006f18   0x00000020   Code   RO         5131    i.WS2812B_SetBrightness_kit  ws2812b.o
    0x08006f38   0x08006f38   0x00000020   Code   RO         5132    i.WS2812B_SetBrightness_liv  ws2812b.o
    0x08006f58   0x08006f58   0x00000020   Code   RO         5133    i.WS2812B_SetBrightness_stu  ws2812b.o
    0x08006f78   0x08006f78   0x00000034   Code   RO         5134    i.WS2812B_SetTemperature_bat  ws2812b.o
    0x08006fac   0x08006fac   0x00000034   Code   RO         5135    i.WS2812B_SetTemperature_bed  ws2812b.o
    0x08006fe0   0x08006fe0   0x00000034   Code   RO         5136    i.WS2812B_SetTemperature_kit  ws2812b.o
    0x08007014   0x08007014   0x00000034   Code   RO         5137    i.WS2812B_SetTemperature_liv  ws2812b.o
    0x08007048   0x08007048   0x00000034   Code   RO         5138    i.WS2812B_SetTemperature_stu  ws2812b.o
    0x0800707c   0x0800707c   0x000000ac   Code   RO         5139    i.WS2812B_UpdateLEDs_bat  ws2812b.o
    0x08007128   0x08007128   0x000000ac   Code   RO         5140    i.WS2812B_UpdateLEDs_bed  ws2812b.o
    0x080071d4   0x080071d4   0x000000ac   Code   RO         5141    i.WS2812B_UpdateLEDs_kit  ws2812b.o
    0x08007280   0x08007280   0x000000ac   Code   RO         5142    i.WS2812B_UpdateLEDs_liv  ws2812b.o
    0x0800732c   0x0800732c   0x000000ac   Code   RO         5143    i.WS2812B_UpdateLEDs_stu  ws2812b.o
    0x080073d8   0x080073d8   0x00000028   Code   RO         5913    i.__ARM_fpclassify  m_ws.l(fpclassify.o)
    0x08007400   0x08007400   0x000000aa   Code   RO         5915    i.__kernel_poly     m_ws.l(poly.o)
    0x080074aa   0x080074aa   0x00000002   PAD
    0x080074ac   0x080074ac   0x00000010   Code   RO         5899    i.__mathlib_dbl_divzero  m_ws.l(dunder.o)
    0x080074bc   0x080074bc   0x00000004   Code   RO         5901    i.__mathlib_dbl_infnan2  m_ws.l(dunder.o)
    0x080074c0   0x080074c0   0x0000000c   Code   RO         5902    i.__mathlib_dbl_invalid  m_ws.l(dunder.o)
    0x080074cc   0x080074cc   0x0000000e   Code   RO         5903    i.__mathlib_dbl_overflow  m_ws.l(dunder.o)
    0x080074da   0x080074da   0x00000002   PAD
    0x080074dc   0x080074dc   0x00000010   Code   RO         5905    i.__mathlib_dbl_underflow  m_ws.l(dunder.o)
    0x080074ec   0x080074ec   0x0000000e   Code   RO         5619    i._is_digit         c_w.l(__printf_wp.o)
    0x080074fa   0x080074fa   0x00000002   PAD
    0x080074fc   0x080074fc   0x00000058   Code   RO         4109    i.cJSON_Delete      cjson.o
    0x08007554   0x08007554   0x0000001e   Code   RO         4118    i.cJSON_GetObjectItem  cjson.o
    0x08007572   0x08007572   0x00000002   PAD
    0x08007574   0x08007574   0x00000020   Code   RO         4122    i.cJSON_New_Item    cjson.o
    0x08007594   0x08007594   0x00000010   Code   RO         4123    i.cJSON_Parse       cjson.o
    0x080075a4   0x080075a4   0x00000064   Code   RO         4124    i.cJSON_ParseWithOpts  cjson.o
    0x08007608   0x08007608   0x0000004c   Code   RO         4130    i.cJSON_strcasecmp  cjson.o
    0x08007654   0x08007654   0x00000160   Code   RO         5144    i.calculateRGB      ws2812b.o
    0x080077b4   0x080077b4   0x0000004c   Code   RO         4722    i.ft                hmac_sha1.o
    0x08007800   0x08007800   0x00000200   Code   RO         4782    i.handleAC          onenet.o
    0x08007a00   0x08007a00   0x00000200   Code   RO         4783    i.handleBathroomLED  onenet.o
    0x08007c00   0x08007c00   0x00000094   Code   RO         4784    i.handleBedroomCurtainRaw  onenet.o
    0x08007c94   0x08007c94   0x000001fc   Code   RO         4785    i.handleBedroomLED  onenet.o
    0x08007e90   0x08007e90   0x000001fc   Code   RO         4786    i.handleKitchenLED  onenet.o
    0x0800808c   0x0800808c   0x00000204   Code   RO         4787    i.handleLivingRoomLED  onenet.o
    0x08008290   0x08008290   0x00000204   Code   RO         4788    i.handleStudyroomLED  onenet.o
    0x08008494   0x08008494   0x0000012e   Code   RO         4723    i.hmac_sha1         hmac_sha1.o
    0x080085c2   0x080085c2   0x00000002   PAD
    0x080085c4   0x080085c4   0x00000034   Code   RO         4724    i.k                 hmac_sha1.o
    0x080085f8   0x080085f8   0x00000084   Code   RO         5145    i.kelvinToRGB       ws2812b.o
    0x0800867c   0x0800867c   0x00000018   Code   RO         4998    i.led_Init          led.o
    0x08008694   0x08008694   0x000001a8   Code   RO         3911    i.main              main.o
    0x0800883c   0x0800883c   0x0000000e   Code   RO         5146    i.min               ws2812b.o
    0x0800884a   0x0800884a   0x00000002   PAD
    0x0800884c   0x0800884c   0x000000ac   Code   RO         4134    i.parse_array       cjson.o
    0x080088f8   0x080088f8   0x00000114   Code   RO         4135    i.parse_hex4        cjson.o
    0x08008a0c   0x08008a0c   0x000001bc   Code   RO         4136    i.parse_number      cjson.o
    0x08008bc8   0x08008bc8   0x00000114   Code   RO         4137    i.parse_object      cjson.o
    0x08008cdc   0x08008cdc   0x000001cc   Code   RO         4138    i.parse_string      cjson.o
    0x08008ea8   0x08008ea8   0x000000bc   Code   RO         4139    i.parse_value       cjson.o
    0x08008f64   0x08008f64   0x000009d8   Code   RO         5730    i.pow               m_ws.l(pow.o)
    0x0800993c   0x0800993c   0x0000002e   Code   RO         4725    i.rotl              hmac_sha1.o
    0x0800996a   0x0800996a   0x00000002   PAD
    0x0800996c   0x0800996c   0x00000284   Code   RO         4727    i.sha1              hmac_sha1.o
    0x08009bf0   0x08009bf0   0x00000012   Code   RO         4147    i.skip              cjson.o
    0x08009c02   0x08009c02   0x0000004c   Code   RO         5919    i.sqrt              m_ws.l(sqrt.o)
    0x08009c4e   0x08009c4e   0x00000002   PAD
    0x08009c50   0x08009c50   0x0000010c   Code   RO         5147    i.ws2812b_Init_bat  ws2812b.o
    0x08009d5c   0x08009d5c   0x0000010c   Code   RO         5148    i.ws2812b_Init_bed  ws2812b.o
    0x08009e68   0x08009e68   0x00000110   Code   RO         5149    i.ws2812b_Init_kit  ws2812b.o
    0x08009f78   0x08009f78   0x00000110   Code   RO         5150    i.ws2812b_Init_liv  ws2812b.o
    0x0800a088   0x0800a088   0x00000110   Code   RO         5151    i.ws2812b_Init_stu  ws2812b.o
    0x0800a198   0x0800a198   0x00000014   Code   RO         5152    i.ws2812b_IsReady_bat  ws2812b.o
    0x0800a1ac   0x0800a1ac   0x00000014   Code   RO         5153    i.ws2812b_IsReady_bed  ws2812b.o
    0x0800a1c0   0x0800a1c0   0x00000014   Code   RO         5154    i.ws2812b_IsReady_kit  ws2812b.o
    0x0800a1d4   0x0800a1d4   0x00000014   Code   RO         5155    i.ws2812b_IsReady_liv  ws2812b.o
    0x0800a1e8   0x0800a1e8   0x00000014   Code   RO         5156    i.ws2812b_IsReady_stu  ws2812b.o
    0x0800a1fc   0x0800a1fc   0x00000018   Code   RO         5157    i.ws2812b_SendRGB_bat  ws2812b.o
    0x0800a214   0x0800a214   0x00000018   Code   RO         5158    i.ws2812b_SendRGB_bed  ws2812b.o
    0x0800a22c   0x0800a22c   0x00000018   Code   RO         5159    i.ws2812b_SendRGB_kit  ws2812b.o
    0x0800a244   0x0800a244   0x00000018   Code   RO         5160    i.ws2812b_SendRGB_liv  ws2812b.o
    0x0800a25c   0x0800a25c   0x00000018   Code   RO         5161    i.ws2812b_SendRGB_stu  ws2812b.o
    0x0800a274   0x0800a274   0x0000002c   Code   RO         6004    locale$$code        c_w.l(lc_ctype_c.o)
    0x0800a2a0   0x0800a2a0   0x0000002c   Code   RO         6007    locale$$code        c_w.l(lc_numeric_c.o)
    0x0800a2cc   0x0800a2cc   0x00000150   Code   RO         5671    x$fpl$dadd          fz_ws.l(daddsub_clz.o)
    0x0800a41c   0x0800a41c   0x00000010   Code   RO         6018    x$fpl$dcheck1       fz_ws.l(dcheck1.o)
    0x0800a42c   0x0800a42c   0x00000018   Code   RO         5876    x$fpl$dcmpinf       fz_ws.l(dcmpi.o)
    0x0800a444   0x0800a444   0x000002b0   Code   RO         5879    x$fpl$ddiv          fz_ws.l(ddiv.o)
    0x0800a6f4   0x0800a6f4   0x0000005e   Code   RO         5679    x$fpl$dfix          fz_ws.l(dfix.o)
    0x0800a752   0x0800a752   0x00000002   PAD
    0x0800a754   0x0800a754   0x0000005a   Code   RO         5683    x$fpl$dfixu         fz_ws.l(dfixu.o)
    0x0800a7ae   0x0800a7ae   0x0000002e   Code   RO         5688    x$fpl$dflt          fz_ws.l(dflt_clz.o)
    0x0800a7dc   0x0800a7dc   0x00000078   Code   RO         5693    x$fpl$dleqf         fz_ws.l(dleqf.o)
    0x0800a854   0x0800a854   0x00000154   Code   RO         5695    x$fpl$dmul          fz_ws.l(dmul.o)
    0x0800a9a8   0x0800a9a8   0x0000009c   Code   RO         5882    x$fpl$dnaninf       fz_ws.l(dnaninf.o)
    0x0800aa44   0x0800aa44   0x0000000c   Code   RO         5884    x$fpl$dretinf       fz_ws.l(dretinf.o)
    0x0800aa50   0x0800aa50   0x0000006c   Code   RO         5697    x$fpl$drleqf        fz_ws.l(drleqf.o)
    0x0800aabc   0x0800aabc   0x00000016   Code   RO         5672    x$fpl$drsb          fz_ws.l(daddsub_clz.o)
    0x0800aad2   0x0800aad2   0x00000002   PAD
    0x0800aad4   0x0800aad4   0x000001cc   Code   RO         6020    x$fpl$dsqrt         fz_ws.l(dsqrt_noumaal.o)
    0x0800aca0   0x0800aca0   0x000001d4   Code   RO         5673    x$fpl$dsub          fz_ws.l(daddsub_clz.o)
    0x0800ae74   0x0800ae74   0x00000056   Code   RO         5699    x$fpl$f2d           fz_ws.l(f2d.o)
    0x0800aeca   0x0800aeca   0x00000002   PAD
    0x0800aecc   0x0800aecc   0x000000c4   Code   RO         5701    x$fpl$fadd          fz_ws.l(faddsub_clz.o)
    0x0800af90   0x0800af90   0x00000184   Code   RO         5708    x$fpl$fdiv          fz_ws.l(fdiv.o)
    0x0800b114   0x0800b114   0x0000003e   Code   RO         5711    x$fpl$ffixu         fz_ws.l(ffixu.o)
    0x0800b152   0x0800b152   0x00000002   PAD
    0x0800b154   0x0800b154   0x00000030   Code   RO         5716    x$fpl$fflt          fz_ws.l(fflt_clz.o)
    0x0800b184   0x0800b184   0x00000026   Code   RO         5715    x$fpl$ffltu         fz_ws.l(fflt_clz.o)
    0x0800b1aa   0x0800b1aa   0x00000002   PAD
    0x0800b1ac   0x0800b1ac   0x00000102   Code   RO         5721    x$fpl$fmul          fz_ws.l(fmul.o)
    0x0800b2ae   0x0800b2ae   0x0000008c   Code   RO         5886    x$fpl$fnaninf       fz_ws.l(fnaninf.o)
    0x0800b33a   0x0800b33a   0x0000000a   Code   RO         5888    x$fpl$fretinf       fz_ws.l(fretinf.o)
    0x0800b344   0x0800b344   0x000000ea   Code   RO         5703    x$fpl$fsub          fz_ws.l(faddsub_clz.o)
    0x0800b42e   0x0800b42e   0x00000004   Code   RO         5723    x$fpl$printf1       fz_ws.l(printf1.o)
    0x0800b432   0x0800b432   0x00000004   Code   RO         5890    x$fpl$printf2       fz_ws.l(printf2.o)
    0x0800b436   0x0800b436   0x00000064   Code   RO         6051    x$fpl$retnan        fz_ws.l(retnan.o)
    0x0800b49a   0x0800b49a   0x0000005c   Code   RO         5896    x$fpl$scalbn        fz_ws.l(scalbn.o)
    0x0800b4f6   0x0800b4f6   0x00000030   Code   RO         6081    x$fpl$trapveneer    fz_ws.l(trapv.o)
    0x0800b526   0x0800b526   0x00000000   Code   RO         5898    x$fpl$usenofp       fz_ws.l(usenofp.o)
    0x0800b526   0x0800b526   0x00000002   PAD
    0x0800b528   0x0800b528   0x0000003c   Data   RO         3500    .constdata          body_hw.o
    0x0800b564   0x0800b564   0x000021f0   Data   RO         3690    .constdata          oled.o
    0x0800d754   0x0800d754   0x00000038   Data   RO         3835    .constdata          irremot.o
    0x0800d78c   0x0800d78c   0x00000020   Data   RO         3913    .constdata          main.o
    0x0800d7ac   0x0800d7ac   0x00000007   Data   RO         4150    .constdata          cjson.o
    0x0800d7b3   0x0800d7b3   0x000000c0   Data   RO         4694    .constdata          base64.o
    0x0800d873   0x0800d873   0x00000100   Data   RO         5163    .constdata          ws2812b.o
    0x0800d973   0x0800d973   0x00000028   Data   RO         5607    .constdata          c_w.l(_printf_hex_int_ll_ptr.o)
    0x0800d99b   0x0800d99b   0x00000011   Data   RO         5627    .constdata          c_w.l(__printf_flags_ss_wp.o)
    0x0800d9ac   0x0800d9ac   0x00000004   PAD
    0x0800d9b0   0x0800d9b0   0x00000088   Data   RO         5731    .constdata          m_ws.l(pow.o)
    0x0800da38   0x0800da38   0x00000008   Data   RO         5793    .constdata          c_w.l(_printf_wctomb.o)
    0x0800da40   0x0800da40   0x00000008   Data   RO         5917    .constdata          m_ws.l(qnan.o)
    0x0800da48   0x0800da48   0x00000026   Data   RO         5964    .constdata          c_w.l(_printf_fp_hex.o)
    0x0800da6e   0x0800da6e   0x00000002   PAD
    0x0800da70   0x0800da70   0x00000094   Data   RO         5977    .constdata          c_w.l(bigflt0.o)
    0x0800db04   0x0800db04   0x000000be   Data   RO         3914    .conststring        main.o
    0x0800dbc2   0x0800dbc2   0x00000002   PAD
    0x0800dbc4   0x0800dbc4   0x00000047   Data   RO         4790    .conststring        onenet.o
    0x0800dc0b   0x0800dc0b   0x00000001   PAD
    0x0800dc0c   0x0800dc0c   0x00000036   Data   RO         5165    .rodata             ws2812b.o
    0x0800dc42   0x0800dc42   0x00000002   PAD
    0x0800dc44   0x0800dc44   0x00000020   Data   RO         6113    Region$$Table       anon$$obj.o
    0x0800dc64   0x0800dc64   0x00000110   Data   RO         6003    locale$$data        c_w.l(lc_ctype_c.o)
    0x0800dd74   0x0800dd74   0x0000001c   Data   RO         6006    locale$$data        c_w.l(lc_numeric_c.o)


    Execution Region RW_IRAM1 (Exec base: 0x20000000, Load base: 0x0800dd90, Size: 0x00004888, Max: 0x00005000, ABSOLUTE)

    Exec Addr    Load Addr    Size         Type   Attr      Idx    E Section Name        Object

    0x20000000   0x0800dd90   0x00000014   Data   RW           28    .data               system_stm32f10x.o
    0x20000014   0x0800dda4   0x00000014   Data   RW         1805    .data               stm32f10x_rcc.o
    0x20000028   0x0800ddb8   0x00000002   Data   RW         3437    .data               pwm.o
    0x2000002a   0x0800ddba   0x00000008   Data   RW         3836    .data               irremot.o
    0x20000032   0x0800ddc2   0x00000002   PAD
    0x20000034   0x0800ddc4   0x00000028   Data   RW         3915    .data               main.o
    0x2000005c   0x0800ddec   0x0000000c   Data   RW         4151    .data               cjson.o
    0x20000068   0x0800ddf8   0x00000004   Data   RW         4458    .data               esp8266.o
    0x2000006c   0x0800ddfc   0x00000080   Data   RW         4791    .data               onenet.o
    0x200000ec   0x0800de7c   0x00000020   Data   RW         5164    .data               ws2812b.o
    0x2000010c        -       0x00000480   Zero   RW         3689    .bss                oled.o
    0x2000058c        -       0x00000200   Zero   RW         3912    .bss                main.o
    0x2000078c        -       0x00000200   Zero   RW         4457    .bss                esp8266.o
    0x2000098c        -       0x00003899   Zero   RW         5162    .bss                ws2812b.o
    0x20004225   0x0800de9c   0x00000003   PAD
    0x20004228        -       0x00000060   Zero   RW         5929    .bss                c_w.l(libspace.o)
    0x20004288        -       0x00000200   Zero   RW            2    HEAP                startup_stm32f10x_md.o
    0x20004488        -       0x00000400   Zero   RW            1    STACK               startup_stm32f10x_md.o


==============================================================================

Image component sizes


      Code (inc. data)   RO Data    RW Data    ZI Data      Debug   Object Name

       160          8          0          0          0       1015   adcx.o
       688          8        192          0          0       3304   base64.o
       124         10         60          0          0       1542   body_hw.o
      2176         82          7         12          0      10861   cjson.o
         0          0          0          0          0       4524   core_cm3.o
        70          0          0          0          0        826   delay.o
       450         26          0          0          0       4173   dht11.o
       692        240          0          4        512       4343   esp8266.o
      1120         30          0          0          0       4039   hmac_sha1.o
      1288         32         56          8          0       7711   irremot.o
         0          0          0          0          0     232012   key.o
        24          0          0          0          0        379   led.o
       238         26          0          0          0       2155   lightsensor.o
       984        276        222         40        512       3914   main.o
       132         22          0          0          0     213479   misc.o
      2672         26          0          0          0      16028   mqttkit.o
      1638         76       8688          0       1152      10030   oled.o
      6960       2504         71        128          0      20284   onenet.o
       196         20          0          2          0       1628   pwm.o
        64         26        236          0       1536        776   startup_stm32f10x_md.o
       936         40          0          0          0       4350   stepmotor.o
       394         10          0          0          0      17641   stm32f10x_adc.o
       178         18          0          0          0      14187   stm32f10x_dma.o
       304          0          0          0          0      11488   stm32f10x_gpio.o
       320        260          0          0          0       3701   stm32f10x_it.o
       332         44          0         20          0      13609   stm32f10x_rcc.o
       994         92          0          0          0      30086   stm32f10x_tim.o
       450          6          0          0          0      11439   stm32f10x_usart.o
       328         28          0         20          0      45053   system_stm32f10x.o
       498         22          0          0          0       4281   usart.o
      5610        584        310         32      14489     273905   ws2812b.o

    ----------------------------------------------------------------------
     30066       4516       9879        268      18204     972763   Object Totals
         0          0         32          0          0          0   (incl. Generated)
        46          0          5          2          3          0   (incl. Padding)

    ----------------------------------------------------------------------

      Code (inc. data)   RO Data    RW Data    ZI Data      Debug   Library Member Name

        56          6          0          0          0         88   __2snprintf.o
        44          6          0          0          0         84   __2sprintf.o
         8          0          0          0          0         68   __main.o
       392          4         17          0          0         92   __printf_flags_ss_wp.o
        14          0          0          0          0         68   __printf_wp.o
         0          0          0          0          0          0   __rtentry.o
        12          0          0          0          0          0   __rtentry2.o
         6          0          0          0          0          0   __rtentry4.o
        52          8          0          0          0          0   __scatter.o
        26          0          0          0          0          0   __scatter_copy.o
        28          0          0          0          0          0   __scatter_zi.o
        28          0          0          0          0         68   _chval.o
         6          0          0          0          0          0   _printf_a.o
         6          0          0          0          0          0   _printf_c.o
        44          0          0          0          0        108   _printf_char.o
        48          6          0          0          0         96   _printf_char_common.o
        40          0          0          0          0         68   _printf_charcount.o
         6          0          0          0          0          0   _printf_d.o
       120         16          0          0          0         92   _printf_dec.o
         6          0          0          0          0          0   _printf_e.o
         6          0          0          0          0          0   _printf_f.o
      1054          0          0          0          0        216   _printf_fp_dec.o
       764          8         38          0          0        100   _printf_fp_hex.o
       128         16          0          0          0         84   _printf_fp_infnan.o
         6          0          0          0          0          0   _printf_g.o
       148          4         40          0          0        160   _printf_hex_int_ll_ptr.o
         6          0          0          0          0          0   _printf_i.o
       178          0          0          0          0         88   _printf_intcommon.o
        10          0          0          0          0          0   _printf_l.o
         6          0          0          0          0          0   _printf_lc.o
        10          0          0          0          0          0   _printf_ll.o
         6          0          0          0          0          0   _printf_lld.o
         6          0          0          0          0          0   _printf_lli.o
         6          0          0          0          0          0   _printf_llo.o
         6          0          0          0          0          0   _printf_llu.o
         6          0          0          0          0          0   _printf_llx.o
       124         16          0          0          0         92   _printf_longlong_dec.o
         6          0          0          0          0          0   _printf_ls.o
         6          0          0          0          0          0   _printf_n.o
         6          0          0          0          0          0   _printf_o.o
       112         10          0          0          0        124   _printf_oct_int_ll.o
         6          0          0          0          0          0   _printf_p.o
        78          0          0          0          0        108   _printf_pad.o
         0          0          0          0          0          0   _printf_percent.o
         4          0          0          0          0          0   _printf_percent_end.o
         6          0          0          0          0          0   _printf_s.o
        82          0          0          0          0         80   _printf_str.o
        36          0          0          0          0         84   _printf_truncate.o
         6          0          0          0          0          0   _printf_u.o
        44          0          0          0          0        108   _printf_wchar.o
       188          6          8          0          0         92   _printf_wctomb.o
         6          0          0          0          0          0   _printf_x.o
        22          0          0          0          0        100   _rserrno.o
        16          0          0          0          0         68   _snputc.o
        10          0          0          0          0         68   _sputc.o
       158          0          0          0          0         92   _strtoul.o
        64          0          0          0          0         92   _wcrtomb.o
        26          0          0          0          0         80   atoi.o
       228          4        148          0          0         96   bigflt0.o
      1936        128          0          0          0        672   btod.o
        10          0          0          0          0         68   defsig_exit.o
        50          0          0          0          0         88   defsig_general.o
        80         58          0          0          0         76   defsig_rtmem_inner.o
        14          0          0          0          0         80   defsig_rtmem_outer.o
        18          0          0          0          0         80   exit.o
        94          0          0          0          0         80   h1_alloc.o
        52          0          0          0          0         68   h1_extend.o
        78          0          0          0          0         80   h1_free.o
        14          0          0          0          0         84   h1_init.o
         6          0          0          0          0        152   heapauxi.o
         4          0          0          0          0        136   hguard.o
         0          0          0          0          0          0   indicate_semi.o
       138          0          0          0          0        168   init_alloc.o
        44         10        272          0          0         76   lc_ctype_c.o
        44         10         28          0          0         76   lc_numeric_c.o
         2          0          0          0          0          0   libinit.o
        38          0          0          0          0          0   libinit2.o
         2          0          0          0          0          0   libshutdown.o
         2          0          0          0          0          0   libshutdown2.o
         8          4          0          0         96         68   libspace.o
       138          0          0          0          0         80   lludiv10.o
         0          0          0          0          0          0   maybetermalloc1.o
        16          4          0          0          0         76   rt_ctype_table.o
         8          4          0          0          0         68   rt_errno_addr_intlibspace.o
         8          4          0          0          0         68   rt_heap_descriptor_intlibspace.o
         8          4          0          0          0         68   rt_locale_intlibspace.o
        68          0          0          0          0         68   rt_memclr.o
        78          0          0          0          0         80   rt_memclr_w.o
       138          0          0          0          0         68   rt_memcpy_v6.o
       100          0          0          0          0         80   rt_memcpy_w.o
         2          0          0          0          0          0   rtexit.o
        10          0          0          0          0          0   rtexit2.o
        24          0          0          0          0         68   strcat.o
        20          0          0          0          0         68   strchr.o
       128          0          0          0          0         68   strcmpv7m.o
        62          0          0          0          0         76   strlen.o
        36          0          0          0          0         76   strncat.o
       150          0          0          0          0         80   strncmp.o
        36          0          0          0          0         80   strstr.o
       112          0          0          0          0         88   strtol.o
        12          4          0          0          0         68   sys_exit.o
        74          0          0          0          0         80   sys_stackheap_outer.o
        14          0          0          0          0         76   sys_wrch.o
        26          0          0          0          0         76   tolower.o
         2          0          0          0          0         68   use_no_semi.o
        52          4          0          0          0         80   vsnprintf.o
       826         16          0          0          0        348   daddsub_clz.o
        16          4          0          0          0         68   dcheck1.o
        24          0          0          0          0         68   dcmpi.o
       688        140          0          0          0        208   ddiv.o
        94          4          0          0          0         92   dfix.o
        90          4          0          0          0         92   dfixu.o
        46          0          0          0          0         68   dflt_clz.o
       120          4          0          0          0         92   dleqf.o
       340         12          0          0          0        104   dmul.o
       156          4          0          0          0         92   dnaninf.o
        12          0          0          0          0         68   dretinf.o
       108          0          0          0          0         80   drleqf.o
       460         56          0          0          0        120   dsqrt_noumaal.o
        86          4          0          0          0         84   f2d.o
       430          8          0          0          0        168   faddsub_clz.o
       388         76          0          0          0         96   fdiv.o
        62          4          0          0          0         84   ffixu.o
        86          0          0          0          0        136   fflt_clz.o
       258          4          0          0          0         84   fmul.o
       140          4          0          0          0         84   fnaninf.o
        10          0          0          0          0         68   fretinf.o
         4          0          0          0          0         68   printf1.o
         4          0          0          0          0         68   printf2.o
       100          0          0          0          0         68   retnan.o
        92          0          0          0          0         68   scalbn.o
        48          0          0          0          0         68   trapv.o
         0          0          0          0          0          0   usenofp.o
        62         10          0          0          0        340   dunder.o
        40          0          0          0          0         68   fpclassify.o
       170          0          0          0          0         96   poly.o
      2520        190        136          0          0        324   pow.o
         0          0          8          0          0          0   qnan.o
        76          0          0          0          0         84   sqrt.o

    ----------------------------------------------------------------------
     16074        888        701          0         96      10080   Library Totals
        40          0          6          0          0          0   (incl. Padding)

    ----------------------------------------------------------------------

      Code (inc. data)   RO Data    RW Data    ZI Data      Debug   Library Name

      8478        344        551          0         96       6524   c_w.l
      4688        344          0          0          0       2644   fz_ws.l
      2868        200        144          0          0        912   m_ws.l

    ----------------------------------------------------------------------
     16074        888        701          0         96      10080   Library Totals

    ----------------------------------------------------------------------

==============================================================================


      Code (inc. data)   RO Data    RW Data    ZI Data      Debug   

     46140       5404      10580        268      18300     964951   Grand Totals
     46140       5404      10580        268      18300     964951   ELF Image Totals
     46140       5404      10580        268          0          0   ROM Totals

==============================================================================

    Total RO  Size (Code + RO Data)                56720 (  55.39kB)
    Total RW  Size (RW Data + ZI Data)             18568 (  18.13kB)
    Total ROM Size (Code + RO Data + RW Data)      56988 (  55.65kB)

==============================================================================

